<html>
<body>
<pre>
<h1>µVision Build Log</h1>
<h2>Tool Versions:</h2>
IDE-Version: µVision V5.15
Copyright (C) 2015 ARM Ltd and ARM Germany GmbH. All rights reserved.
License Information: ECE-MCGILL MCGILL ECE-MCGILL Flex license: MDK-ARM Professional: 100 user(s) (mdk_pro) Operation stops: 1 Sep 2016
 
Tool Versions:
Toolchain:       MDK-ARM Professional: 100 user(s)  Version: 5.15.0
Toolchain Path:  C:\Keil_v5\ARM\ARMCC\Bin
C Compiler:      Armcc.exe V5.05 update 2 (build 169)
Assembler:       Armasm.exe V5.05 update 2 (build 169)
Linker/Locator:  ArmLink.exe V5.05 update 2 (build 169)
Library Manager: ArmAr.exe V5.05 update 2 (build 169)
Hex Converter:   FromElf.exe V5.05 update 2 (build 169)
CPU DLL:         SARMCM3.DLL V5.15.0
Dialog DLL:      DCM.DLL V1.13.2.0
Target DLL:      STLink\ST-LINKIII-KEIL_SWO.dll V2.0.15.0_KEIL
Dialog DLL:      TCM.DLL V1.14.5.0
 
<h2>Project:</h2>
C:\zzz\ECSE426_Project\Discovery_Project\Blinky.uvprojx
Project File Date:  04/13/2016

<h2>Output:</h2>
*** Using Compiler 'V5.05 update 2 (build 169)', folder: 'C:\Keil_v5\ARM\ARMCC\Bin'
Build target 'Lab4'
compiling main.c...
Sources\Thread_TempSensor.h(25): warning:  #1-D: last line of file ends without a newline
  #endif
Sources\Thread_Accelerometer.h(105): warning:  #1-D: last line of file ends without a newline
  #endif
Sources\Thread_UserInterface.h(35): warning:  #1295-D: Deprecated declaration resetPins - give arg types
  void resetPins();
Sources\Thread_UserInterface.h(52): warning:  #1-D: last line of file ends without a newline
  #endif
Sources\Thread_SPICommunication.h(36): warning:  #1295-D: Deprecated declaration SPI2_ISR - give arg types
  void SPI2_ISR();
Sources\Thread_SPICommunication.h(55): warning:  #1-D: last line of file ends without a newline
  #endif
Sources\main.h(44): warning:  #1-D: last line of file ends without a newline
  #endif
Sources\main.c: 7 warnings, 0 errors
compiling Thread_TempSensor.c...
Sources\Thread_TempSensor.h(25): warning:  #1-D: last line of file ends without a newline
  #endif
Sources\Thread_TempSensor.c(35): warning:  #550-D: variable "Status_TempSensor" was set but never used
        osEvent Status_TempSensor;
Sources\Thread_TempSensor.c: 2 warnings, 0 errors
compiling Thread_Accelerometer.c...
Sources\Thread_Accelerometer.h(105): warning:  #1-D: last line of file ends without a newline
  #endif
Sources\Thread_Accelerometer.c(48): warning:  #550-D: variable "Status_Accelerometer" was set but never used
        osEvent Status_Accelerometer;
Sources\Thread_Accelerometer.c(144): warning:  #1035-D: single-precision operand implicitly converted to double-precision
        accel.x = Ax*
CC11 + Ay*ACC12 + Az*ACC13 + ACC10;
Sources\Thread_Accelerometer.c(145): warning:  #1035-D: single-precision operand implicitly converted to double-precision
        accel.y = Ax*
CC21 + Ay*
CC22 + Az*ACC23 + ACC20;
Sources\Thread_Accelerometer.c(146): warning:  #1035-D: single-precision operand implicitly converted to double-precision
        accel.z = Ax*
CC31 + Ay*
CC32 + Az*
CC33 + ACC30;
Sources\Thread_Accelerometer.c(184): warning:  #1035-D: single-precision operand implicitly converted to double-precision
        return 90.0 - 
EGREES(acos(accel.z/1000.0));
Sources\Thread_Accelerometer.c(235): warning:  #1-D: last line of file ends without a newline
  }
Sources\Thread_Accelerometer.c: 7 warnings, 0 errors
compiling Thread_UserInterface.c...
Sources\Thread_UserInterface.h(35): warning:  #1295-D: Deprecated declaration resetPins - give arg types
  void resetPins();
Sources\Thread_UserInterface.h(52): warning:  #1-D: last line of file ends without a newline
  #endif
Sources\Thread_UserInterface.c: 2 warnings, 0 errors
compiling Thread_SPICommunication.c...
Sources\Thread_SPICommunication.h(36): warning:  #1295-D: Deprecated declaration SPI2_ISR - give arg types
  void SPI2_ISR();
Sources\Thread_SPICommunication.h(55): warning:  #1-D: last line of file ends without a newline
  #endif
Sources\Thread_SPICommunication.c(46): warning:  #1035-D: single-precision operand implicitly converted to double-precision
        tempDecimalValue = (int)((input*(100.0)) - ((float)tempIntegerValue*100.0));
Sources\Thread_SPICommunication.c(46): warning:  #1035-D: single-precision operand implicitly converted to double-precision
        tempDecimalValue = (int)((input*(100.0)) - ((float)tempIntegerValue*100.0));
Sources\Thread_SPICommunication.c(71): warning:  #177-D: variable "i" was declared but never referenced
        int i;
Sources\Thread_SPICommunication.c(104): warning:  #550-D: variable "roll" was set but never used
        float temperature, pitch, roll;
Sources\Thread_SPICommunication.c(105): warning:  #550-D: variable "doubleTap" was set but never used
        int doubleTap;
Sources\Thread_SPICommunication.c(106): warning:  #177-D: variable "ledState" was declared but never referenced
        uint8_t ledState;
Sources\Thread_SPICommunication.c(188): warning:  #513-D: a value of type "void (*)()" cannot be assigned to an entity of type "void (*)(struct __SPI_HandleTypeDef *)"
        NucleoSpiHandle.RxISR                     = SPI2_ISR;
Sources\Thread_SPICommunication.c: 9 warnings, 0 errors
linking...
Program Size: Code=52772 RO-data=980 RW-data=184 ZI-data=8280  
".\Objects\Blinky.axf" - 0 Error(s), 27 Warning(s).

<h2>Software Packages used:</h2>

Package Vendor: ARM
                http://www.keil.com/pack/ARM.CMSIS.4.5.0.pack
                ::CMSIS:RTOS:1.0 (API)
                CMSIS (Cortex Microcontroller Software Interface Standard)
   * Component: RTOS Version: 1.0
   * Component: CORE Version: 4.3.0
   * Component: DSP Version: 1.4.6
   * Component: Keil RTX Version: 4.80.0

Package Vendor: Keil
                http://www.keil.com/pack/Keil.STM32F4xx_DFP.2.7.0.pack
                ::Device:STM32Cube Framework (API)
                STMicroelectronics STM32F4 Series Device Support, Drivers and Examples
   * Component: STM32Cube Framework Version: 
   * Component: Startup Version: 2.4.2
   * Component: Classic Version: 1.4.2
   * Component: Common Version: 1.4.2
   * Component: ADC Version: 1.4.2
   * Component: Cortex Version: 1.4.2
   * Component: DMA Version: 1.4.2
   * Component: GPIO Version: 1.4.2
   * Component: PWR Version: 1.4.2
   * Component: RCC Version: 1.4.2
   * Component: SPI Version: 1.4.2
   * Component: TIM Version: 1.4.2
   * Component: UART Version: 1.4.2
   * Component: USART Version: 1.4.2

<h2>Collection of Component include folders:</h2>
  C:\zzz\ECSE426_Project\Discovery_Project\RTE
  C:\zzz\ECSE426_Project\Discovery_Project\RTE\Device\STM32F407VGTx
  C:\Keil_v5\ARM\PACK\ARM\CMSIS\4.5.0\CMSIS\Include
  C:\Keil_v5\ARM\PACK\ARM\CMSIS\4.5.0\CMSIS\RTOS\RTX\INC
  C:\Keil_v5\ARM\PACK\Keil\STM32F4xx_DFP\2.7.0\Drivers\CMSIS\Device\ST\STM32F4xx\Include
  C:\Keil_v5\ARM\PACK\Keil\STM32F4xx_DFP\2.7.0\Drivers\STM32F4xx_HAL_Driver\Inc

<h2>Collection of Component Files used:</h2>

   * Component: ::CMSIS:RTOS:1.0 (API)

   * Component: ARM::CMSIS:CORE:4.3.0

   * Component: ARM::CMSIS:DSP:1.4.6
      Include file:  CMSIS\Include\arm_math.h
      Library file:  CMSIS\Lib\ARM\arm_cortexM4lf_math.lib

   * Component: ARM::CMSIS:RTOS:Keil RTX:4.80.0
      Include file:  CMSIS\RTOS\RTX\INC\cmsis_os.h
      Source file:   CMSIS\RTOS\RTX\Templates\RTX_Conf_CM.c
      Include file:  CMSIS\RTOS\RTX\UserCodeTemplates\osObjects.h
      Source file:   CMSIS\RTOS\RTX\UserCodeTemplates\main.c
      Source file:   CMSIS\RTOS\RTX\UserCodeTemplates\MailQueue.c
      Source file:   CMSIS\RTOS\RTX\UserCodeTemplates\MemPool.c
      Source file:   CMSIS\RTOS\RTX\UserCodeTemplates\MsgQueue.c
      Source file:   CMSIS\RTOS\RTX\UserCodeTemplates\Mutex.c
      Source file:   CMSIS\RTOS\RTX\UserCodeTemplates\Semaphore.c
      Source file:   CMSIS\RTOS\RTX\UserCodeTemplates\Thread.c
      Source file:   CMSIS\RTOS\RTX\UserCodeTemplates\Timer.c
      Source file:   CMSIS\RTOS\RTX\SRC\ARM\SVC_Table.s
      Library file:  CMSIS\RTOS\RTX\LIB\ARM\RTX_CM4.lib

   * Component: ::Device:STM32Cube Framework (API)

   * Component: Keil::Device:Startup:2.4.2
      Source file:   MDK\Device\Source\ARM\STM32F40xxx_41xxx_OPT.s
      Source file:   MDK\Device\Source\ARM\STM32F4xx_OTP.s
      Include file:  Drivers\CMSIS\Device\ST\STM32F4xx\Include\stm32f4xx.h
      Source file:   Drivers\CMSIS\Device\ST\STM32F4xx\Source\Templates\arm\startup_stm32f407xx.s
      Source file:   Drivers\CMSIS\Device\ST\STM32F4xx\Source\Templates\system_stm32f4xx.c

   * Component: Keil::Device:STM32Cube Framework:Classic:1.4.2
      Include file:  CMSIS\Driver\Config\RTE_Device.h
      Include file:  MDK\Templates\Inc\stm32f4xx_hal_conf.h
      Source file:   MDK\Templates\Src\stm32f4xx_hal_msp.c
      Include file:  MDK\Templates\Inc\stm32f4xx_it.h
      Source file:   MDK\Templates\Src\stm32f4xx_it.c
      Include file:  MDK\Templates\Inc\main.h
      Source file:   MDK\Templates\Src\main.c

   * Component: Keil::Device:STM32Cube HAL:Common:1.4.2
      Include file:  Drivers\STM32F4xx_HAL_Driver\Inc\stm32f4xx_hal.h
      Source file:   Drivers\STM32F4xx_HAL_Driver\Src\stm32f4xx_hal.c

   * Component: Keil::Device:STM32Cube HAL:ADC:1.4.2
      Source file:   Drivers\STM32F4xx_HAL_Driver\Src\stm32f4xx_hal_adc.c
      Source file:   Drivers\STM32F4xx_HAL_Driver\Src\stm32f4xx_hal_adc_ex.c

   * Component: Keil::Device:STM32Cube HAL:Cortex:1.4.2
      Source file:   Drivers\STM32F4xx_HAL_Driver\Src\stm32f4xx_hal_cortex.c

   * Component: Keil::Device:STM32Cube HAL:DMA:1.4.2
      Source file:   Drivers\STM32F4xx_HAL_Driver\Src\stm32f4xx_hal_dma.c
      Source file:   Drivers\STM32F4xx_HAL_Driver\Src\stm32f4xx_hal_dma_ex.c

   * Component: Keil::Device:STM32Cube HAL:GPIO:1.4.2
      Source file:   Drivers\STM32F4xx_HAL_Driver\Src\stm32f4xx_hal_gpio.c

   * Component: Keil::Device:STM32Cube HAL:PWR:1.4.2
      Source file:   Drivers\STM32F4xx_HAL_Driver\Src\stm32f4xx_hal_pwr.c
      Source file:   Drivers\STM32F4xx_HAL_Driver\Src\stm32f4xx_hal_pwr_ex.c

   * Component: Keil::Device:STM32Cube HAL:RCC:1.4.2
      Source file:   Drivers\STM32F4xx_HAL_Driver\Src\stm32f4xx_hal_rcc.c
      Source file:   Drivers\STM32F4xx_HAL_Driver\Src\stm32f4xx_hal_rcc_ex.c

   * Component: Keil::Device:STM32Cube HAL:SPI:1.4.2
      Source file:   Drivers\STM32F4xx_HAL_Driver\Src\stm32f4xx_hal_spi.c

   * Component: Keil::Device:STM32Cube HAL:TIM:1.4.2
      Source file:   Drivers\STM32F4xx_HAL_Driver\Src\stm32f4xx_hal_tim.c
      Source file:   Drivers\STM32F4xx_HAL_Driver\Src\stm32f4xx_hal_tim_ex.c

   * Component: Keil::Device:STM32Cube HAL:UART:1.4.2
      Source file:   Drivers\STM32F4xx_HAL_Driver\Src\stm32f4xx_hal_uart.c

   * Component: Keil::Device:STM32Cube HAL:USART:1.4.2
      Source file:   Drivers\STM32F4xx_HAL_Driver\Src\stm32f4xx_hal_usart.c
</pre>
</body>
</html>
