<html>
<body>
<pre>
<h1>µVision Build Log</h1>
<h2>Tool Versions:</h2>
IDE-Version: µVision V5.15
Copyright (C) 2015 ARM Ltd and ARM Germany GmbH. All rights reserved.
License Information: ECE-MCGILL MCGILL ECE-MCGILL Flex license: MDK-ARM Professional: 100 user(s) (mdk_pro) Operation stops: 1 Sep 2016
 
Tool Versions:
Toolchain:       MDK-ARM Professional: 100 user(s)  Version: 5.15.0
Toolchain Path:  C:\Keil_v5\ARM\ARMCC\Bin
C Compiler:      Armcc.exe V5.05 update 2 (build 169)
Assembler:       Armasm.exe V5.05 update 2 (build 169)
Linker/Locator:  ArmLink.exe V5.05 update 2 (build 169)
Library Manager: ArmAr.exe V5.05 update 2 (build 169)
Hex Converter:   FromElf.exe V5.05 update 2 (build 169)
CPU DLL:         SARMCM3.DLL V5.15.0
Dialog DLL:      DCM.DLL V1.13.2.0
Target DLL:      STLink\ST-LINKIII-KEIL_SWO.dll V2.0.15.0_KEIL
Dialog DLL:      TCM.DLL V1.14.5.0
 
<h2>Project:</h2>
C:\zzz\ECSE426_Project\BLE_SampleProject\BLE_SampleProject.uvprojx
Project File Date:  04/01/2016

<h2>Output:</h2>
*** Using Compiler 'V5.05 update 2 (build 169)', folder: 'C:\Keil_v5\ARM\ARMCC\Bin'
Build target 'Application'
compiling bluenrg_interface.c...
compiling clock.c...
compiling cube_hal_f4.c...
compiling stm32xx_it.c...
compiling main.c...
Src\NucleoSPI.h(109): warning:  #1-D: last line of file ends without a newline
  #endif
Src\main.c(124): warning:  #177-D: variable "name" was declared but never referenced
    const char *name = "BlueNRG";
Src\main.c(125): warning:  #550-D: variable "SERVER_BDADDR" was set but never used
    uint8_t SERVER_BDADDR[] = {0x12, 0x34, 0x00, 0xE1, 0x80, 0x03};
Src\main.c(126): warning:  #177-D: variable "bdaddr" was declared but never referenced
    uint8_t bdaddr[BDADDR_SIZE];
Src\main.c(127): warning:  #177-D: variable "service_handle" was declared but never referenced
    uint16_t service_handle, dev_name_char_handle, appearance_char_handle;
Src\main.c(127): warning:  #177-D: variable "dev_name_char_handle" was declared but never referenced
    uint16_t service_handle, dev_name_char_handle, appearance_char_handle;
Src\main.c(127): warning:  #177-D: variable "appearance_char_handle" was declared but never referenced
    uint16_t service_handle, dev_name_char_handle, appearance_char_handle;
Src\main.c(129): warning:  #177-D: variable "NumByteToWrite" was declared but never referenced
        uint16_t NumByteToWrite;
Src\main.c(134): warning:  #177-D: variable "ret" was declared but never referenced
    int ret;  
Src\main.c: 9 warnings, 0 errors
compiling sensor_service.c...
compiling NucleoSPI.c...
Src\NucleoSPI.h(109): warning:  #1-D: last line of file ends without a newline
  #endif
Src\NucleoSPI.c(144): warning:  #177-D: variable "GPIO_InitStructure" was declared but never referenced
        GPIO_InitTypeDef GPIO_InitStructure;
Src\NucleoSPI.c: 2 warnings, 0 errors
compiling hci.c...
BLE\STM32_BlueNRG\SimpleBlueNRG_HCI\hci\hci.c(178): warning:  #223-D: function "Hal_Write_Serial" declared implicitly
    Hal_Write_Serial(data1, data2, n_bytes1, n_bytes2);
BLE\STM32_BlueNRG\SimpleBlueNRG_HCI\hci\hci.c: 1 warning, 0 errors
compiling bluenrg_gap_aci.c...
compiling bluenrg_gatt_aci.c...
compiling bluenrg_hal_aci.c...
compiling bluenrg_l2cap_aci.c...
compiling bluenrg_utils_small.c...
compiling bluenrg_itf_template.c...
compiling gp_timer.c...
compiling list.c...
compiling osal.c...
compiling stm32f4xx_nucleo.c...
compiling system_stm32f4xx.c...
compiling stm32_bluenrg_ble.c...
compiling stm32f4xx_hal.c...
compiling stm32f4xx_hal_adc.c...
compiling stm32f4xx_hal_adc_ex.c...
compiling stm32f4xx_hal_cortex.c...
compiling stm32f4xx_hal_dma.c...
compiling stm32f4xx_hal_dma_ex.c...
compiling stm32f4xx_hal_flash.c...
compiling stm32f4xx_hal_flash_ex.c...
compiling stm32f4xx_hal_gpio.c...
compiling stm32f4xx_hal_pwr.c...
compiling stm32f4xx_hal_pwr_ex.c...
compiling stm32f4xx_hal_rcc.c...
compiling stm32f4xx_hal_rcc_ex.c...
compiling stm32f4xx_hal_spi.c...
compiling stm32f4xx_hal_tim.c...
compiling stm32f4xx_hal_tim_ex.c...
assembling startup_stm32f401xe.s...
compiling retarget_io.c...
linking...
Program Size: Code=14064 RO-data=544 RW-data=112 ZI-data=3000  
".\Objects\BLE_SampleProject.axf" - 0 Error(s), 12 Warning(s).

<h2>Software Packages used:</h2>

Package Vendor: Keil
                http://www.keil.com/pack/Keil.ARM_Compiler.1.0.0.pack
                Keil::Compiler:I/O:STDOUT:ITM:1.0.0
                Keil ARM Compiler extensions
   * Component: STDOUT Variant: ITM Version: 1.0.0

<h2>Collection of Component include folders:</h2>
  C:\zzz\ECSE426_Project\BLE_SampleProject\RTE
  C:\Keil_v5\ARM\PACK\Keil\STM32F4xx_DFP\2.7.0\Drivers\CMSIS\Device\ST\STM32F4xx\Include

<h2>Collection of Component Files used:</h2>

   * Component: Keil::Compiler:I/O:STDOUT:ITM:1.0.0
      Source file:   Source\retarget_io.c
</pre>
</body>
</html>
