Component: ARM Compiler 5.05 update 2 (build 169) Tool: armlink [4d0f33]

==============================================================================

Section Cross References

    clock.o(i.Clock_Time) refers to stm32f4xx_hal.o(i.HAL_GetTick) for HAL_GetTick
    clock.o(i.Clock_Wait) refers to stm32f4xx_hal.o(i.HAL_Delay) for HAL_Delay
    cube_hal_f4.o(i.SystemClock_Config) refers to stm32f4xx_hal_rcc.o(i.HAL_RCC_OscConfig) for HAL_RCC_OscConfig
    cube_hal_f4.o(i.SystemClock_Config) refers to stm32f4xx_hal_rcc.o(i.HAL_RCC_ClockConfig) for HAL_RCC_ClockConfig
    stm32xx_it.o(i.EXTI0_IRQHandler) refers to stm32f4xx_hal_gpio.o(i.HAL_GPIO_EXTI_IRQHandler) for HAL_GPIO_EXTI_IRQHandler
    stm32xx_it.o(i.EXTI15_10_IRQHandler) refers to stm32f4xx_hal_gpio.o(i.HAL_GPIO_EXTI_IRQHandler) for HAL_GPIO_EXTI_IRQHandler
    stm32xx_it.o(i.EXTI15_10_IRQHandler) refers to stm32xx_it.o(.data) for button_event
    stm32xx_it.o(i.EXTI2_IRQHandler) refers to stm32f4xx_hal_gpio.o(i.HAL_GPIO_EXTI_IRQHandler) for HAL_GPIO_EXTI_IRQHandler
    stm32xx_it.o(i.EXTI3_IRQHandler) refers to stm32f4xx_hal_gpio.o(i.HAL_GPIO_EXTI_IRQHandler) for HAL_GPIO_EXTI_IRQHandler
    stm32xx_it.o(i.EXTI4_IRQHandler) refers to stm32f4xx_hal_gpio.o(i.HAL_GPIO_EXTI_IRQHandler) for HAL_GPIO_EXTI_IRQHandler
    stm32xx_it.o(i.SysTick_Handler) refers to stm32f4xx_hal.o(i.HAL_IncTick) for HAL_IncTick
    stm32xx_it.o(i.SysTick_Handler) refers to stm32xx_it.o(.data) for ms_counter
    main.o(i.HAL_GPIO_EXTI_Callback) refers to hci.o(i.HCI_Isr) for HCI_Isr
    main.o(i.HAL_SPI_MspInit) refers to stm32f4xx_hal_gpio.o(i.HAL_GPIO_Init) for HAL_GPIO_Init
    main.o(i.HAL_SPI_MspInit) refers to stm32f4xx_hal_gpio.o(i.HAL_GPIO_WritePin) for HAL_GPIO_WritePin
    main.o(i.HAL_SPI_MspInit) refers to stm32f4xx_hal_cortex.o(i.HAL_NVIC_SetPriority) for HAL_NVIC_SetPriority
    main.o(i.HAL_SPI_MspInit) refers to stm32f4xx_hal_cortex.o(i.HAL_NVIC_EnableIRQ) for HAL_NVIC_EnableIRQ
    main.o(i.User_Process) refers to sensor_service.o(i.setConnectable) for setConnectable
    main.o(i.User_Process) refers to sensor_service.o(i.Temp_Update) for Temp_Update
    main.o(i.User_Process) refers to sensor_service.o(i.Pitch_Update) for Pitch_Update
    main.o(i.User_Process) refers to sensor_service.o(i.Roll_Update) for Roll_Update
    main.o(i.User_Process) refers to sensor_service.o(.data) for set_connectable
    main.o(i.User_Process) refers to main.o(.data) for temperature
    main.o(i.main) refers to _printf_percent.o(.ARM.Collect$$_printf_percent$$00000000) for _printf_percent
    main.o(i.main) refers to _printf_d.o(.ARM.Collect$$_printf_percent$$00000009) for _printf_d
    main.o(i.main) refers to _printf_dec.o(.text) for _printf_int_dec
    main.o(i.main) refers to stm32f4xx_hal.o(i.HAL_Init) for HAL_Init
    main.o(i.main) refers to cube_hal_f4.o(i.SystemClock_Config) for SystemClock_Config
    main.o(i.main) refers to dopecoms.o(i.DopeComs_Config) for DopeComs_Config
    main.o(i.main) refers to stm32_bluenrg_ble.o(i.BNRG_SPI_Init) for BNRG_SPI_Init
    main.o(i.main) refers to hci.o(i.HCI_Init) for HCI_Init
    main.o(i.main) refers to stm32_bluenrg_ble.o(i.BlueNRG_RST) for BlueNRG_RST
    main.o(i.main) refers to bluenrg_utils_small.o(i.getBlueNRGVersion) for getBlueNRGVersion
    main.o(i.main) refers to noretval__2printf.o(.text) for __2printf
    main.o(i.main) refers to osal.o(i.Osal_MemCpy) for Osal_MemCpy
    main.o(i.main) refers to bluenrg_hal_aci.o(i.aci_hal_write_config_data) for aci_hal_write_config_data
    main.o(i.main) refers to bluenrg_gatt_aci.o(i.aci_gatt_init) for aci_gatt_init
    main.o(i.main) refers to bluenrg_gap_aci.o(i.aci_gap_init_IDB05A1) for aci_gap_init_IDB05A1
    main.o(i.main) refers to bluenrg_gap_aci.o(i.aci_gap_init_IDB04A1) for aci_gap_init_IDB04A1
    main.o(i.main) refers to strlen.o(.text) for strlen
    main.o(i.main) refers to bluenrg_gatt_aci.o(i.aci_gatt_update_char_value) for aci_gatt_update_char_value
    main.o(i.main) refers to bluenrg_gap_aci.o(i.aci_gap_set_auth_requirement) for aci_gap_set_auth_requirement
    main.o(i.main) refers to sensor_service.o(i.Add_Sensor_Service) for Add_Sensor_Service
    main.o(i.main) refers to sensor_service.o(i.Add_Led_Service) for Add_Led_Service
    main.o(i.main) refers to bluenrg_hal_aci.o(i.aci_hal_set_tx_power_level) for aci_hal_set_tx_power_level
    main.o(i.main) refers to stm32f4xx_hal_gpio.o(i.HAL_GPIO_ReadPin) for HAL_GPIO_ReadPin
    main.o(i.main) refers to dopecoms.o(i.Master_Communication) for Master_Communication
    main.o(i.main) refers to hci.o(i.HCI_Process) for HCI_Process
    main.o(i.main) refers to main.o(i.User_Process) for User_Process
    main.o(i.main) refers to main.o(.data) for bnrg_expansion_board
    sensor_service.o(i.Add_Led_Service) refers to bluenrg_gatt_aci.o(i.aci_gatt_add_serv) for aci_gatt_add_serv
[...]
    i.us150Delay                             0x0800561e   Section        0  stm32_bluenrg_ble.o(i.us150Delay)
    us150Delay                               0x0800561f   Thumb Code    28  stm32_bluenrg_ble.o(i.us150Delay)
    x$fpl$basic                              0x0800563a   Section       24  basic.o(x$fpl$basic)
    $v0                                      0x0800563a   Number         0  basic.o(x$fpl$basic)
    x$fpl$d2f                                0x08005654   Section       98  d2f.o(x$fpl$d2f)
    $v0                                      0x08005654   Number         0  d2f.o(x$fpl$d2f)
    x$fpl$dadd                               0x080056b8   Section      336  daddsub_clz.o(x$fpl$dadd)
    $v0                                      0x080056b8   Number         0  daddsub_clz.o(x$fpl$dadd)
    _dadd1                                   0x080056c9   Thumb Code     0  daddsub_clz.o(x$fpl$dadd)
    x$fpl$dcheck1                            0x08005808   Section       16  dcheck1.o(x$fpl$dcheck1)
    $v0                                      0x08005808   Number         0  dcheck1.o(x$fpl$dcheck1)
    x$fpl$dcmpinf                            0x08005818   Section       24  dcmpi.o(x$fpl$dcmpinf)
    $v0                                      0x08005818   Number         0  dcmpi.o(x$fpl$dcmpinf)
    x$fpl$ddiv                               0x08005830   Section      688  ddiv.o(x$fpl$ddiv)
    $v0                                      0x08005830   Number         0  ddiv.o(x$fpl$ddiv)
    ddiv_entry                               0x08005837   Thumb Code     0  ddiv.o(x$fpl$ddiv)
    x$fpl$dflt                               0x08005ae0   Section       46  dflt_clz.o(x$fpl$dflt)
    $v0                                      0x08005ae0   Number         0  dflt_clz.o(x$fpl$dflt)
    x$fpl$dleqf                              0x08005b10   Section      120  dleqf.o(x$fpl$dleqf)
    $v0                                      0x08005b10   Number         0  dleqf.o(x$fpl$dleqf)
    x$fpl$dmul                               0x08005b88   Section      340  dmul.o(x$fpl$dmul)
    $v0                                      0x08005b88   Number         0  dmul.o(x$fpl$dmul)
    x$fpl$dnaninf                            0x08005cdc   Section      156  dnaninf.o(x$fpl$dnaninf)
    $v0                                      0x08005cdc   Number         0  dnaninf.o(x$fpl$dnaninf)
    x$fpl$dretinf                            0x08005d78   Section       12  dretinf.o(x$fpl$dretinf)
    $v0                                      0x08005d78   Number         0  dretinf.o(x$fpl$dretinf)
    x$fpl$drleqf                             0x08005d84   Section      108  drleqf.o(x$fpl$drleqf)
    $v0                                      0x08005d84   Number         0  drleqf.o(x$fpl$drleqf)
    x$fpl$drsb                               0x08005df0   Section       22  daddsub_clz.o(x$fpl$drsb)
    $v0                                      0x08005df0   Number         0  daddsub_clz.o(x$fpl$drsb)
    x$fpl$dsqrt                              0x08005e08   Section      408  dsqrt_umaal.o(x$fpl$dsqrt)
    $v0                                      0x08005e08   Number         0  dsqrt_umaal.o(x$fpl$dsqrt)
    x$fpl$dsub                               0x08005fa0   Section      468  daddsub_clz.o(x$fpl$dsub)
    $v0                                      0x08005fa0   Number         0  daddsub_clz.o(x$fpl$dsub)
    _dsub1                                   0x08005fb1   Thumb Code     0  daddsub_clz.o(x$fpl$dsub)
    x$fpl$fpinit                             0x08006174   Section       10  fpinit.o(x$fpl$fpinit)
    $v0                                      0x08006174   Number         0  fpinit.o(x$fpl$fpinit)
    x$fpl$fretinf                            0x0800617e   Section       10  fretinf.o(x$fpl$fretinf)
    $v0                                      0x0800617e   Number         0  fretinf.o(x$fpl$fretinf)
    x$fpl$retnan                             0x08006188   Section      100  retnan.o(x$fpl$retnan)
    $v0                                      0x08006188   Number         0  retnan.o(x$fpl$retnan)
    x$fpl$scalbn                             0x080061ec   Section       92  scalbn.o(x$fpl$scalbn)
    $v0                                      0x080061ec   Number         0  scalbn.o(x$fpl$scalbn)
    x$fpl$trapveneer                         0x08006248   Section       48  trapv.o(x$fpl$trapveneer)
    $v0                                      0x08006248   Number         0  trapv.o(x$fpl$trapveneer)
    .constdata                               0x08006278   Section        4  clock.o(.constdata)
    x$fpl$usenofp                            0x08006278   Section        0  usenofp.o(x$fpl$usenofp)
    .constdata                               0x0800627c   Section       16  stm32f4xx_hal_rcc.o(.constdata)
    .constdata                               0x0800628c   Section       23  retarget_io.o(.constdata)
    .constdata                               0x080062a3   Section       40  _printf_hex_int.o(.constdata)
    uc_hextab                                0x080062a3   Data          20  _printf_hex_int.o(.constdata)
    lc_hextab                                0x080062b7   Data          20  _printf_hex_int.o(.constdata)
    .constdata                               0x080062cb   Section       17  __printf_flags_wp.o(.constdata)
    maptable                                 0x080062cb   Data          17  __printf_flags_wp.o(.constdata)
    .constdata                               0x080062e0   Section      136  pow.o(.constdata)
    bp                                       0x080062e0   Data          16  pow.o(.constdata)
    dp_h                                     0x080062f0   Data          16  pow.o(.constdata)
    dp_l                                     0x08006300   Data          16  pow.o(.constdata)
    L                                        0x08006310   Data          48  pow.o(.constdata)
    P                                        0x08006340   Data          40  pow.o(.constdata)
    .constdata                               0x08006368   Section        8  qnan.o(.constdata)
    .data                                    0x20000000   Section        5  stm32xx_it.o(.data)
    .data                                    0x20000008   Section       20  main.o(.data)
    .data                                    0x2000001c   Section       32  sensor_service.o(.data)
    .data                                    0x2000003c   Section       19  hci.o(.data)
    readPacketListFull                       0x2000004c   Data           1  hci.o(.data)
    hci_timer_id                             0x2000004d   Data           1  hci.o(.data)
    hci_timeout                              0x2000004e   Data           1  hci.o(.data)
    .data                                    0x20000050   Section       20  system_stm32f4xx.o(.data)
    .data                                    0x20000064   Section        4  stm32f4xx_hal.o(.data)
    uwTick                                   0x20000064   Data           4  stm32f4xx_hal.o(.data)
    .data                                    0x20000068   Section        4  stdio_streams.o(.data)
    .data                                    0x2000006c   Section        4  stdio_streams.o(.data)
    .data                                    0x20000070   Section        4  stdio_streams.o(.data)
    .bss                                     0x20000074   Section      700  hci.o(.bss)
    hciReadPacketBuffer                      0x20000074   Data         700  hci.o(.bss)
    .bss                                     0x20000330   Section       88  stm32_bluenrg_ble.o(.bss)
    .bss                                     0x20000388   Section       84  stdio_streams.o(.bss)
    .bss                                     0x200003dc   Section       84  stdio_streams.o(.bss)
    .bss                                     0x20000430   Section       84  stdio_streams.o(.bss)
    .bss                                     0x20000484   Section       96  libspace.o(.bss)
    HEAP                                     0x200004e8   Section      512  startup_stm32f401xe.o(HEAP)
    Heap_Mem                                 0x200004e8   Data         512  startup_stm32f401xe.o(HEAP)
    STACK                                    0x200006e8   Section     1024  startup_stm32f401xe.o(STACK)
    Stack_Mem                                0x200006e8   Data        1024  startup_stm32f401xe.o(STACK)
    __initial_sp                             0x20000ae8   Data           0  startup_stm32f401xe.o(STACK)

    Global Symbols

    Symbol Name                              Value     Ov Type        Size  Object(Section)

    BuildAttributes$$THM_ISAv4$E$P$D$K$B$S$7EM$VFPi3$EXTD16$VFPS$VFMA$PE$A:L22UL41UL21$X:L11$S22US41US21$IEEE1$IW$USESV6$~STKCKD$USESV7$~SHL$OTIME$ROPI$IEEEX$EBA8$UX$STANDARDLIB$REQ8$PRES8$EABIv2 0x00000000   Number         0  anon$$obj.o ABSOLUTE
    __ARM_use_no_argv                        0x00000000   Number         0  main.o ABSOLUTE
    _printf_flags                            0x00000000   Number         0  printf_stubs.o ABSOLUTE
    _printf_return_value                     0x00000000   Number         0  printf_stubs.o ABSOLUTE
    _printf_sizespec                         0x00000000   Number         0  printf_stubs.o ABSOLUTE
    _printf_widthprec                        0x00000000   Number         0  printf_stubs.o ABSOLUTE
    __ARM_exceptions_init                     - Undefined Weak Reference
    __alloca_initialize                       - Undefined Weak Reference
    __arm_preinit_                            - Undefined Weak Reference
    __cpp_initialize__aeabi_                  - Undefined Weak Reference
    __cxa_finalize                            - Undefined Weak Reference
    __rt_locale                               - Undefined Weak Reference
    __sigvec_lookup                           - Undefined Weak Reference
    __user_heap_extent                        - Undefined Weak Reference
    _atexit_init                              - Undefined Weak Reference
    _call_atexit_fns                          - Undefined Weak Reference
    _clock_init                               - Undefined Weak Reference
    _fp_trap_init                             - Undefined Weak Reference
    _fp_trap_shutdown                         - Undefined Weak Reference
    _get_lc_collate                           - Undefined Weak Reference
    _get_lc_ctype                             - Undefined Weak Reference
    _get_lc_monetary                          - Undefined Weak Reference
    _get_lc_numeric                           - Undefined Weak Reference
    _get_lc_time                              - Undefined Weak Reference
    _getenv_init                              - Undefined Weak Reference
    _handle_redirection                       - Undefined Weak Reference
    _mutex_acquire                            - Undefined Weak Reference
    _mutex_free                               - Undefined Weak Reference
    _mutex_release                            - Undefined Weak Reference
    _printf_truncate_signed                   - Undefined Weak Reference
    _printf_truncate_unsigned                 - Undefined Weak Reference
    _rand_init                                - Undefined Weak Reference
    _signal_finish                            - Undefined Weak Reference
    _signal_init                              - Undefined Weak Reference
    __Vectors_Size                           0x00000194   Number         0  startup_stm32f401xe.o ABSOLUTE
    __Vectors                                0x08000000   Data           4  startup_stm32f401xe.o(RESET)
    __Vectors_End                            0x08000194   Data           0  startup_stm32f401xe.o(RESET)
    __main                                   0x08000195   Thumb Code     8  __main.o(!!!main)
    __scatterload                            0x0800019d   Thumb Code     0  __scatter.o(!!!scatter)
    __scatterload_rt2                        0x0800019d   Thumb Code    44  __scatter.o(!!!scatter)
    __scatterload_rt2_thumb_only             0x0800019d   Thumb Code     0  __scatter.o(!!!scatter)
    __scatterload_null                       0x080001ab   Thumb Code     0  __scatter.o(!!!scatter)
    __scatterload_copy                       0x080001d1   Thumb Code    26  __scatter_copy.o(!!handler_copy)
    __scatterload_zeroinit                   0x080001ed   Thumb Code    28  __scatter_zi.o(!!handler_zi)
    _printf_i                                0x08000209   Thumb Code     0  _printf_i.o(.ARM.Collect$$_printf_percent$$00000008)
    _printf_percent                          0x08000209   Thumb Code     0  _printf_percent.o(.ARM.Collect$$_printf_percent$$00000000)
    _printf_d                                0x0800020f   Thumb Code     0  _printf_d.o(.ARM.Collect$$_printf_percent$$00000009)
    _printf_x                                0x08000215   Thumb Code     0  _printf_x.o(.ARM.Collect$$_printf_percent$$0000000C)
    _printf_percent_end                      0x0800021b   Thumb Code     0  _printf_percent_end.o(.ARM.Collect$$_printf_percent$$00000017)
    __rt_lib_init                            0x0800021f   Thumb Code     0  libinit.o(.ARM.Collect$$libinit$$00000000)
    __rt_lib_init_fp_1                       0x08000221   Thumb Code     0  libinit2.o(.ARM.Collect$$libinit$$00000001)
    __rt_lib_init_heap_2                     0x08000225   Thumb Code     0  libinit2.o(.ARM.Collect$$libinit$$00000005)
    __rt_lib_init_preinit_1                  0x08000225   Thumb Code     0  libinit2.o(.ARM.Collect$$libinit$$00000004)
    __rt_lib_init_atexit_1                   0x0800022d   Thumb Code     0  libinit2.o(.ARM.Collect$$libinit$$0000001B)
    __rt_lib_init_clock_1                    0x0800022d   Thumb Code     0  libinit2.o(.ARM.Collect$$libinit$$00000021)
    __rt_lib_init_fp_trap_1                  0x0800022d   Thumb Code     0  libinit2.o(.ARM.Collect$$libinit$$0000001F)
    __rt_lib_init_getenv_1                   0x0800022d   Thumb Code     0  libinit2.o(.ARM.Collect$$libinit$$00000023)
    __rt_lib_init_heap_1                     0x0800022d   Thumb Code     0  libinit2.o(.ARM.Collect$$libinit$$0000000A)
    __rt_lib_init_lc_collate_1               0x0800022d   Thumb Code     0  libinit2.o(.ARM.Collect$$libinit$$00000011)
    __rt_lib_init_lc_ctype_1                 0x0800022d   Thumb Code     0  libinit2.o(.ARM.Collect$$libinit$$00000013)
    __rt_lib_init_lc_monetary_1              0x0800022d   Thumb Code     0  libinit2.o(.ARM.Collect$$libinit$$00000015)
    __rt_lib_init_lc_numeric_1               0x0800022d   Thumb Code     0  libinit2.o(.ARM.Collect$$libinit$$00000017)
    __rt_lib_init_lc_time_1                  0x0800022d   Thumb Code     0  libinit2.o(.ARM.Collect$$libinit$$00000019)
    __rt_lib_init_rand_1                     0x0800022d   Thumb Code     0  libinit2.o(.ARM.Collect$$libinit$$0000000E)
    __rt_lib_init_signal_1                   0x0800022d   Thumb Code     0  libinit2.o(.ARM.Collect$$libinit$$0000001D)
    __rt_lib_init_stdio_2                    0x0800022d   Thumb Code     0  libinit2.o(.ARM.Collect$$libinit$$00000024)
    __rt_lib_init_user_alloc_1               0x0800022d   Thumb Code     0  libinit2.o(.ARM.Collect$$libinit$$0000000C)
    __rt_lib_init_alloca_1                   0x08000231   Thumb Code     0  libinit2.o(.ARM.Collect$$libinit$$0000002E)
    __rt_lib_init_argv_1                     0x08000231   Thumb Code     0  libinit2.o(.ARM.Collect$$libinit$$0000002C)
    __rt_lib_init_cpp_1                      0x08000231   Thumb Code     0  libinit2.o(.ARM.Collect$$libinit$$00000032)
    __rt_lib_init_exceptions_1               0x08000231   Thumb Code     0  libinit2.o(.ARM.Collect$$libinit$$00000030)
    __rt_lib_init_return                     0x08000231   Thumb Code     0  libinit2.o(.ARM.Collect$$libinit$$00000033)
    __rt_lib_init_stdio_1                    0x08000231   Thumb Code     0  libinit2.o(.ARM.Collect$$libinit$$00000025)
    __rt_lib_shutdown                        0x08000233   Thumb Code     0  libshutdown.o(.ARM.Collect$$libshutdown$$00000000)
    __rt_lib_shutdown_stdio_2                0x08000235   Thumb Code     0  libshutdown2.o(.ARM.Collect$$libshutdown$$00000002)
    __rt_lib_shutdown_fp_trap_1              0x08000239   Thumb Code     0  libshutdown2.o(.ARM.Collect$$libshutdown$$00000006)
    __rt_lib_shutdown_heap_1                 0x08000239   Thumb Code     0  libshutdown2.o(.ARM.Collect$$libshutdown$$0000000E)
    __rt_lib_shutdown_return                 0x08000239   Thumb Code     0  libshutdown2.o(.ARM.Collect$$libshutdown$$0000000F)
    __rt_lib_shutdown_signal_1               0x08000239   Thumb Code     0  libshutdown2.o(.ARM.Collect$$libshutdown$$00000009)
    __rt_lib_shutdown_stdio_1                0x08000239   Thumb Code     0  libshutdown2.o(.ARM.Collect$$libshutdown$$00000003)
    __rt_lib_shutdown_user_alloc_1           0x08000239   Thumb Code     0  libshutdown2.o(.ARM.Collect$$libshutdown$$0000000B)
    __rt_entry                               0x0800023b   Thumb Code     0  __rtentry.o(.ARM.Collect$$rtentry$$00000000)
    __rt_entry_presh_1                       0x0800023b   Thumb Code     0  __rtentry2.o(.ARM.Collect$$rtentry$$00000002)
    __rt_entry_sh                            0x0800023b   Thumb Code     0  __rtentry4.o(.ARM.Collect$$rtentry$$00000004)
    __rt_entry_li                            0x08000241   Thumb Code     0  __rtentry2.o(.ARM.Collect$$rtentry$$0000000A)
    __rt_entry_postsh_1                      0x08000241   Thumb Code     0  __rtentry2.o(.ARM.Collect$$rtentry$$00000009)
    __rt_entry_main                          0x08000245   Thumb Code     0  __rtentry2.o(.ARM.Collect$$rtentry$$0000000D)
    __rt_entry_postli_1                      0x08000245   Thumb Code     0  __rtentry2.o(.ARM.Collect$$rtentry$$0000000C)
    __rt_exit                                0x0800024d   Thumb Code     0  rtexit.o(.ARM.Collect$$rtexit$$00000000)
    __rt_exit_ls                             0x0800024f   Thumb Code     0  rtexit2.o(.ARM.Collect$$rtexit$$00000003)
    __rt_exit_prels_1                        0x0800024f   Thumb Code     0  rtexit2.o(.ARM.Collect$$rtexit$$00000002)
    __rt_exit_exit                           0x08000253   Thumb Code     0  rtexit2.o(.ARM.Collect$$rtexit$$00000004)
    Reset_Handler                            0x08000259   Thumb Code     8  startup_stm32f401xe.o(.text)
    _maybe_terminate_alloc                   0x08000259   Thumb Code     0  maybetermalloc1.o(.emb_text)
    MemManage_Handler                        0x08000265   Thumb Code     2  startup_stm32f401xe.o(.text)
    BusFault_Handler                         0x08000267   Thumb Code     2  startup_stm32f401xe.o(.text)
    UsageFault_Handler                       0x08000269   Thumb Code     2  startup_stm32f401xe.o(.text)
    ADC_IRQHandler                           0x08000273   Thumb Code     0  startup_stm32f401xe.o(.text)
    DMA1_Stream0_IRQHandler                  0x08000273   Thumb Code     0  startup_stm32f401xe.o(.text)
    DMA1_Stream1_IRQHandler                  0x08000273   Thumb Code     0  startup_stm32f401xe.o(.text)
    DMA1_Stream2_IRQHandler                  0x08000273   Thumb Code     0  startup_stm32f401xe.o(.text)
    DMA1_Stream3_IRQHandler                  0x08000273   Thumb Code     0  startup_stm32f401xe.o(.text)
    DMA1_Stream4_IRQHandler                  0x08000273   Thumb Code     0  startup_stm32f401xe.o(.text)
    DMA1_Stream5_IRQHandler                  0x08000273   Thumb Code     0  startup_stm32f401xe.o(.text)
    DMA1_Stream6_IRQHandler                  0x08000273   Thumb Code     0  startup_stm32f401xe.o(.text)
    DMA1_Stream7_IRQHandler                  0x08000273   Thumb Code     0  startup_stm32f401xe.o(.text)
    DMA2_Stream0_IRQHandler                  0x08000273   Thumb Code     0  startup_stm32f401xe.o(.text)
    DMA2_Stream1_IRQHandler                  0x08000273   Thumb Code     0  startup_stm32f401xe.o(.text)
    DMA2_Stream2_IRQHandler                  0x08000273   Thumb Code     0  startup_stm32f401xe.o(.text)
    DMA2_Stream3_IRQHandler                  0x08000273   Thumb Code     0  startup_stm32f401xe.o(.text)
    DMA2_Stream4_IRQHandler                  0x08000273   Thumb Code     0  startup_stm32f401xe.o(.text)
    DMA2_Stream5_IRQHandler                  0x08000273   Thumb Code     0  startup_stm32f401xe.o(.text)
    DMA2_Stream6_IRQHandler                  0x08000273   Thumb Code     0  startup_stm32f401xe.o(.text)
    DMA2_Stream7_IRQHandler                  0x08000273   Thumb Code     0  startup_stm32f401xe.o(.text)
    EXTI1_IRQHandler                         0x08000273   Thumb Code     0  startup_stm32f401xe.o(.text)
    EXTI9_5_IRQHandler                       0x08000273   Thumb Code     0  startup_stm32f401xe.o(.text)
    FLASH_IRQHandler                         0x08000273   Thumb Code     0  startup_stm32f401xe.o(.text)
    FPU_IRQHandler                           0x08000273   Thumb Code     0  startup_stm32f401xe.o(.text)
    I2C1_ER_IRQHandler                       0x08000273   Thumb Code     0  startup_stm32f401xe.o(.text)
    I2C1_EV_IRQHandler                       0x08000273   Thumb Code     0  startup_stm32f401xe.o(.text)
    I2C2_ER_IRQHandler                       0x08000273   Thumb Code     0  startup_stm32f401xe.o(.text)
    I2C2_EV_IRQHandler                       0x08000273   Thumb Code     0  startup_stm32f401xe.o(.text)
    I2C3_ER_IRQHandler                       0x08000273   Thumb Code     0  startup_stm32f401xe.o(.text)
    I2C3_EV_IRQHandler                       0x08000273   Thumb Code     0  startup_stm32f401xe.o(.text)
    OTG_FS_IRQHandler                        0x08000273   Thumb Code     0  startup_stm32f401xe.o(.text)
    OTG_FS_WKUP_IRQHandler                   0x08000273   Thumb Code     0  startup_stm32f401xe.o(.text)
    PVD_IRQHandler                           0x08000273   Thumb Code     0  startup_stm32f401xe.o(.text)
    RCC_IRQHandler                           0x08000273   Thumb Code     0  startup_stm32f401xe.o(.text)
    RTC_Alarm_IRQHandler                     0x08000273   Thumb Code     0  startup_stm32f401xe.o(.text)
    RTC_WKUP_IRQHandler                      0x08000273   Thumb Code     0  startup_stm32f401xe.o(.text)
    SDIO_IRQHandler                          0x08000273   Thumb Code     0  startup_stm32f401xe.o(.text)
    SPI1_IRQHandler                          0x08000273   Thumb Code     0  startup_stm32f401xe.o(.text)
    SPI2_IRQHandler                          0x08000273   Thumb Code     0  startup_stm32f401xe.o(.text)
    SPI3_IRQHandler                          0x08000273   Thumb Code     0  startup_stm32f401xe.o(.text)
    SPI4_IRQHandler                          0x08000273   Thumb Code     0  startup_stm32f401xe.o(.text)
    TAMP_STAMP_IRQHandler                    0x08000273   Thumb Code     0  startup_stm32f401xe.o(.text)
    TIM1_BRK_TIM9_IRQHandler                 0x08000273   Thumb Code     0  startup_stm32f401xe.o(.text)
    TIM1_CC_IRQHandler                       0x08000273   Thumb Code     0  startup_stm32f401xe.o(.text)
    TIM1_TRG_COM_TIM11_IRQHandler            0x08000273   Thumb Code     0  startup_stm32f401xe.o(.text)
    TIM1_UP_TIM10_IRQHandler                 0x08000273   Thumb Code     0  startup_stm32f401xe.o(.text)
    TIM2_IRQHandler                          0x08000273   Thumb Code     0  startup_stm32f401xe.o(.text)
    TIM3_IRQHandler                          0x08000273   Thumb Code     0  startup_stm32f401xe.o(.text)
    TIM4_IRQHandler                          0x08000273   Thumb Code     0  startup_stm32f401xe.o(.text)
    TIM5_IRQHandler                          0x08000273   Thumb Code     0  startup_stm32f401xe.o(.text)
    USART1_IRQHandler                        0x08000273   Thumb Code     0  startup_stm32f401xe.o(.text)
    USART2_IRQHandler                        0x08000273   Thumb Code     0  startup_stm32f401xe.o(.text)
    USART6_IRQHandler                        0x08000273   Thumb Code     0  startup_stm32f401xe.o(.text)
    WWDG_IRQHandler                          0x08000273   Thumb Code     0  startup_stm32f401xe.o(.text)
    __user_initial_stackheap                 0x08000275   Thumb Code     0  startup_stm32f401xe.o(.text)
    __2printf                                0x08000299   Thumb Code    20  noretval__2printf.o(.text)
    _printf_pre_padding                      0x080002b1   Thumb Code    44  _printf_pad.o(.text)
    _printf_post_padding                     0x080002dd   Thumb Code    34  _printf_pad.o(.text)
    _printf_int_dec                          0x08000301   Thumb Code   104  _printf_dec.o(.text)
    _printf_int_hex                          0x08000379   Thumb Code    84  _printf_hex_int.o(.text)
    _printf_longlong_hex                     0x08000379   Thumb Code     0  _printf_hex_int.o(.text)
    __printf                                 0x080003d1   Thumb Code   308  __printf_flags_wp.o(.text)
    strlen                                   0x08000509   Thumb Code    62  strlen.o(.text)
    memcpy                                   0x08000547   Thumb Code     8  memcpy.o(.text)
    memset                                   0x0800054f   Thumb Code    22  memset.o(.text)
    strcmp                                   0x08000565   Thumb Code   128  strcmpv7m.o(.text)
    __use_two_region_memory                  0x080005e5   Thumb Code     2  heapauxi.o(.text)
    __rt_heap_escrow                         0x080005e7   Thumb Code     2  heapauxi.o(.text)
    __rt_heap_expand                         0x080005e9   Thumb Code     2  heapauxi.o(.text)
    __read_errno                             0x080005eb   Thumb Code    10  _rserrno.o(.text)
    __set_errno                              0x080005f5   Thumb Code    12  _rserrno.o(.text)
    _printf_int_common                       0x08000601   Thumb Code   178  _printf_intcommon.o(.text)
    _printf_char_file                        0x080006b5   Thumb Code    32  _printf_char_file.o(.text)
    __aeabi_memcpy                           0x080006d9   Thumb Code     0  rt_memcpy_v6.o(.text)
    __rt_memcpy                              0x080006d9   Thumb Code   138  rt_memcpy_v6.o(.text)
    _memcpy_lastbytes                        0x0800073f   Thumb Code     0  rt_memcpy_v6.o(.text)
    __aeabi_memclr                           0x08000763   Thumb Code     0  rt_memclr.o(.text)
    __rt_memclr                              0x08000763   Thumb Code    68  rt_memclr.o(.text)
    _memset                                  0x08000767   Thumb Code     0  rt_memclr.o(.text)
    __aeabi_errno_addr                       0x080007a9   Thumb Code     8  rt_errno_addr_intlibspace.o(.text)
    __errno$intlibspace                      0x080007a9   Thumb Code     0  rt_errno_addr_intlibspace.o(.text)
    __rt_errno_addr$intlibspace              0x080007a9   Thumb Code     0  rt_errno_addr_intlibspace.o(.text)
    _printf_char_common                      0x080007bb   Thumb Code    32  _printf_char_common.o(.text)
    ferror                                   0x080007e1   Thumb Code     8  ferror.o(.text)
    _initio                                  0x080007e9   Thumb Code   210  initio.o(.text)
    _terminateio                             0x080008bb   Thumb Code    56  initio.o(.text)
    __aeabi_memcpy4                          0x08000921   Thumb Code     0  rt_memcpy_w.o(.text)
    __aeabi_memcpy8                          0x08000921   Thumb Code     0  rt_memcpy_w.o(.text)
    __rt_memcpy_w                            0x08000921   Thumb Code   100  rt_memcpy_w.o(.text)
    _memcpy_lastbytes_aligned                0x08000969   Thumb Code     0  rt_memcpy_w.o(.text)
    __aeabi_memclr4                          0x08000985   Thumb Code     0  rt_memclr_w.o(.text)
    __aeabi_memclr8                          0x08000985   Thumb Code     0  rt_memclr_w.o(.text)
    __rt_memclr_w                            0x08000985   Thumb Code    78  rt_memclr_w.o(.text)
    _memset_w                                0x08000989   Thumb Code     0  rt_memclr_w.o(.text)
    __user_libspace                          0x080009d5   Thumb Code     8  libspace.o(.text)
    __user_perproc_libspace                  0x080009d5   Thumb Code     0  libspace.o(.text)
    __user_perthread_libspace                0x080009d5   Thumb Code     0  libspace.o(.text)
    __user_setup_stackheap                   0x080009dd   Thumb Code    74  sys_stackheap_outer.o(.text)
    free                                     0x08000a27   Thumb Code    78  h1_free.o(.text)
    setvbuf                                  0x08000a75   Thumb Code    70  setvbuf.o(.text)
    freopen                                  0x08000abd   Thumb Code   158  fopen.o(.text)
    fopen                                    0x08000b5b   Thumb Code    74  fopen.o(.text)
    _fclose_internal                         0x08000ba9   Thumb Code    76  fclose.o(.text)
    fclose                                   0x08000ba9   Thumb Code     0  fclose.o(.text)
    exit                                     0x08000bf5   Thumb Code    12  exit.o(.text)
    __rt_SIGRTRED                            0x08000c01   Thumb Code    14  defsig_rtred_outer.o(.text)
    __rt_heap_descriptor                     0x08000c11   Thumb Code     8  rt_heap_descriptor_intlibspace.o(.text)
    __use_no_heap                            0x08000c19   Thumb Code     2  hguard.o(.text)
    __heap$guard                             0x08000c1b   Thumb Code     2  hguard.o(.text)
    _terminate_user_alloc                    0x08000c1d   Thumb Code     2  init_alloc.o(.text)
    _init_user_alloc                         0x08000c1f   Thumb Code     2  init_alloc.o(.text)
    __Heap_Full                              0x08000c21   Thumb Code    34  init_alloc.o(.text)
    __Heap_Broken                            0x08000c43   Thumb Code     6  init_alloc.o(.text)
    _init_alloc                              0x08000c49   Thumb Code    94  init_alloc.o(.text)
    malloc                                   0x08000ca7   Thumb Code    94  h1_alloc.o(.text)
    _fseek                                   0x08000d05   Thumb Code   242  fseek.o(.text)
    fseek                                    0x08000d05   Thumb Code     0  fseek.o(.text)
    _seterr                                  0x08000dfd   Thumb Code    20  stdio.o(.text)
    _writebuf                                0x08000e11   Thumb Code    84  stdio.o(.text)
    _fflush                                  0x08000e65   Thumb Code    70  stdio.o(.text)
    _deferredlazyseek                        0x08000eab   Thumb Code    60  stdio.o(.text)
    __sig_exit                               0x08000eed   Thumb Code    10  defsig_exit.o(.text)
    __rt_SIGRTRED_inner                      0x08000ef9   Thumb Code    14  defsig_rtred_inner.o(.text)
    _sys_exit                                0x08000f2d   Thumb Code     8  sys_exit.o(.text)
    __Heap_Initialize                        0x08000f39   Thumb Code    10  h1_init.o(.text)
    __Heap_DescSize                          0x08000f43   Thumb Code     4  h1_init.o(.text)
    __Heap_ProvideMemory                     0x08000f47   Thumb Code    52  h1_extend.o(.text)
    _ftell_internal                          0x08000f7b   Thumb Code    66  ftell.o(.text)
    ftell                                    0x08000f7b   Thumb Code     0  ftell.o(.text)
    __default_signal_display                 0x08000fbd   Thumb Code    50  defsig_general.o(.text)
    __rt_SIGRTMEM                            0x08000fef   Thumb Code    14  defsig_rtmem_outer.o(.text)
    _ttywrch                                 0x08000ffd   Thumb Code    14  sys_wrch.o(.text)
    __I$use$semihosting                      0x0800100b   Thumb Code     0  use_no_semi.o(.text)
    __use_no_semihosting_swi                 0x0800100b   Thumb Code     2  use_no_semi.o(.text)
    __rt_SIGRTMEM_inner                      0x0800100d   Thumb Code    22  defsig_rtmem_inner.o(.text)
    __semihosting_library_function           0x0800100d   Thumb Code     0  indicate_semi.o(.text)
    Add_Led_Service                          0x0800105d   Thumb Code   378  sensor_service.o(i.Add_Led_Service)
    Add_Sensor_Service                       0x08001225   Thumb Code   850  sensor_service.o(i.Add_Sensor_Service)
    Attribute_Modified_CB                    0x08001611   Thumb Code    60  sensor_service.o(i.Attribute_Modified_CB)
    BNRG_SPI_Init                            0x0800166d   Thumb Code    56  stm32_bluenrg_ble.o(i.BNRG_SPI_Init)
    BlueNRG_DataPresent                      0x080016ad   Thumb Code    20  stm32_bluenrg_ble.o(i.BlueNRG_DataPresent)
    BlueNRG_RST                              0x080016c5   Thumb Code    38  stm32_bluenrg_ble.o(i.BlueNRG_RST)
    BlueNRG_SPI_Read_All                     0x080016f1   Thumb Code   154  stm32_bluenrg_ble.o(i.BlueNRG_SPI_Read_All)
    BlueNRG_SPI_Write                        0x08001799   Thumb Code   176  stm32_bluenrg_ble.o(i.BlueNRG_SPI_Write)
    Clear_SPI_EXTI_Flag                      0x0800185d   Thumb Code     8  stm32_bluenrg_ble.o(i.Clear_SPI_EXTI_Flag)
    Clock_Time                               0x08001869   Thumb Code     8  clock.o(i.Clock_Time)
    DebugMon_Handler                         0x08001871   Thumb Code     2  stm32xx_it.o(i.DebugMon_Handler)
    Disable_SPI_IRQ                          0x08001873   Thumb Code    10  stm32_bluenrg_ble.o(i.Disable_SPI_IRQ)
    DopeComs_Config                          0x0800187d   Thumb Code   200  dopecoms.o(i.DopeComs_Config)
    EXTI0_IRQHandler                         0x08001955   Thumb Code    10  stm32xx_it.o(i.EXTI0_IRQHandler)
    EXTI15_10_IRQHandler                     0x08001961   Thumb Code    18  stm32xx_it.o(i.EXTI15_10_IRQHandler)
    EXTI2_IRQHandler                         0x08001979   Thumb Code    10  stm32xx_it.o(i.EXTI2_IRQHandler)
    EXTI3_IRQHandler                         0x08001983   Thumb Code    10  stm32xx_it.o(i.EXTI3_IRQHandler)
    EXTI4_IRQHandler                         0x0800198d   Thumb Code    10  stm32xx_it.o(i.EXTI4_IRQHandler)
    Enable_SPI_IRQ                           0x08001997   Thumb Code    10  stm32_bluenrg_ble.o(i.Enable_SPI_IRQ)
    GAP_ConnectionComplete_CB                0x080019a1   Thumb Code    50  sensor_service.o(i.GAP_ConnectionComplete_CB)
    GAP_DisconnectionComplete_CB             0x08001a05   Thumb Code    28  sensor_service.o(i.GAP_DisconnectionComplete_CB)
    HAL_Delay                                0x08001a3d   Thumb Code    26  stm32f4xx_hal.o(i.HAL_Delay)
    HAL_GPIO_EXTI_Callback                   0x08001a57   Thumb Code    14  main.o(i.HAL_GPIO_EXTI_Callback)
    HAL_GPIO_EXTI_IRQHandler                 0x08001a65   Thumb Code    24  stm32f4xx_hal_gpio.o(i.HAL_GPIO_EXTI_IRQHandler)
    HAL_GPIO_Init                            0x08001a81   Thumb Code   432  stm32f4xx_hal_gpio.o(i.HAL_GPIO_Init)
    HAL_GPIO_ReadPin                         0x08001c51   Thumb Code    16  stm32f4xx_hal_gpio.o(i.HAL_GPIO_ReadPin)
    HAL_GPIO_WritePin                        0x08001c61   Thumb Code    12  stm32f4xx_hal_gpio.o(i.HAL_GPIO_WritePin)
    HAL_GetTick                              0x08001c6d   Thumb Code     6  stm32f4xx_hal.o(i.HAL_GetTick)
    HAL_IncTick                              0x08001c79   Thumb Code    12  stm32f4xx_hal.o(i.HAL_IncTick)
    HAL_Init                                 0x08001c89   Thumb Code    54  stm32f4xx_hal.o(i.HAL_Init)
    HAL_InitTick                             0x08001cc5   Thumb Code    36  stm32f4xx_hal.o(i.HAL_InitTick)
    HAL_MspInit                              0x08001ce9   Thumb Code     2  stm32f4xx_hal.o(i.HAL_MspInit)
    HAL_NVIC_DisableIRQ                      0x08001ced   Thumb Code    22  stm32f4xx_hal_cortex.o(i.HAL_NVIC_DisableIRQ)
    HAL_NVIC_EnableIRQ                       0x08001d09   Thumb Code    26  stm32f4xx_hal_cortex.o(i.HAL_NVIC_EnableIRQ)
    HAL_NVIC_SetPriority                     0x08001d23   Thumb Code   124  stm32f4xx_hal_cortex.o(i.HAL_NVIC_SetPriority)
    HAL_NVIC_SetPriorityGrouping             0x08001da1   Thumb Code    32  stm32f4xx_hal_cortex.o(i.HAL_NVIC_SetPriorityGrouping)
    HAL_RCC_ClockConfig                      0x08001dc9   Thumb Code   680  stm32f4xx_hal_rcc.o(i.HAL_RCC_ClockConfig)
    HAL_RCC_GetHCLKFreq                      0x08002079   Thumb Code    42  stm32f4xx_hal_rcc.o(i.HAL_RCC_GetHCLKFreq)
    HAL_RCC_GetSysClockFreq                  0x080020b1   Thumb Code   168  stm32f4xx_hal_rcc.o(i.HAL_RCC_GetSysClockFreq)
    HAL_RCC_OscConfig                        0x08002165   Thumb Code  1028  stm32f4xx_hal_rcc.o(i.HAL_RCC_OscConfig)
    HAL_SPI_Init                             0x08002569   Thumb Code   136  stm32f4xx_hal_spi.o(i.HAL_SPI_Init)
    HAL_SPI_MspInit                          0x080025f1   Thumb Code   410  main.o(i.HAL_SPI_MspInit)
    HAL_SPI_TransmitReceive                  0x0800279d   Thumb Code   850  stm32f4xx_hal_spi.o(i.HAL_SPI_TransmitReceive)
    HAL_SYSTICK_Config                       0x08002aef   Thumb Code    52  stm32f4xx_hal_cortex.o(i.HAL_SYSTICK_Config)
    HCI_Event_CB                             0x08002b23   Thumb Code   122  sensor_service.o(i.HCI_Event_CB)
    HCI_Init                                 0x08002b9d   Thumb Code    48  hci.o(i.HCI_Init)
    HCI_Isr                                  0x08002bd9   Thumb Code   118  hci.o(i.HCI_Isr)
    HCI_Process                              0x08002c61   Thumb Code   116  hci.o(i.HCI_Process)
    HCI_Queue_Empty                          0x08002ce5   Thumb Code    10  hci.o(i.HCI_Queue_Empty)
    HCI_verify                               0x08002cf5   Thumb Code    36  hci.o(i.HCI_verify)
    Hal_Write_Serial                         0x08002d19   Thumb Code    70  stm32_bluenrg_ble.o(i.Hal_Write_Serial)
    HardFault_Handler                        0x08002d69   Thumb Code     4  stm32xx_it.o(i.HardFault_Handler)
    ITM_SendChar                             0x08002d6d   Thumb Code    42  retarget_io.o(i.ITM_SendChar)
    Master_Communication                     0x08002d9d   Thumb Code    98  dopecoms.o(i.Master_Communication)
    Master_Read                              0x08002e09   Thumb Code   416  dopecoms.o(i.Master_Read)
    Master_Read_Boolean                      0x08002fbd   Thumb Code    88  dopecoms.o(i.Master_Read_Boolean)
    Master_Write                             0x08003021   Thumb Code   288  dopecoms.o(i.Master_Write)
    NMI_Handler                              0x08003149   Thumb Code     2  stm32xx_it.o(i.NMI_Handler)
    Osal_MemCpy                              0x08003185   Thumb Code    20  osal.o(i.Osal_MemCpy)
    Osal_MemSet                              0x08003199   Thumb Code    20  osal.o(i.Osal_MemSet)
    PendSV_Handler                           0x080031ad   Thumb Code     2  stm32xx_it.o(i.PendSV_Handler)
    Pitch_Update                             0x080031b1   Thumb Code    42  sensor_service.o(i.Pitch_Update)
    Read_DataLines                           0x08003211   Thumb Code    90  dopecoms.o(i.Read_DataLines)
    Read_Request_CB                          0x08003271   Thumb Code    20  sensor_service.o(i.Read_Request_CB)
    Reset_DataLines                          0x08003289   Thumb Code    50  dopecoms.o(i.Reset_DataLines)
    Roll_Update                              0x080032c1   Thumb Code    42  sensor_service.o(i.Roll_Update)
    SVC_Handler                              0x08003435   Thumb Code     2  stm32xx_it.o(i.SVC_Handler)
    Set_DataLines                            0x08003439   Thumb Code   124  dopecoms.o(i.Set_DataLines)
    SysTick_Handler                          0x080034b9   Thumb Code    18  stm32xx_it.o(i.SysTick_Handler)
    SystemClock_Config                       0x080034d1   Thumb Code    66  cube_hal_f4.o(i.SystemClock_Config)
    SystemInit                               0x08003515   Thumb Code    82  system_stm32f4xx.o(i.SystemInit)
    Temp_Update                              0x08003579   Thumb Code    42  sensor_service.o(i.Temp_Update)
    Timer_Expired                            0x080035d9   Thumb Code    28  gp_timer.o(i.Timer_Expired)
    Timer_Set                                0x080035f5   Thumb Code    16  gp_timer.o(i.Timer_Set)
    User_Process                             0x08003605   Thumb Code   126  main.o(i.User_Process)
    __ARM_fpclassify                         0x0800369d   Thumb Code    48  fpclassify.o(i.__ARM_fpclassify)
    __hardfp_pow                             0x080036d9   Thumb Code  3044  pow.o(i.__hardfp_pow)
    __kernel_poly                            0x08004311   Thumb Code   248  poly.o(i.__kernel_poly)
    __mathlib_dbl_divzero                    0x08004409   Thumb Code    28  dunder.o(i.__mathlib_dbl_divzero)
    __mathlib_dbl_infnan2                    0x08004439   Thumb Code    20  dunder.o(i.__mathlib_dbl_infnan2)
    __mathlib_dbl_invalid                    0x08004451   Thumb Code    24  dunder.o(i.__mathlib_dbl_invalid)
    __mathlib_dbl_overflow                   0x08004471   Thumb Code    24  dunder.o(i.__mathlib_dbl_overflow)
    __mathlib_dbl_underflow                  0x08004491   Thumb Code    24  dunder.o(i.__mathlib_dbl_underflow)
    _is_digit                                0x080044b7   Thumb Code    14  __printf_wp.o(i._is_digit)
    _sys_close                               0x080044c5   Thumb Code    38  retarget_io.o(i._sys_close)
    _sys_flen                                0x080044eb   Thumb Code    36  retarget_io.o(i._sys_flen)
    _sys_istty                               0x0800450f   Thumb Code    36  retarget_io.o(i._sys_istty)
    _sys_open                                0x08004535   Thumb Code    80  retarget_io.o(i._sys_open)
    _sys_seek                                0x0800459d   Thumb Code    44  retarget_io.o(i._sys_seek)
    _sys_write                               0x080045c9   Thumb Code    70  retarget_io.o(i._sys_write)
    aci_gap_init_IDB04A1                     0x0800460f   Thumb Code   114  bluenrg_gap_aci.o(i.aci_gap_init_IDB04A1)
    aci_gap_init_IDB05A1                     0x08004681   Thumb Code   136  bluenrg_gap_aci.o(i.aci_gap_init_IDB05A1)
    aci_gap_set_auth_requirement             0x08004709   Thumb Code   136  bluenrg_gap_aci.o(i.aci_gap_set_auth_requirement)
    aci_gap_set_discoverable                 0x08004791   Thumb Code   268  bluenrg_gap_aci.o(i.aci_gap_set_discoverable)
    aci_gatt_add_char                        0x0800489d   Thumb Code   224  bluenrg_gatt_aci.o(i.aci_gatt_add_char)
    aci_gatt_add_char_desc                   0x0800497d   Thumb Code   274  bluenrg_gatt_aci.o(i.aci_gatt_add_char_desc)
    aci_gatt_add_serv                        0x08004a8f   Thumb Code   160  bluenrg_gatt_aci.o(i.aci_gatt_add_serv)
    aci_gatt_allow_read                      0x08004b2f   Thumb Code    72  bluenrg_gatt_aci.o(i.aci_gatt_allow_read)
    aci_gatt_init                            0x08004b77   Thumb Code    60  bluenrg_gatt_aci.o(i.aci_gatt_init)
    aci_gatt_update_char_value               0x08004bb3   Thumb Code   170  bluenrg_gatt_aci.o(i.aci_gatt_update_char_value)
    aci_hal_set_tx_power_level               0x08004c5d   Thumb Code    88  bluenrg_hal_aci.o(i.aci_hal_set_tx_power_level)
    aci_hal_write_config_data                0x08004cb5   Thumb Code   124  bluenrg_hal_aci.o(i.aci_hal_write_config_data)
    fabs                                     0x08004d31   Thumb Code    24  fabs.o(i.fabs)
    fputc                                    0x08004d49   Thumb Code    52  fput_debug.o(i.fputc)
    getBlueNRGVersion                        0x08004d81   Thumb Code    86  bluenrg_utils_small.o(i.getBlueNRGVersion)
    hci_le_read_local_version                0x08004dd7   Thumb Code   132  hci.o(i.hci_le_read_local_version)
    hci_le_set_scan_resp_data                0x08004e5b   Thumb Code   106  hci.o(i.hci_le_set_scan_resp_data)
    hci_send_cmd                             0x08004ec5   Thumb Code    60  hci.o(i.hci_send_cmd)
    hci_send_req                             0x08004f01   Thumb Code   428  hci.o(i.hci_send_req)
    hci_write                                0x080050b9   Thumb Code    28  hci.o(i.hci_write)
    list_init_head                           0x080050d5   Thumb Code     6  list.o(i.list_init_head)
    list_insert_head                         0x080050db   Thumb Code    34  list.o(i.list_insert_head)
    list_insert_tail                         0x080050fd   Thumb Code    34  list.o(i.list_insert_tail)
    list_is_empty                            0x0800511f   Thumb Code    34  list.o(i.list_is_empty)
    list_remove_head                         0x08005141   Thumb Code    42  list.o(i.list_remove_head)
    list_remove_node                         0x0800516b   Thumb Code    32  list.o(i.list_remove_node)
    main                                     0x0800518d   Thumb Code   384  main.o(i.main)
    setConnectable                           0x080054a5   Thumb Code    74  sensor_service.o(i.setConnectable)
    set_irq_as_input                         0x08005541   Thumb Code    48  stm32_bluenrg_ble.o(i.set_irq_as_input)
    set_irq_as_output                        0x08005579   Thumb Code    40  stm32_bluenrg_ble.o(i.set_irq_as_output)
    sqrt                                     0x080055a5   Thumb Code   110  sqrt.o(i.sqrt)
    __aeabi_dneg                             0x0800563b   Thumb Code     0  basic.o(x$fpl$basic)
    _dneg                                    0x0800563b   Thumb Code     6  basic.o(x$fpl$basic)
    __aeabi_fneg                             0x08005641   Thumb Code     0  basic.o(x$fpl$basic)
    _fneg                                    0x08005641   Thumb Code     6  basic.o(x$fpl$basic)
    _dabs                                    0x08005647   Thumb Code     6  basic.o(x$fpl$basic)
    _fabs                                    0x0800564d   Thumb Code     6  basic.o(x$fpl$basic)
    __aeabi_d2f                              0x08005655   Thumb Code     0  d2f.o(x$fpl$d2f)
    _d2f                                     0x08005655   Thumb Code    98  d2f.o(x$fpl$d2f)
    __aeabi_dadd                             0x080056b9   Thumb Code     0  daddsub_clz.o(x$fpl$dadd)
    _dadd                                    0x080056b9   Thumb Code   332  daddsub_clz.o(x$fpl$dadd)
    __fpl_dcheck_NaN1                        0x08005809   Thumb Code    10  dcheck1.o(x$fpl$dcheck1)
    __fpl_dcmp_Inf                           0x08005819   Thumb Code    24  dcmpi.o(x$fpl$dcmpinf)
    __aeabi_ddiv                             0x08005831   Thumb Code     0  ddiv.o(x$fpl$ddiv)
    _ddiv                                    0x08005831   Thumb Code   552  ddiv.o(x$fpl$ddiv)
    __aeabi_i2d                              0x08005ae1   Thumb Code     0  dflt_clz.o(x$fpl$dflt)
    _dflt                                    0x08005ae1   Thumb Code    46  dflt_clz.o(x$fpl$dflt)
    __aeabi_cdcmple                          0x08005b11   Thumb Code     0  dleqf.o(x$fpl$dleqf)
    _dcmple                                  0x08005b11   Thumb Code   120  dleqf.o(x$fpl$dleqf)
    __fpl_dcmple_InfNaN                      0x08005b73   Thumb Code     0  dleqf.o(x$fpl$dleqf)
    __aeabi_dmul                             0x08005b89   Thumb Code     0  dmul.o(x$fpl$dmul)
    _dmul                                    0x08005b89   Thumb Code   332  dmul.o(x$fpl$dmul)
    __fpl_dnaninf                            0x08005cdd   Thumb Code   156  dnaninf.o(x$fpl$dnaninf)
    __fpl_dretinf                            0x08005d79   Thumb Code    12  dretinf.o(x$fpl$dretinf)
    __aeabi_cdrcmple                         0x08005d85   Thumb Code     0  drleqf.o(x$fpl$drleqf)
    _drcmple                                 0x08005d85   Thumb Code   108  drleqf.o(x$fpl$drleqf)
    __aeabi_drsub                            0x08005df1   Thumb Code     0  daddsub_clz.o(x$fpl$drsb)
    _drsb                                    0x08005df1   Thumb Code    22  daddsub_clz.o(x$fpl$drsb)
    _dsqrt                                   0x08005e09   Thumb Code   404  dsqrt_umaal.o(x$fpl$dsqrt)
    __aeabi_dsub                             0x08005fa1   Thumb Code     0  daddsub_clz.o(x$fpl$dsub)
    _dsub                                    0x08005fa1   Thumb Code   464  daddsub_clz.o(x$fpl$dsub)
    _fp_init                                 0x08006175   Thumb Code    10  fpinit.o(x$fpl$fpinit)
    __fplib_config_fpu_vfp                   0x0800617d   Thumb Code     0  fpinit.o(x$fpl$fpinit)
    __fplib_config_pureend_doubles           0x0800617d   Thumb Code     0  fpinit.o(x$fpl$fpinit)
    __fpl_fretinf                            0x0800617f   Thumb Code    10  fretinf.o(x$fpl$fretinf)
    __fpl_return_NaN                         0x08006189   Thumb Code   100  retnan.o(x$fpl$retnan)
    __ARM_scalbn                             0x080061ed   Thumb Code    92  scalbn.o(x$fpl$scalbn)
    __fpl_cmpreturn                          0x08006249   Thumb Code    48  trapv.o(x$fpl$trapveneer)
    CLOCK_SECOND                             0x08006278   Data           4  clock.o(.constdata)
    __I$use$fp                               0x08006278   Number         0  usenofp.o(x$fpl$usenofp)
    APBAHBPrescTable                         0x0800627c   Data          16  stm32f4xx_hal_rcc.o(.constdata)
    __stdin_name                             0x0800628c   Data           7  retarget_io.o(.constdata)
    __stdout_name                            0x08006293   Data           8  retarget_io.o(.constdata)
    __stderr_name                            0x0800629b   Data           8  retarget_io.o(.constdata)
    __mathlib_zero                           0x08006368   Data           8  qnan.o(.constdata)
    Region$$Table$$Base                      0x08006370   Number         0  anon$$obj.o(Region$$Table)
    Region$$Table$$Limit                     0x08006390   Number         0  anon$$obj.o(Region$$Table)
    ms_counter                               0x20000000   Data           4  stm32xx_it.o(.data)
    button_event                             0x20000004   Data           1  stm32xx_it.o(.data)
    bnrg_expansion_board                     0x20000008   Data           1  main.o(.data)
    doubleTap_flag                           0x20000009   Data           1  main.o(.data)
    ledState                                 0x2000000a   Data           2  main.o(.data)
    temperature                              0x2000000c   Data           4  main.o(.data)
    pitch                                    0x20000010   Data           4  main.o(.data)
    roll                                     0x20000014   Data           4  main.o(.data)
    debug                                    0x20000018   Data           4  main.o(.data)
    connected                                0x2000001c   Data           4  sensor_service.o(.data)
    set_connectable                          0x20000020   Data           1  sensor_service.o(.data)
    connection_handle                        0x20000022   Data           2  sensor_service.o(.data)
    notification_enabled                     0x20000024   Data           1  sensor_service.o(.data)
    sampleServHandle                         0x20000026   Data           2  sensor_service.o(.data)
    TXCharHandle                             0x20000028   Data           2  sensor_service.o(.data)
    RXCharHandle                             0x2000002a   Data           2  sensor_service.o(.data)
    ledServHandle                            0x2000002c   Data           2  sensor_service.o(.data)
    ledStateCharHandle                       0x2000002e   Data           2  sensor_service.o(.data)
    sensorServHandle                         0x20000030   Data           2  sensor_service.o(.data)
    tempCharHandle                           0x20000032   Data           2  sensor_service.o(.data)
    pitchCharHandle                          0x20000034   Data           2  sensor_service.o(.data)
    rollCharHandle                           0x20000036   Data           2  sensor_service.o(.data)
    ledStateBytes                            0x20000038   Data           4  sensor_service.o(.data)
    hciReadPktPool                           0x2000003c   Data           8  hci.o(.data)
    hciReadPktRxQueue                        0x20000044   Data           8  hci.o(.data)
    SystemCoreClock                          0x20000050   Data           4  system_stm32f4xx.o(.data)
    AHBPrescTable                            0x20000054   Data          16  system_stm32f4xx.o(.data)
    __aeabi_stdin                            0x20000068   Data           4  stdio_streams.o(.data)
    __aeabi_stdout                           0x2000006c   Data           4  stdio_streams.o(.data)
    __aeabi_stderr                           0x20000070   Data           4  stdio_streams.o(.data)
    SpiHandle                                0x20000330   Data          88  stm32_bluenrg_ble.o(.bss)
    __stdin                                  0x20000388   Data          84  stdio_streams.o(.bss)
    __stdout                                 0x200003dc   Data          84  stdio_streams.o(.bss)
    __stderr                                 0x20000430   Data          84  stdio_streams.o(.bss)
    __libspace_start                         0x20000484   Data          96  libspace.o(.bss)
    __temporary_stack_top$libspace           0x200004e4   Data           0  libspace.o(.bss)



==============================================================================

Memory Map of the image

  Image Entry point : 0x08000259

  Load Region LR_1 (Base: 0x08000000, Size: 0x00006404, Max: 0xffffffff, ABSOLUTE)

    Execution Region ER_RO (Base: 0x08000000, Size: 0x00006390, Max: 0xffffffff, ABSOLUTE)

    Base Addr    Size         Type   Attr      Idx    E Section Name        Object

    0x08000000   0x00000194   Data   RO         3738    RESET               startup_stm32f401xe.o
    0x08000194   0x00000008   Code   RO         3895  * !!!main             c_w.l(__main.o)
    0x0800019c   0x00000034   Code   RO         4312    !!!scatter          c_w.l(__scatter.o)
    0x080001d0   0x0000001a   Code   RO         4314    !!handler_copy      c_w.l(__scatter_copy.o)
    0x080001ea   0x00000002   PAD
    0x080001ec   0x0000001c   Code   RO         4316    !!handler_zi        c_w.l(__scatter_zi.o)
    0x08000208   0x00000000   Code   RO         3884    .ARM.Collect$$_printf_percent$$00000000  c_w.l(_printf_percent.o)
    0x08000208   0x00000006   Code   RO         3882    .ARM.Collect$$_printf_percent$$00000008  c_w.l(_printf_i.o)
    0x0800020e   0x00000006   Code   RO         3883    .ARM.Collect$$_printf_percent$$00000009  c_w.l(_printf_d.o)
    0x08000214   0x00000006   Code   RO         3881    .ARM.Collect$$_printf_percent$$0000000C  c_w.l(_printf_x.o)
    0x0800021a   0x00000004   Code   RO         3926    .ARM.Collect$$_printf_percent$$00000017  c_w.l(_printf_percent_end.o)
    0x0800021e   0x00000002   Code   RO         4126    .ARM.Collect$$libinit$$00000000  c_w.l(libinit.o)
    0x08000220   0x00000004   Code   RO         4127    .ARM.Collect$$libinit$$00000001  c_w.l(libinit2.o)
    0x08000224   0x00000000   Code   RO         4130    .ARM.Collect$$libinit$$00000004  c_w.l(libinit2.o)
    0x08000224   0x00000008   Code   RO         4131    .ARM.Collect$$libinit$$00000005  c_w.l(libinit2.o)
    0x0800022c   0x00000000   Code   RO         4133    .ARM.Collect$$libinit$$0000000A  c_w.l(libinit2.o)
    0x0800022c   0x00000000   Code   RO         4135    .ARM.Collect$$libinit$$0000000C  c_w.l(libinit2.o)
    0x0800022c   0x00000000   Code   RO         4137    .ARM.Collect$$libinit$$0000000E  c_w.l(libinit2.o)
    0x0800022c   0x00000000   Code   RO         4140    .ARM.Collect$$libinit$$00000011  c_w.l(libinit2.o)
    0x0800022c   0x00000000   Code   RO         4142    .ARM.Collect$$libinit$$00000013  c_w.l(libinit2.o)
    0x0800022c   0x00000000   Code   RO         4144    .ARM.Collect$$libinit$$00000015  c_w.l(libinit2.o)
    0x0800022c   0x00000000   Code   RO         4146    .ARM.Collect$$libinit$$00000017  c_w.l(libinit2.o)
    0x0800022c   0x00000000   Code   RO         4148    .ARM.Collect$$libinit$$00000019  c_w.l(libinit2.o)
    0x0800022c   0x00000000   Code   RO         4150    .ARM.Collect$$libinit$$0000001B  c_w.l(libinit2.o)
    0x0800022c   0x00000000   Code   RO         4152    .ARM.Collect$$libinit$$0000001D  c_w.l(libinit2.o)
    0x0800022c   0x00000000   Code   RO         4154    .ARM.Collect$$libinit$$0000001F  c_w.l(libinit2.o)
    0x0800022c   0x00000000   Code   RO         4156    .ARM.Collect$$libinit$$00000021  c_w.l(libinit2.o)
    0x0800022c   0x00000000   Code   RO         4158    .ARM.Collect$$libinit$$00000023  c_w.l(libinit2.o)
    0x0800022c   0x00000004   Code   RO         4159    .ARM.Collect$$libinit$$00000024  c_w.l(libinit2.o)
    0x08000230   0x00000000   Code   RO         4160    .ARM.Collect$$libinit$$00000025  c_w.l(libinit2.o)
    0x08000230   0x00000000   Code   RO         4164    .ARM.Collect$$libinit$$0000002C  c_w.l(libinit2.o)
    0x08000230   0x00000000   Code   RO         4166    .ARM.Collect$$libinit$$0000002E  c_w.l(libinit2.o)
    0x08000230   0x00000000   Code   RO         4168    .ARM.Collect$$libinit$$00000030  c_w.l(libinit2.o)
    0x08000230   0x00000000   Code   RO         4170    .ARM.Collect$$libinit$$00000032  c_w.l(libinit2.o)
    0x08000230   0x00000002   Code   RO         4171    .ARM.Collect$$libinit$$00000033  c_w.l(libinit2.o)
    0x08000232   0x00000002   Code   RO         4291    .ARM.Collect$$libshutdown$$00000000  c_w.l(libshutdown.o)
    0x08000234   0x00000004   Code   RO         4173    .ARM.Collect$$libshutdown$$00000002  c_w.l(libshutdown2.o)
    0x08000238   0x00000000   Code   RO         4174    .ARM.Collect$$libshutdown$$00000003  c_w.l(libshutdown2.o)
    0x08000238   0x00000000   Code   RO         4177    .ARM.Collect$$libshutdown$$00000006  c_w.l(libshutdown2.o)
    0x08000238   0x00000000   Code   RO         4180    .ARM.Collect$$libshutdown$$00000009  c_w.l(libshutdown2.o)
    0x08000238   0x00000000   Code   RO         4182    .ARM.Collect$$libshutdown$$0000000B  c_w.l(libshutdown2.o)
    0x08000238   0x00000000   Code   RO         4185    .ARM.Collect$$libshutdown$$0000000E  c_w.l(libshutdown2.o)
    0x08000238   0x00000002   Code   RO         4186    .ARM.Collect$$libshutdown$$0000000F  c_w.l(libshutdown2.o)
    0x0800023a   0x00000000   Code   RO         3919    .ARM.Collect$$rtentry$$00000000  c_w.l(__rtentry.o)
    0x0800023a   0x00000000   Code   RO         3998    .ARM.Collect$$rtentry$$00000002  c_w.l(__rtentry2.o)
    0x0800023a   0x00000006   Code   RO         4010    .ARM.Collect$$rtentry$$00000004  c_w.l(__rtentry4.o)
    0x08000240   0x00000000   Code   RO         4000    .ARM.Collect$$rtentry$$00000009  c_w.l(__rtentry2.o)
    0x08000240   0x00000004   Code   RO         4001    .ARM.Collect$$rtentry$$0000000A  c_w.l(__rtentry2.o)
    0x08000244   0x00000000   Code   RO         4003    .ARM.Collect$$rtentry$$0000000C  c_w.l(__rtentry2.o)
    0x08000244   0x00000008   Code   RO         4004    .ARM.Collect$$rtentry$$0000000D  c_w.l(__rtentry2.o)
    0x0800024c   0x00000002   Code   RO         4191    .ARM.Collect$$rtexit$$00000000  c_w.l(rtexit.o)
    0x0800024e   0x00000000   Code   RO         4239    .ARM.Collect$$rtexit$$00000002  c_w.l(rtexit2.o)
    0x0800024e   0x00000004   Code   RO         4240    .ARM.Collect$$rtexit$$00000003  c_w.l(rtexit2.o)
    0x08000252   0x00000006   Code   RO         4241    .ARM.Collect$$rtexit$$00000004  c_w.l(rtexit2.o)
    0x08000258   0x00000000   Code   RO         4245    .emb_text           c_w.l(maybetermalloc1.o)
    0x08000258   0x00000040   Code   RO         3739  * .text               startup_stm32f401xe.o
    0x08000298   0x00000018   Code   RO         3832    .text               c_w.l(noretval__2printf.o)
    0x080002b0   0x0000004e   Code   RO         3836    .text               c_w.l(_printf_pad.o)
    0x080002fe   0x00000002   PAD
    0x08000300   0x00000078   Code   RO         3838    .text               c_w.l(_printf_dec.o)
    0x08000378   0x00000058   Code   RO         3843    .text               c_w.l(_printf_hex_int.o)
    0x080003d0   0x00000138   Code   RO         3873    .text               c_w.l(__printf_flags_wp.o)
    0x08000508   0x0000003e   Code   RO         3885    .text               c_w.l(strlen.o)
    0x08000546   0x00000008   Code   RO         3887    .text               c_w.l(memcpy.o)
    0x0800054e   0x00000016   Code   RO         3889    .text               c_w.l(memset.o)
    0x08000564   0x00000080   Code   RO         3891    .text               c_w.l(strcmpv7m.o)
    0x080005e4   0x00000006   Code   RO         3893    .text               c_w.l(heapauxi.o)
    0x080005ea   0x00000016   Code   RO         3920    .text               c_w.l(_rserrno.o)
    0x08000600   0x000000b2   Code   RO         3922    .text               c_w.l(_printf_intcommon.o)
    0x080006b2   0x00000002   PAD
    0x080006b4   0x00000024   Code   RO         3924    .text               c_w.l(_printf_char_file.o)
    0x080006d8   0x0000008a   Code   RO         3933    .text               c_w.l(rt_memcpy_v6.o)
    0x08000762   0x00000044   Code   RO         3935    .text               c_w.l(rt_memclr.o)
    0x080007a6   0x00000002   PAD
    0x080007a8   0x00000008   Code   RO         4015    .text               c_w.l(rt_errno_addr_intlibspace.o)
    0x080007b0   0x00000030   Code   RO         4017    .text               c_w.l(_printf_char_common.o)
    0x080007e0   0x00000008   Code   RO         4019    .text               c_w.l(ferror.o)
    0x080007e8   0x00000138   Code   RO         4021    .text               c_w.l(initio.o)
    0x08000920   0x00000064   Code   RO         4027    .text               c_w.l(rt_memcpy_w.o)
    0x08000984   0x0000004e   Code   RO         4029    .text               c_w.l(rt_memclr_w.o)
    0x080009d2   0x00000002   PAD
    0x080009d4   0x00000008   Code   RO         4039    .text               c_w.l(libspace.o)
    0x080009dc   0x0000004a   Code   RO         4044    .text               c_w.l(sys_stackheap_outer.o)
    0x08000a26   0x0000004e   Code   RO         4048    .text               c_w.l(h1_free.o)
    0x08000a74   0x00000046   Code   RO         4104    .text               c_w.l(setvbuf.o)
    0x08000aba   0x00000002   PAD
    0x08000abc   0x000000ec   Code   RO         4107    .text               c_w.l(fopen.o)
    0x08000ba8   0x0000004c   Code   RO         4109    .text               c_w.l(fclose.o)
    0x08000bf4   0x0000000c   Code   RO         4115    .text               c_w.l(exit.o)
    0x08000c00   0x0000000e   Code   RO         4117    .text               c_w.l(defsig_rtred_outer.o)
    0x08000c0e   0x00000002   PAD
    0x08000c10   0x00000008   Code   RO         4198    .text               c_w.l(rt_heap_descriptor_intlibspace.o)
    0x08000c18   0x00000004   Code   RO         4200    .text               c_w.l(hguard.o)
    0x08000c1c   0x0000008a   Code   RO         4202    .text               c_w.l(init_alloc.o)
    0x08000ca6   0x0000005e   Code   RO         4208    .text               c_w.l(h1_alloc.o)
    0x08000d04   0x000000f8   Code   RO         4222    .text               c_w.l(fseek.o)
    0x08000dfc   0x000000f0   Code   RO         4224    .text               c_w.l(stdio.o)
    0x08000eec   0x0000000a   Code   RO         4226    .text               c_w.l(defsig_exit.o)
    0x08000ef6   0x00000002   PAD
    0x08000ef8   0x00000034   Code   RO         4228    .text               c_w.l(defsig_rtred_inner.o)
    0x08000f2c   0x0000000c   Code   RO         4236    .text               c_w.l(sys_exit.o)
    0x08000f38   0x0000000e   Code   RO         4247    .text               c_w.l(h1_init.o)
    0x08000f46   0x00000034   Code   RO         4249    .text               c_w.l(h1_extend.o)
    0x08000f7a   0x00000042   Code   RO         4255    .text               c_w.l(ftell.o)
    0x08000fbc   0x00000032   Code   RO         4259    .text               c_w.l(defsig_general.o)
    0x08000fee   0x0000000e   Code   RO         4261    .text               c_w.l(defsig_rtmem_outer.o)
    0x08000ffc   0x0000000e   Code   RO         4274    .text               c_w.l(sys_wrch.o)
    0x0800100a   0x00000002   Code   RO         4278    .text               c_w.l(use_no_semi.o)
    0x0800100c   0x00000000   Code   RO         4280    .text               c_w.l(indicate_semi.o)
    0x0800100c   0x00000050   Code   RO         4285    .text               c_w.l(defsig_rtmem_inner.o)
    0x0800105c   0x000001c8   Code   RO          428    i.Add_Led_Service   sensor_service.o
    0x08001224   0x000003ec   Code   RO          429    i.Add_Sensor_Service  sensor_service.o
    0x08001610   0x0000005c   Code   RO          430    i.Attribute_Modified_CB  sensor_service.o
    0x0800166c   0x00000040   Code   RO         1942    i.BNRG_SPI_Init     stm32_bluenrg_ble.o
    0x080016ac   0x00000018   Code   RO         1943    i.BlueNRG_DataPresent  stm32_bluenrg_ble.o
    0x080016c4   0x0000002c   Code   RO         1945    i.BlueNRG_RST       stm32_bluenrg_ble.o
    0x080016f0   0x000000a8   Code   RO         1946    i.BlueNRG_SPI_Read_All  stm32_bluenrg_ble.o
    0x08001798   0x000000c4   Code   RO         1947    i.BlueNRG_SPI_Write  stm32_bluenrg_ble.o
    0x0800185c   0x0000000c   Code   RO         1948    i.Clear_SPI_EXTI_Flag  stm32_bluenrg_ble.o
    0x08001868   0x00000008   Code   RO          148    i.Clock_Time        clock.o
    0x08001870   0x00000002   Code   RO          227    i.DebugMon_Handler  stm32xx_it.o
    0x08001872   0x0000000a   Code   RO         1950    i.Disable_SPI_IRQ   stm32_bluenrg_ble.o
    0x0800187c   0x000000d8   Code   RO          561    i.DopeComs_Config   dopecoms.o
    0x08001954   0x0000000a   Code   RO          228    i.EXTI0_IRQHandler  stm32xx_it.o
    0x0800195e   0x00000002   PAD
    0x08001960   0x00000018   Code   RO          229    i.EXTI15_10_IRQHandler  stm32xx_it.o
    0x08001978   0x0000000a   Code   RO          230    i.EXTI2_IRQHandler  stm32xx_it.o
    0x08001982   0x0000000a   Code   RO          231    i.EXTI3_IRQHandler  stm32xx_it.o
    0x0800198c   0x0000000a   Code   RO          232    i.EXTI4_IRQHandler  stm32xx_it.o
    0x08001996   0x0000000a   Code   RO         1951    i.Enable_SPI_IRQ    stm32_bluenrg_ble.o
    0x080019a0   0x00000064   Code   RO          431    i.GAP_ConnectionComplete_CB  sensor_service.o
    0x08001a04   0x00000038   Code   RO          432    i.GAP_DisconnectionComplete_CB  sensor_service.o
    0x08001a3c   0x0000001a   Code   RO         2067    i.HAL_Delay         stm32f4xx_hal.o
    0x08001a56   0x0000000e   Code   RO          325    i.HAL_GPIO_EXTI_Callback  main.o
    0x08001a64   0x0000001c   Code   RO         3024    i.HAL_GPIO_EXTI_IRQHandler  stm32f4xx_hal_gpio.o
    0x08001a80   0x000001d0   Code   RO         3025    i.HAL_GPIO_Init     stm32f4xx_hal_gpio.o
    0x08001c50   0x00000010   Code   RO         3027    i.HAL_GPIO_ReadPin  stm32f4xx_hal_gpio.o
    0x08001c60   0x0000000c   Code   RO         3029    i.HAL_GPIO_WritePin  stm32f4xx_hal_gpio.o
    0x08001c6c   0x0000000c   Code   RO         2073    i.HAL_GetTick       stm32f4xx_hal.o
    0x08001c78   0x00000010   Code   RO         2074    i.HAL_IncTick       stm32f4xx_hal.o
    0x08001c88   0x0000003c   Code   RO         2075    i.HAL_Init          stm32f4xx_hal.o
    0x08001cc4   0x00000024   Code   RO         2076    i.HAL_InitTick      stm32f4xx_hal.o
    0x08001ce8   0x00000002   Code   RO         2078    i.HAL_MspInit       stm32f4xx_hal.o
    0x08001cea   0x00000002   PAD
    0x08001cec   0x0000001c   Code   RO         2495    i.HAL_NVIC_DisableIRQ  stm32f4xx_hal_cortex.o
    0x08001d08   0x0000001a   Code   RO         2496    i.HAL_NVIC_EnableIRQ  stm32f4xx_hal_cortex.o
    0x08001d22   0x0000007c   Code   RO         2502    i.HAL_NVIC_SetPriority  stm32f4xx_hal_cortex.o
    0x08001d9e   0x00000002   PAD
    0x08001da0   0x00000028   Code   RO         2503    i.HAL_NVIC_SetPriorityGrouping  stm32f4xx_hal_cortex.o
    0x08001dc8   0x000002b0   Code   RO         3299    i.HAL_RCC_ClockConfig  stm32f4xx_hal_rcc.o
    0x08002078   0x00000038   Code   RO         3304    i.HAL_RCC_GetHCLKFreq  stm32f4xx_hal_rcc.o
    0x080020b0   0x000000b4   Code   RO         3308    i.HAL_RCC_GetSysClockFreq  stm32f4xx_hal_rcc.o
    0x08002164   0x00000404   Code   RO         3311    i.HAL_RCC_OscConfig  stm32f4xx_hal_rcc.o
    0x08002568   0x00000088   Code   RO         3455    i.HAL_SPI_Init      stm32f4xx_hal_spi.o
    0x080025f0   0x000001ac   Code   RO          326    i.HAL_SPI_MspInit   main.o
    0x0800279c   0x00000352   Code   RO         3464    i.HAL_SPI_TransmitReceive  stm32f4xx_hal_spi.o
    0x08002aee   0x00000034   Code   RO         2507    i.HAL_SYSTICK_Config  stm32f4xx_hal_cortex.o
    0x08002b22   0x0000007a   Code   RO          433    i.HCI_Event_CB      sensor_service.o
    0x08002b9c   0x0000003c   Code   RO          635    i.HCI_Init          hci.o
    0x08002bd8   0x00000088   Code   RO          636    i.HCI_Isr           hci.o
    0x08002c60   0x00000084   Code   RO          637    i.HCI_Process       hci.o
    0x08002ce4   0x00000010   Code   RO          638    i.HCI_Queue_Empty   hci.o
    0x08002cf4   0x00000024   Code   RO          639    i.HCI_verify        hci.o
    0x08002d18   0x00000050   Code   RO         1952    i.Hal_Write_Serial  stm32_bluenrg_ble.o
    0x08002d68   0x00000004   Code   RO          233    i.HardFault_Handler  stm32xx_it.o
    0x08002d6c   0x00000030   Code   RO         3744    i.ITM_SendChar      retarget_io.o
    0x08002d9c   0x0000006c   Code   RO          562    i.Master_Communication  dopecoms.o
    0x08002e08   0x000001b4   Code   RO          563    i.Master_Read       dopecoms.o
    0x08002fbc   0x00000064   Code   RO          564    i.Master_Read_Boolean  dopecoms.o
    0x08003020   0x00000128   Code   RO          565    i.Master_Write      dopecoms.o
    0x08003148   0x00000002   Code   RO          234    i.NMI_Handler       stm32xx_it.o
    0x0800314a   0x00000002   PAD
    0x0800314c   0x00000010   Code   RO         2509    i.NVIC_GetPriorityGrouping  stm32f4xx_hal_cortex.o
    0x0800315c   0x00000028   Code   RO         2510    i.NVIC_SetPriority  stm32f4xx_hal_cortex.o
    0x08003184   0x00000014   Code   RO         1696    i.Osal_MemCpy       osal.o
    0x08003198   0x00000014   Code   RO         1697    i.Osal_MemSet       osal.o
    0x080031ac   0x00000002   Code   RO          235    i.PendSV_Handler    stm32xx_it.o
    0x080031ae   0x00000002   PAD
    0x080031b0   0x00000060   Code   RO          434    i.Pitch_Update      sensor_service.o
    0x08003210   0x00000060   Code   RO          566    i.Read_DataLines    dopecoms.o
    0x08003270   0x00000018   Code   RO          435    i.Read_Request_CB   sensor_service.o
    0x08003288   0x00000038   Code   RO          567    i.Reset_DataLines   dopecoms.o
    0x080032c0   0x00000060   Code   RO          436    i.Roll_Update       sensor_service.o
    0x08003320   0x00000114   Code   RO         3486    i.SPI_WaitOnFlagUntilTimeout  stm32f4xx_hal_spi.o
    0x08003434   0x00000002   Code   RO          236    i.SVC_Handler       stm32xx_it.o
    0x08003436   0x00000002   PAD
    0x08003438   0x00000080   Code   RO          568    i.Set_DataLines     dopecoms.o
    0x080034b8   0x00000018   Code   RO          237    i.SysTick_Handler   stm32xx_it.o
    0x080034d0   0x00000042   Code   RO          199    i.SystemClock_Config  cube_hal_f4.o
    0x08003512   0x00000002   PAD
    0x08003514   0x00000064   Code   RO         1903    i.SystemInit        system_stm32f4xx.o
    0x08003578   0x00000060   Code   RO          437    i.Temp_Update       sensor_service.o
    0x080035d8   0x0000001c   Code   RO         1553    i.Timer_Expired     gp_timer.o
    0x080035f4   0x00000010   Code   RO         1557    i.Timer_Set         gp_timer.o
    0x08003604   0x00000098   Code   RO          327    i.User_Process      main.o
    0x0800369c   0x00000030   Code   RO         3980    i.__ARM_fpclassify  m_wm.l(fpclassify.o)
    0x080036cc   0x00000006   Code   RO         1592    i.__get_PRIMASK     list.o
    0x080036d2   0x00000006   PAD
    0x080036d8   0x00000c38   Code   RO         3905    i.__hardfp_pow      m_wm.l(pow.o)
    0x08004310   0x000000f8   Code   RO         3982    i.__kernel_poly     m_wm.l(poly.o)
    0x08004408   0x00000030   Code   RO         3960    i.__mathlib_dbl_divzero  m_wm.l(dunder.o)
    0x08004438   0x00000014   Code   RO         3962    i.__mathlib_dbl_infnan2  m_wm.l(dunder.o)
    0x0800444c   0x00000004   PAD
    0x08004450   0x00000020   Code   RO         3963    i.__mathlib_dbl_invalid  m_wm.l(dunder.o)
    0x08004470   0x00000020   Code   RO         3964    i.__mathlib_dbl_overflow  m_wm.l(dunder.o)
    0x08004490   0x00000020   Code   RO         3966    i.__mathlib_dbl_underflow  m_wm.l(dunder.o)
    0x080044b0   0x00000006   Code   RO         1593    i.__set_PRIMASK     list.o
    0x080044b6   0x0000000e   Code   RO         3871    i._is_digit         c_w.l(__printf_wp.o)
    0x080044c4   0x00000026   Code   RO         3745    i._sys_close        retarget_io.o
    0x080044ea   0x00000024   Code   RO         3746    i._sys_flen         retarget_io.o
    0x0800450e   0x00000024   Code   RO         3747    i._sys_istty        retarget_io.o
    0x08004532   0x00000002   PAD
    0x08004534   0x00000068   Code   RO         3748    i._sys_open         retarget_io.o
    0x0800459c   0x0000002c   Code   RO         3750    i._sys_seek         retarget_io.o
    0x080045c8   0x00000046   Code   RO         3751    i._sys_write        retarget_io.o
    0x0800460e   0x00000072   Code   RO          928    i.aci_gap_init_IDB04A1  bluenrg_gap_aci.o
    0x08004680   0x00000088   Code   RO          929    i.aci_gap_init_IDB05A1  bluenrg_gap_aci.o
    0x08004708   0x00000088   Code   RO          935    i.aci_gap_set_auth_requirement  bluenrg_gap_aci.o
    0x08004790   0x0000010c   Code   RO          940    i.aci_gap_set_discoverable  bluenrg_gap_aci.o
    0x0800489c   0x000000e0   Code   RO         1183    i.aci_gatt_add_char  bluenrg_gatt_aci.o
    0x0800497c   0x00000112   Code   RO         1184    i.aci_gatt_add_char_desc  bluenrg_gatt_aci.o
    0x08004a8e   0x000000a0   Code   RO         1185    i.aci_gatt_add_serv  bluenrg_gatt_aci.o
    0x08004b2e   0x00000048   Code   RO         1186    i.aci_gatt_allow_read  bluenrg_gatt_aci.o
    0x08004b76   0x0000003c   Code   RO         1199    i.aci_gatt_init     bluenrg_gatt_aci.o
    0x08004bb2   0x000000aa   Code   RO         1212    i.aci_gatt_update_char_value  bluenrg_gatt_aci.o
    0x08004c5c   0x00000058   Code   RO         1442    i.aci_hal_set_tx_power_level  bluenrg_hal_aci.o
    0x08004cb4   0x0000007c   Code   RO         1445    i.aci_hal_write_config_data  bluenrg_hal_aci.o
    0x08004d30   0x00000018   Code   RO         3976    i.fabs              m_wm.l(fabs.o)
    0x08004d48   0x00000038   Code   RO          529    i.fputc             fput_debug.o
    0x08004d80   0x00000056   Code   RO         1504    i.getBlueNRGVersion  bluenrg_utils_small.o
    0x08004dd6   0x00000084   Code   RO          652    i.hci_le_read_local_version  hci.o
    0x08004e5a   0x0000006a   Code   RO          663    i.hci_le_set_scan_resp_data  hci.o
    0x08004ec4   0x0000003c   Code   RO          670    i.hci_send_cmd      hci.o
    0x08004f00   0x000001b8   Code   RO          671    i.hci_send_req      hci.o
    0x080050b8   0x0000001c   Code   RO          673    i.hci_write         hci.o
    0x080050d4   0x00000006   Code   RO         1597    i.list_init_head    list.o
    0x080050da   0x00000022   Code   RO         1598    i.list_insert_head  list.o
    0x080050fc   0x00000022   Code   RO         1601    i.list_insert_tail  list.o
    0x0800511e   0x00000022   Code   RO         1602    i.list_is_empty     list.o
    0x08005140   0x0000002a   Code   RO         1603    i.list_remove_head  list.o
    0x0800516a   0x00000020   Code   RO         1604    i.list_remove_node  list.o
    0x0800518a   0x00000002   PAD
    0x0800518c   0x000002f4   Code   RO          328    i.main              main.o
    0x08005480   0x00000024   Code   RO          674    i.move_list         hci.o
    0x080054a4   0x0000009c   Code   RO          439    i.setConnectable    sensor_service.o
    0x08005540   0x00000038   Code   RO         1954    i.set_irq_as_input  stm32_bluenrg_ble.o
    0x08005578   0x0000002c   Code   RO         1955    i.set_irq_as_output  stm32_bluenrg_ble.o
    0x080055a4   0x0000006e   Code   RO         3987    i.sqrt              m_wm.l(sqrt.o)
    0x08005612   0x0000000c   Code   RO         3752    i.stdout_putchar    retarget_io.o
    0x0800561e   0x0000001c   Code   RO         1956    i.us150Delay        stm32_bluenrg_ble.o
    0x0800563a   0x00000018   Code   RO         3937    x$fpl$basic         fz_wm.l(basic.o)
    0x08005652   0x00000002   PAD
    0x08005654   0x00000062   Code   RO         3897    x$fpl$d2f           fz_wm.l(d2f.o)
    0x080056b6   0x00000002   PAD
    0x080056b8   0x00000150   Code   RO         3939    x$fpl$dadd          fz_wm.l(daddsub_clz.o)
    0x08005808   0x00000010   Code   RO         4031    x$fpl$dcheck1       fz_wm.l(dcheck1.o)
    0x08005818   0x00000018   Code   RO         4187    x$fpl$dcmpinf       fz_wm.l(dcmpi.o)
    0x08005830   0x000002b0   Code   RO         3946    x$fpl$ddiv          fz_wm.l(ddiv.o)
    0x08005ae0   0x0000002e   Code   RO         3900    x$fpl$dflt          fz_wm.l(dflt_clz.o)
    0x08005b0e   0x00000002   PAD
    0x08005b10   0x00000078   Code   RO         4033    x$fpl$dleqf         fz_wm.l(dleqf.o)
    0x08005b88   0x00000154   Code   RO         3949    x$fpl$dmul          fz_wm.l(dmul.o)
    0x08005cdc   0x0000009c   Code   RO         3951    x$fpl$dnaninf       fz_wm.l(dnaninf.o)
    0x08005d78   0x0000000c   Code   RO         4035    x$fpl$dretinf       fz_wm.l(dretinf.o)
    0x08005d84   0x0000006c   Code   RO         3953    x$fpl$drleqf        fz_wm.l(drleqf.o)
    0x08005df0   0x00000016   Code   RO         3940    x$fpl$drsb          fz_wm.l(daddsub_clz.o)
    0x08005e06   0x00000002   PAD
    0x08005e08   0x00000198   Code   RO         4037    x$fpl$dsqrt         fz_wm.l(dsqrt_umaal.o)
    0x08005fa0   0x000001d4   Code   RO         3941    x$fpl$dsub          fz_wm.l(daddsub_clz.o)
    0x08006174   0x0000000a   Code   RO         4232    x$fpl$fpinit        fz_wm.l(fpinit.o)
    0x0800617e   0x0000000a   Code   RO         3955    x$fpl$fretinf       fz_wm.l(fretinf.o)
    0x08006188   0x00000064   Code   RO         4189    x$fpl$retnan        fz_wm.l(retnan.o)
    0x080061ec   0x0000005c   Code   RO         3957    x$fpl$scalbn        fz_wm.l(scalbn.o)
    0x08006248   0x00000030   Code   RO         4234    x$fpl$trapveneer    fz_wm.l(trapv.o)
    0x08006278   0x00000000   Code   RO         3959    x$fpl$usenofp       fz_wm.l(usenofp.o)
    0x08006278   0x00000004   Data   RO          150    .constdata          clock.o
    0x0800627c   0x00000010   Data   RO         3312    .constdata          stm32f4xx_hal_rcc.o
    0x0800628c   0x00000017   Data   RO         3753    .constdata          retarget_io.o
    0x080062a3   0x00000028   Data   RO         3844    .constdata          c_w.l(_printf_hex_int.o)
    0x080062cb   0x00000011   Data   RO         3874    .constdata          c_w.l(__printf_flags_wp.o)
    0x080062dc   0x00000004   PAD
    0x080062e0   0x00000088   Data   RO         3908    .constdata          m_wm.l(pow.o)
    0x08006368   0x00000008   Data   RO         3984    .constdata          m_wm.l(qnan.o)
    0x08006370   0x00000020   Data   RO         4310    Region$$Table       anon$$obj.o


    Execution Region ER_RW (Base: 0x20000000, Size: 0x00000074, Max: 0xffffffff, ABSOLUTE)

    Base Addr    Size         Type   Attr      Idx    E Section Name        Object

    0x20000000   0x00000005   Data   RW          238    .data               stm32xx_it.o
    0x20000005   0x00000003   PAD
    0x20000008   0x00000014   Data   RW          329    .data               main.o
    0x2000001c   0x00000020   Data   RW          440    .data               sensor_service.o
    0x2000003c   0x00000013   Data   RW          676    .data               hci.o
    0x2000004f   0x00000001   PAD
    0x20000050   0x00000014   Data   RW         1904    .data               system_stm32f4xx.o
    0x20000064   0x00000004   Data   RW         2081    .data               stm32f4xx_hal.o
    0x20000068   0x00000004   Data   RW         3930    .data               c_w.l(stdio_streams.o)
    0x2000006c   0x00000004   Data   RW         3931    .data               c_w.l(stdio_streams.o)
    0x20000070   0x00000004   Data   RW         3932    .data               c_w.l(stdio_streams.o)


    Execution Region ER_ZI (Base: 0x20000074, Size: 0x00000a74, Max: 0xffffffff, ABSOLUTE)

    Base Addr    Size         Type   Attr      Idx    E Section Name        Object

    0x20000074   0x000002bc   Zero   RW          675    .bss                hci.o
    0x20000330   0x00000058   Zero   RW         1957    .bss                stm32_bluenrg_ble.o
    0x20000388   0x00000054   Zero   RW         3927    .bss                c_w.l(stdio_streams.o)
    0x200003dc   0x00000054   Zero   RW         3928    .bss                c_w.l(stdio_streams.o)
    0x20000430   0x00000054   Zero   RW         3929    .bss                c_w.l(stdio_streams.o)
    0x20000484   0x00000060   Zero   RW         4040    .bss                c_w.l(libspace.o)
    0x200004e4   0x00000004   PAD
    0x200004e8   0x00000200   Zero   RW         3737    HEAP                startup_stm32f401xe.o
    0x200006e8   0x00000400   Zero   RW         3736    STACK               startup_stm32f401xe.o


==============================================================================

Image component sizes


      Code (inc. data)   RO Data    RW Data    ZI Data      Debug   Object Name

       654          0          0          0          0       5388   bluenrg_gap_aci.o
       960          0          0          0          0       7376   bluenrg_gatt_aci.o
       212          0          0          0          0       2601   bluenrg_hal_aci.o
         0          0          0          0          0     206388   bluenrg_interface.o
        86          0          0          0          0       1636   bluenrg_utils_small.o
         8          0          4          0          0       1964   clock.o
        66          0          0          0          0        609   cube_hal_f4.o
      1436         82          0          0          0       5791   dopecoms.o
        56          4          0          0          0      28499   fput_debug.o
        44          0          0          0          0       1784   gp_timer.o
      1182         64          0         19        700      33571   hci.o
       194          0          0          0          0       6753   list.o
      1350        416          0         20          0      42152   main.o
        40          0          0          0          0       1364   osal.o
       388         30         23          0          0       6786   retarget_io.o
      2298        590          0         32          0      10582   sensor_service.o
        64         26        404          0       1536        808   startup_stm32f401xe.o
       736         78          0          0         88       8807   stm32_bluenrg_ble.o
       152         16          0          4          0       4696   stm32f4xx_hal.o
       326         28          0          0          0      30997   stm32f4xx_hal_cortex.o
       520         36          0          0          0       3702   stm32f4xx_hal_gpio.o
      1952         50         16          0          0       4849   stm32f4xx_hal_rcc.o
      1262          0          0          0          0       3593   stm32f4xx_hal_spi.o
       100         12          0          5          0       5795   stm32xx_it.o
       100         18          0         20          0       1193   system_stm32f4xx.o

    ----------------------------------------------------------------------
     14210       1450        479        104       2324     427684   Object Totals
         0          0         32          0          0          0   (incl. Generated)
        24          0          0          4          0          0   (incl. Padding)

    ----------------------------------------------------------------------

      Code (inc. data)   RO Data    RW Data    ZI Data      Debug   Library Member Name

         8          0          0          0          0         68   __main.o
       312          4         17          0          0         92   __printf_flags_wp.o
        14          0          0          0          0         68   __printf_wp.o
         0          0          0          0          0          0   __rtentry.o
        12          0          0          0          0          0   __rtentry2.o
         6          0          0          0          0          0   __rtentry4.o
        52          8          0          0          0          0   __scatter.o
        26          0          0          0          0          0   __scatter_copy.o
        28          0          0          0          0          0   __scatter_zi.o
        48          6          0          0          0         96   _printf_char_common.o
        36          4          0          0          0         80   _printf_char_file.o
         6          0          0          0          0          0   _printf_d.o
       120         16          0          0          0         92   _printf_dec.o
        88          4         40          0          0         88   _printf_hex_int.o
         6          0          0          0          0          0   _printf_i.o
       178          0          0          0          0         88   _printf_intcommon.o
        78          0          0          0          0        108   _printf_pad.o
         0          0          0          0          0          0   _printf_percent.o
         4          0          0          0          0          0   _printf_percent_end.o
         6          0          0          0          0          0   _printf_x.o
        22          0          0          0          0        100   _rserrno.o
        10          0          0          0          0         68   defsig_exit.o
        50          0          0          0          0         88   defsig_general.o
        80         58          0          0          0         76   defsig_rtmem_inner.o
        14          0          0          0          0         80   defsig_rtmem_outer.o
        52         38          0          0          0         76   defsig_rtred_inner.o
        14          0          0          0          0         80   defsig_rtred_outer.o
        12          0          0          0          0         72   exit.o
        76          0          0          0          0         88   fclose.o
         8          0          0          0          0         68   ferror.o
       236          4          0          0          0        128   fopen.o
       248          6          0          0          0         84   fseek.o
        66          0          0          0          0         76   ftell.o
        94          0          0          0          0         80   h1_alloc.o
        52          0          0          0          0         68   h1_extend.o
        78          0          0          0          0         80   h1_free.o
        14          0          0          0          0         84   h1_init.o
         6          0          0          0          0        152   heapauxi.o
         4          0          0          0          0        136   hguard.o
         0          0          0          0          0          0   indicate_semi.o
       138          0          0          0          0        168   init_alloc.o
       312         46          0          0          0        112   initio.o
         2          0          0          0          0          0   libinit.o
        18          0          0          0          0          0   libinit2.o
         2          0          0          0          0          0   libshutdown.o
         6          0          0          0          0          0   libshutdown2.o
         8          4          0          0         96         68   libspace.o
         0          0          0          0          0          0   maybetermalloc1.o
         8          0          0          0          0         76   memcpy.o
        22          0          0          0          0         76   memset.o
        24          4          0          0          0         84   noretval__2printf.o
         8          4          0          0          0         68   rt_errno_addr_intlibspace.o
         8          4          0          0          0         68   rt_heap_descriptor_intlibspace.o
        68          0          0          0          0         68   rt_memclr.o
        78          0          0          0          0         80   rt_memclr_w.o
       138          0          0          0          0         68   rt_memcpy_v6.o
       100          0          0          0          0         80   rt_memcpy_w.o
         2          0          0          0          0          0   rtexit.o
        10          0          0          0          0          0   rtexit2.o
        70          0          0          0          0         80   setvbuf.o
       240          6          0          0          0        156   stdio.o
         0          0          0         12        252          0   stdio_streams.o
       128          0          0          0          0         68   strcmpv7m.o
        62          0          0          0          0         76   strlen.o
        12          4          0          0          0         68   sys_exit.o
        74          0          0          0          0         80   sys_stackheap_outer.o
        14          0          0          0          0         76   sys_wrch.o
         2          0          0          0          0         68   use_no_semi.o
        24          0          0          0          0        164   basic.o
        98          4          0          0          0        140   d2f.o
       826         16          0          0          0        492   daddsub_clz.o
        16          4          0          0          0        116   dcheck1.o
        24          0          0          0          0        116   dcmpi.o
       688        140          0          0          0        256   ddiv.o
        46          0          0          0          0        116   dflt_clz.o
       120          4          0          0          0        140   dleqf.o
       340         12          0          0          0        152   dmul.o
       156          4          0          0          0        140   dnaninf.o
        12          0          0          0          0        116   dretinf.o
       108          0          0          0          0        128   drleqf.o
       408         56          0          0          0        168   dsqrt_umaal.o
        10          0          0          0          0        116   fpinit.o
        10          0          0          0          0        116   fretinf.o
       100          0          0          0          0        116   retnan.o
        92          0          0          0          0        116   scalbn.o
        48          0          0          0          0        116   trapv.o
         0          0          0          0          0          0   usenofp.o
       164         44          0          0          0        620   dunder.o
        24          0          0          0          0        124   fabs.o
        48          0          0          0          0        124   fpclassify.o
       248          0          0          0          0        152   poly.o
      3128        302        136          0          0        356   pow.o
         0          0          8          0          0          0   qnan.o
       110          0          0          0          0        148   sqrt.o

    ----------------------------------------------------------------------
     10594        806        205         12        352       8500   Library Totals
        28          0          4          0          4          0   (incl. Padding)

    ----------------------------------------------------------------------

      Code (inc. data)   RO Data    RW Data    ZI Data      Debug   Library Name

      3718        220         57         12        348       4152   c_w.l
      3126        240          0          0          0       2824   fz_wm.l
      3722        346        144          0          0       1524   m_wm.l

    ----------------------------------------------------------------------
     10594        806        205         12        352       8500   Library Totals

    ----------------------------------------------------------------------

==============================================================================


      Code (inc. data)   RO Data    RW Data    ZI Data      Debug   

     24804       2256        684        116       2676     419744   Grand Totals
     24804       2256        684        116       2676     419744   ELF Image Totals
     24804       2256        684        116          0          0   ROM Totals

==============================================================================

    Total RO  Size (Code + RO Data)                25488 (  24.89kB)
    Total RW  Size (RW Data + ZI Data)              2792 (   2.73kB)
    Total ROM Size (Code + RO Data + RW Data)      25604 (  25.00kB)

==============================================================================

