Component: ARM Compiler 5.05 update 2 (build 169) Tool: armlink [4d0f33]

==============================================================================

Section Cross References

    clock.o(i.Clock_Time) refers to stm32f4xx_hal.o(i.HAL_GetTick) for HAL_GetTick
    clock.o(i.Clock_Wait) refers to stm32f4xx_hal.o(i.HAL_Delay) for HAL_Delay
    cube_hal_f4.o(i.SystemClock_Config) refers to stm32f4xx_hal_rcc.o(i.HAL_RCC_OscConfig) for HAL_RCC_OscConfig
    cube_hal_f4.o(i.SystemClock_Config) refers to stm32f4xx_hal_rcc.o(i.HAL_RCC_ClockConfig) for HAL_RCC_ClockConfig
    stm32xx_it.o(i.EXTI0_IRQHandler) refers to stm32f4xx_hal_gpio.o(i.HAL_GPIO_EXTI_IRQHandler) for HAL_GPIO_EXTI_IRQHandler
    stm32xx_it.o(i.EXTI15_10_IRQHandler) refers to stm32f4xx_hal_gpio.o(i.HAL_GPIO_EXTI_IRQHandler) for HAL_GPIO_EXTI_IRQHandler
    stm32xx_it.o(i.EXTI15_10_IRQHandler) refers to stm32xx_it.o(.data) for button_event
    stm32xx_it.o(i.EXTI4_IRQHandler) refers to stm32f4xx_hal_gpio.o(i.HAL_GPIO_EXTI_IRQHandler) for HAL_GPIO_EXTI_IRQHandler
    stm32xx_it.o(i.SysTick_Handler) refers to stm32f4xx_hal.o(i.HAL_IncTick) for HAL_IncTick
    stm32xx_it.o(i.SysTick_Handler) refers to stm32xx_it.o(.data) for ms_counter
    main.o(i.HAL_GPIO_EXTI_Callback) refers to hci.o(i.HCI_Isr) for HCI_Isr
    main.o(i.HAL_GPIO_EXTI_Callback) refers to main.o(.data) for DISCOVERY_SPI_FLAG
    main.o(i.HAL_SPI_MspInit) refers to stm32f4xx_hal_gpio.o(i.HAL_GPIO_Init) for HAL_GPIO_Init
    main.o(i.HAL_SPI_MspInit) refers to stm32f4xx_hal_gpio.o(i.HAL_GPIO_WritePin) for HAL_GPIO_WritePin
    main.o(i.HAL_SPI_MspInit) refers to stm32f4xx_hal_cortex.o(i.HAL_NVIC_SetPriority) for HAL_NVIC_SetPriority
    main.o(i.HAL_SPI_MspInit) refers to stm32f4xx_hal_cortex.o(i.HAL_NVIC_EnableIRQ) for HAL_NVIC_EnableIRQ
    main.o(i.User_Process) refers to sensor_service.o(i.setConnectable) for setConnectable
    main.o(i.User_Process) refers to stm32f4xx_nucleo.o(i.BSP_PB_GetState) for BSP_PB_GetState
    main.o(i.User_Process) refers to sensor_service.o(i.Acc_Update) for Acc_Update
    main.o(i.User_Process) refers to sensor_service.o(.data) for set_connectable
    main.o(i.main) refers to _printf_percent.o(.ARM.Collect$$_printf_percent$$00000000) for _printf_percent
    main.o(i.main) refers to _printf_d.o(.ARM.Collect$$_printf_percent$$00000009) for _printf_d
    main.o(i.main) refers to _printf_dec.o(.text) for _printf_int_dec
    main.o(i.main) refers to _printf_f.o(.ARM.Collect$$_printf_percent$$00000003) for _printf_f
    main.o(i.main) refers to printf1.o(x$fpl$printf1) for _printf_fp_dec
    main.o(i.main) refers to stm32f4xx_hal.o(i.HAL_Init) for HAL_Init
    main.o(i.main) refers to stm32f4xx_nucleo.o(i.BSP_PB_Init) for BSP_PB_Init
    main.o(i.main) refers to cube_hal_f4.o(i.SystemClock_Config) for SystemClock_Config
    main.o(i.main) refers to nucleospi.o(i.NucleoSPI_Config) for NucleoSPI_Config
    main.o(i.main) refers to stm32_bluenrg_ble.o(i.BNRG_SPI_Init) for BNRG_SPI_Init
    main.o(i.main) refers to hci.o(i.HCI_Init) for HCI_Init
    main.o(i.main) refers to stm32_bluenrg_ble.o(i.BlueNRG_RST) for BlueNRG_RST
    main.o(i.main) refers to bluenrg_utils_small.o(i.getBlueNRGVersion) for getBlueNRGVersion
    main.o(i.main) refers to noretval__2printf.o(.text) for __2printf
    main.o(i.main) refers to osal.o(i.Osal_MemCpy) for Osal_MemCpy
    main.o(i.main) refers to bluenrg_hal_aci.o(i.aci_hal_write_config_data) for aci_hal_write_config_data
    main.o(i.main) refers to bluenrg_gatt_aci.o(i.aci_gatt_init) for aci_gatt_init
    main.o(i.main) refers to bluenrg_gap_aci.o(i.aci_gap_init_IDB05A1) for aci_gap_init_IDB05A1
    main.o(i.main) refers to bluenrg_gap_aci.o(i.aci_gap_init_IDB04A1) for aci_gap_init_IDB04A1
    main.o(i.main) refers to strlen.o(.text) for strlen
    main.o(i.main) refers to bluenrg_gatt_aci.o(i.aci_gatt_update_char_value) for aci_gatt_update_char_value
    main.o(i.main) refers to bluenrg_gap_aci.o(i.aci_gap_set_auth_requirement) for aci_gap_set_auth_requirement
    main.o(i.main) refers to sensor_service.o(i.Add_Acc_Service) for Add_Acc_Service
    main.o(i.main) refers to sensor_service.o(i.Add_Environmental_Sensor_Service) for Add_Environmental_Sensor_Service
    main.o(i.main) refers to bluenrg_hal_aci.o(i.aci_hal_set_tx_power_level) for aci_hal_set_tx_power_level
    main.o(i.main) refers to nucleospi.o(i.Master_Communication) for Master_Communication
    main.o(i.main) refers to f2d.o(x$fpl$f2d) for __aeabi_f2d
    main.o(i.main) refers to hci.o(i.HCI_Process) for HCI_Process
    main.o(i.main) refers to main.o(i.User_Process) for User_Process
    main.o(i.main) refers to main.o(.data) for bnrg_expansion_board
    main.o(i.main) refers to sensor_service.o(.bss) for axes_data
    sensor_service.o(i.Acc_Update) refers to bluenrg_gatt_aci.o(i.aci_gatt_update_char_value) for aci_gatt_update_char_value
[...]
    uwTick                                   0x2000005c   Data           4  stm32f4xx_hal.o(.data)
    .data                                    0x20000060   Section        4  stdio_streams.o(.data)
    .data                                    0x20000064   Section        4  stdio_streams.o(.data)
    .data                                    0x20000068   Section        4  stdio_streams.o(.data)
    .bss                                     0x2000006c   Section       12  sensor_service.o(.bss)
    .bss                                     0x20000078   Section      700  hci.o(.bss)
    hciReadPacketBuffer                      0x20000078   Data         700  hci.o(.bss)
    .bss                                     0x20000334   Section       88  stm32_bluenrg_ble.o(.bss)
    .bss                                     0x2000038c   Section      228  rand.o(.bss)
    .bss                                     0x20000470   Section       84  stdio_streams.o(.bss)
    .bss                                     0x200004c4   Section       84  stdio_streams.o(.bss)
    .bss                                     0x20000518   Section       84  stdio_streams.o(.bss)
    .bss                                     0x2000056c   Section       96  libspace.o(.bss)
    HEAP                                     0x200005d0   Section      512  startup_stm32f401xe.o(HEAP)
    Heap_Mem                                 0x200005d0   Data         512  startup_stm32f401xe.o(HEAP)
    STACK                                    0x200007d0   Section     1024  startup_stm32f401xe.o(STACK)
    Stack_Mem                                0x200007d0   Data        1024  startup_stm32f401xe.o(STACK)
    __initial_sp                             0x20000bd0   Data           0  startup_stm32f401xe.o(STACK)

    Global Symbols

    Symbol Name                              Value     Ov Type        Size  Object(Section)

    BuildAttributes$$THM_ISAv4$E$P$D$K$B$S$7EM$VFPi3$EXTD16$VFPS$VFMA$PE$A:L22UL41UL21$X:L11$S22US41US21$IEEE1$IW$USESV6$~STKCKD$USESV7$~SHL$OTIME$ROPI$IEEEX$EBA8$UX$STANDARDLIB$REQ8$PRES8$EABIv2 0x00000000   Number         0  anon$$obj.o ABSOLUTE
    __ARM_use_no_argv                        0x00000000   Number         0  main.o ABSOLUTE
    _printf_flags                            0x00000000   Number         0  printf_stubs.o ABSOLUTE
    _printf_return_value                     0x00000000   Number         0  printf_stubs.o ABSOLUTE
    _printf_sizespec                         0x00000000   Number         0  printf_stubs.o ABSOLUTE
    _printf_widthprec                        0x00000000   Number         0  printf_stubs.o ABSOLUTE
    __ARM_exceptions_init                     - Undefined Weak Reference
    __alloca_initialize                       - Undefined Weak Reference
    __arm_preinit_                            - Undefined Weak Reference
    __cpp_initialize__aeabi_                  - Undefined Weak Reference
    __cxa_finalize                            - Undefined Weak Reference
    __sigvec_lookup                           - Undefined Weak Reference
    __user_heap_extent                        - Undefined Weak Reference
    _atexit_init                              - Undefined Weak Reference
    _call_atexit_fns                          - Undefined Weak Reference
    _clock_init                               - Undefined Weak Reference
    _fp_trap_init                             - Undefined Weak Reference
    _fp_trap_shutdown                         - Undefined Weak Reference
    _get_lc_collate                           - Undefined Weak Reference
    _get_lc_ctype                             - Undefined Weak Reference
    _get_lc_monetary                          - Undefined Weak Reference
    _get_lc_time                              - Undefined Weak Reference
    _getenv_init                              - Undefined Weak Reference
    _handle_redirection                       - Undefined Weak Reference
    _mutex_acquire                            - Undefined Weak Reference
    _mutex_free                               - Undefined Weak Reference
    _mutex_release                            - Undefined Weak Reference
    _printf_truncate_signed                   - Undefined Weak Reference
    _printf_truncate_unsigned                 - Undefined Weak Reference
    _signal_finish                            - Undefined Weak Reference
    _signal_init                              - Undefined Weak Reference
    __Vectors_Size                           0x00000194   Number         0  startup_stm32f401xe.o ABSOLUTE
    __Vectors                                0x08000000   Data           4  startup_stm32f401xe.o(RESET)
    __Vectors_End                            0x08000194   Data           0  startup_stm32f401xe.o(RESET)
    __main                                   0x08000195   Thumb Code     8  __main.o(!!!main)
    __scatterload                            0x0800019d   Thumb Code     0  __scatter.o(!!!scatter)
    __scatterload_rt2                        0x0800019d   Thumb Code    44  __scatter.o(!!!scatter)
    __scatterload_rt2_thumb_only             0x0800019d   Thumb Code     0  __scatter.o(!!!scatter)
    __scatterload_null                       0x080001ab   Thumb Code     0  __scatter.o(!!!scatter)
    __scatterload_copy                       0x080001d1   Thumb Code    26  __scatter_copy.o(!!handler_copy)
    __scatterload_zeroinit                   0x080001ed   Thumb Code    28  __scatter_zi.o(!!handler_zi)
    _printf_f                                0x08000209   Thumb Code     0  _printf_f.o(.ARM.Collect$$_printf_percent$$00000003)
    _printf_percent                          0x08000209   Thumb Code     0  _printf_percent.o(.ARM.Collect$$_printf_percent$$00000000)
    _printf_d                                0x0800020f   Thumb Code     0  _printf_d.o(.ARM.Collect$$_printf_percent$$00000009)
    _printf_x                                0x08000215   Thumb Code     0  _printf_x.o(.ARM.Collect$$_printf_percent$$0000000C)
    _printf_percent_end                      0x0800021b   Thumb Code     0  _printf_percent_end.o(.ARM.Collect$$_printf_percent$$00000017)
    __rt_lib_init                            0x0800021f   Thumb Code     0  libinit.o(.ARM.Collect$$libinit$$00000000)
    __rt_lib_init_fp_1                       0x08000221   Thumb Code     0  libinit2.o(.ARM.Collect$$libinit$$00000001)
    __rt_lib_init_heap_2                     0x08000225   Thumb Code     0  libinit2.o(.ARM.Collect$$libinit$$00000005)
    __rt_lib_init_preinit_1                  0x08000225   Thumb Code     0  libinit2.o(.ARM.Collect$$libinit$$00000004)
    __rt_lib_init_heap_1                     0x0800022d   Thumb Code     0  libinit2.o(.ARM.Collect$$libinit$$0000000A)
    __rt_lib_init_rand_2                     0x0800022d   Thumb Code     0  libinit2.o(.ARM.Collect$$libinit$$0000000D)
    __rt_lib_init_user_alloc_1               0x0800022d   Thumb Code     0  libinit2.o(.ARM.Collect$$libinit$$0000000C)
    __rt_lib_init_lc_common                  0x08000231   Thumb Code     0  libinit2.o(.ARM.Collect$$libinit$$0000000F)
    __rt_lib_init_rand_1                     0x08000231   Thumb Code     0  libinit2.o(.ARM.Collect$$libinit$$0000000E)
    __rt_lib_init_lc_collate_1               0x08000237   Thumb Code     0  libinit2.o(.ARM.Collect$$libinit$$00000011)
    __rt_lib_init_lc_ctype_1                 0x08000237   Thumb Code     0  libinit2.o(.ARM.Collect$$libinit$$00000013)
    __rt_lib_init_lc_monetary_1              0x08000237   Thumb Code     0  libinit2.o(.ARM.Collect$$libinit$$00000015)
    __rt_lib_init_lc_numeric_2               0x08000237   Thumb Code     0  libinit2.o(.ARM.Collect$$libinit$$00000016)
    __rt_lib_init_atexit_1                   0x08000241   Thumb Code     0  libinit2.o(.ARM.Collect$$libinit$$0000001B)
    __rt_lib_init_clock_1                    0x08000241   Thumb Code     0  libinit2.o(.ARM.Collect$$libinit$$00000021)
    __rt_lib_init_fp_trap_1                  0x08000241   Thumb Code     0  libinit2.o(.ARM.Collect$$libinit$$0000001F)
    __rt_lib_init_getenv_1                   0x08000241   Thumb Code     0  libinit2.o(.ARM.Collect$$libinit$$00000023)
    __rt_lib_init_lc_numeric_1               0x08000241   Thumb Code     0  libinit2.o(.ARM.Collect$$libinit$$00000017)
    __rt_lib_init_lc_time_1                  0x08000241   Thumb Code     0  libinit2.o(.ARM.Collect$$libinit$$00000019)
    __rt_lib_init_signal_1                   0x08000241   Thumb Code     0  libinit2.o(.ARM.Collect$$libinit$$0000001D)
    __rt_lib_init_stdio_2                    0x08000241   Thumb Code     0  libinit2.o(.ARM.Collect$$libinit$$00000024)
    __rt_lib_init_alloca_1                   0x08000245   Thumb Code     0  libinit2.o(.ARM.Collect$$libinit$$0000002E)
    __rt_lib_init_argv_1                     0x08000245   Thumb Code     0  libinit2.o(.ARM.Collect$$libinit$$0000002C)
    __rt_lib_init_cpp_1                      0x08000245   Thumb Code     0  libinit2.o(.ARM.Collect$$libinit$$00000032)
    __rt_lib_init_exceptions_1               0x08000245   Thumb Code     0  libinit2.o(.ARM.Collect$$libinit$$00000030)
    __rt_lib_init_return                     0x08000245   Thumb Code     0  libinit2.o(.ARM.Collect$$libinit$$00000033)
    __rt_lib_init_stdio_1                    0x08000245   Thumb Code     0  libinit2.o(.ARM.Collect$$libinit$$00000025)
    __rt_lib_shutdown                        0x08000247   Thumb Code     0  libshutdown.o(.ARM.Collect$$libshutdown$$00000000)
    __rt_lib_shutdown_stdio_2                0x08000249   Thumb Code     0  libshutdown2.o(.ARM.Collect$$libshutdown$$00000002)
    __rt_lib_shutdown_fp_trap_1              0x0800024d   Thumb Code     0  libshutdown2.o(.ARM.Collect$$libshutdown$$00000006)
    __rt_lib_shutdown_heap_1                 0x0800024d   Thumb Code     0  libshutdown2.o(.ARM.Collect$$libshutdown$$0000000E)
    __rt_lib_shutdown_return                 0x0800024d   Thumb Code     0  libshutdown2.o(.ARM.Collect$$libshutdown$$0000000F)
    __rt_lib_shutdown_signal_1               0x0800024d   Thumb Code     0  libshutdown2.o(.ARM.Collect$$libshutdown$$00000009)
    __rt_lib_shutdown_stdio_1                0x0800024d   Thumb Code     0  libshutdown2.o(.ARM.Collect$$libshutdown$$00000003)
    __rt_lib_shutdown_user_alloc_1           0x0800024d   Thumb Code     0  libshutdown2.o(.ARM.Collect$$libshutdown$$0000000B)
    __rt_entry                               0x0800024f   Thumb Code     0  __rtentry.o(.ARM.Collect$$rtentry$$00000000)
    __rt_entry_presh_1                       0x0800024f   Thumb Code     0  __rtentry2.o(.ARM.Collect$$rtentry$$00000002)
    __rt_entry_sh                            0x0800024f   Thumb Code     0  __rtentry4.o(.ARM.Collect$$rtentry$$00000004)
    __rt_entry_li                            0x08000255   Thumb Code     0  __rtentry2.o(.ARM.Collect$$rtentry$$0000000A)
    __rt_entry_postsh_1                      0x08000255   Thumb Code     0  __rtentry2.o(.ARM.Collect$$rtentry$$00000009)
    __rt_entry_main                          0x08000259   Thumb Code     0  __rtentry2.o(.ARM.Collect$$rtentry$$0000000D)
    __rt_entry_postli_1                      0x08000259   Thumb Code     0  __rtentry2.o(.ARM.Collect$$rtentry$$0000000C)
    __rt_exit                                0x08000261   Thumb Code     0  rtexit.o(.ARM.Collect$$rtexit$$00000000)
    __rt_exit_ls                             0x08000263   Thumb Code     0  rtexit2.o(.ARM.Collect$$rtexit$$00000003)
    __rt_exit_prels_1                        0x08000263   Thumb Code     0  rtexit2.o(.ARM.Collect$$rtexit$$00000002)
    __rt_exit_exit                           0x08000267   Thumb Code     0  rtexit2.o(.ARM.Collect$$rtexit$$00000004)
    rand                                     0x0800026d   Thumb Code    48  rand.o(.emb_text)
    Reset_Handler                            0x080002a1   Thumb Code     8  startup_stm32f401xe.o(.text)
    _maybe_terminate_alloc                   0x080002a1   Thumb Code     0  maybetermalloc1.o(.emb_text)
    MemManage_Handler                        0x080002ad   Thumb Code     2  startup_stm32f401xe.o(.text)
    BusFault_Handler                         0x080002af   Thumb Code     2  startup_stm32f401xe.o(.text)
    UsageFault_Handler                       0x080002b1   Thumb Code     2  startup_stm32f401xe.o(.text)
    ADC_IRQHandler                           0x080002bb   Thumb Code     0  startup_stm32f401xe.o(.text)
    DMA1_Stream0_IRQHandler                  0x080002bb   Thumb Code     0  startup_stm32f401xe.o(.text)
    DMA1_Stream1_IRQHandler                  0x080002bb   Thumb Code     0  startup_stm32f401xe.o(.text)
    DMA1_Stream2_IRQHandler                  0x080002bb   Thumb Code     0  startup_stm32f401xe.o(.text)
    DMA1_Stream3_IRQHandler                  0x080002bb   Thumb Code     0  startup_stm32f401xe.o(.text)
    DMA1_Stream4_IRQHandler                  0x080002bb   Thumb Code     0  startup_stm32f401xe.o(.text)
    DMA1_Stream5_IRQHandler                  0x080002bb   Thumb Code     0  startup_stm32f401xe.o(.text)
    DMA1_Stream6_IRQHandler                  0x080002bb   Thumb Code     0  startup_stm32f401xe.o(.text)
    DMA1_Stream7_IRQHandler                  0x080002bb   Thumb Code     0  startup_stm32f401xe.o(.text)
    DMA2_Stream0_IRQHandler                  0x080002bb   Thumb Code     0  startup_stm32f401xe.o(.text)
    DMA2_Stream1_IRQHandler                  0x080002bb   Thumb Code     0  startup_stm32f401xe.o(.text)
    DMA2_Stream2_IRQHandler                  0x080002bb   Thumb Code     0  startup_stm32f401xe.o(.text)
    DMA2_Stream3_IRQHandler                  0x080002bb   Thumb Code     0  startup_stm32f401xe.o(.text)
    DMA2_Stream4_IRQHandler                  0x080002bb   Thumb Code     0  startup_stm32f401xe.o(.text)
    DMA2_Stream5_IRQHandler                  0x080002bb   Thumb Code     0  startup_stm32f401xe.o(.text)
    DMA2_Stream6_IRQHandler                  0x080002bb   Thumb Code     0  startup_stm32f401xe.o(.text)
    DMA2_Stream7_IRQHandler                  0x080002bb   Thumb Code     0  startup_stm32f401xe.o(.text)
    EXTI1_IRQHandler                         0x080002bb   Thumb Code     0  startup_stm32f401xe.o(.text)
    EXTI2_IRQHandler                         0x080002bb   Thumb Code     0  startup_stm32f401xe.o(.text)
    EXTI3_IRQHandler                         0x080002bb   Thumb Code     0  startup_stm32f401xe.o(.text)
    EXTI9_5_IRQHandler                       0x080002bb   Thumb Code     0  startup_stm32f401xe.o(.text)
    FLASH_IRQHandler                         0x080002bb   Thumb Code     0  startup_stm32f401xe.o(.text)
    FPU_IRQHandler                           0x080002bb   Thumb Code     0  startup_stm32f401xe.o(.text)
    I2C1_ER_IRQHandler                       0x080002bb   Thumb Code     0  startup_stm32f401xe.o(.text)
    I2C1_EV_IRQHandler                       0x080002bb   Thumb Code     0  startup_stm32f401xe.o(.text)
    I2C2_ER_IRQHandler                       0x080002bb   Thumb Code     0  startup_stm32f401xe.o(.text)
    I2C2_EV_IRQHandler                       0x080002bb   Thumb Code     0  startup_stm32f401xe.o(.text)
    I2C3_ER_IRQHandler                       0x080002bb   Thumb Code     0  startup_stm32f401xe.o(.text)
    I2C3_EV_IRQHandler                       0x080002bb   Thumb Code     0  startup_stm32f401xe.o(.text)
    OTG_FS_IRQHandler                        0x080002bb   Thumb Code     0  startup_stm32f401xe.o(.text)
    OTG_FS_WKUP_IRQHandler                   0x080002bb   Thumb Code     0  startup_stm32f401xe.o(.text)
    PVD_IRQHandler                           0x080002bb   Thumb Code     0  startup_stm32f401xe.o(.text)
    RCC_IRQHandler                           0x080002bb   Thumb Code     0  startup_stm32f401xe.o(.text)
    RTC_Alarm_IRQHandler                     0x080002bb   Thumb Code     0  startup_stm32f401xe.o(.text)
    RTC_WKUP_IRQHandler                      0x080002bb   Thumb Code     0  startup_stm32f401xe.o(.text)
    SDIO_IRQHandler                          0x080002bb   Thumb Code     0  startup_stm32f401xe.o(.text)
    SPI1_IRQHandler                          0x080002bb   Thumb Code     0  startup_stm32f401xe.o(.text)
    SPI2_IRQHandler                          0x080002bb   Thumb Code     0  startup_stm32f401xe.o(.text)
    SPI3_IRQHandler                          0x080002bb   Thumb Code     0  startup_stm32f401xe.o(.text)
    SPI4_IRQHandler                          0x080002bb   Thumb Code     0  startup_stm32f401xe.o(.text)
    TAMP_STAMP_IRQHandler                    0x080002bb   Thumb Code     0  startup_stm32f401xe.o(.text)
    TIM1_BRK_TIM9_IRQHandler                 0x080002bb   Thumb Code     0  startup_stm32f401xe.o(.text)
    TIM1_CC_IRQHandler                       0x080002bb   Thumb Code     0  startup_stm32f401xe.o(.text)
    TIM1_TRG_COM_TIM11_IRQHandler            0x080002bb   Thumb Code     0  startup_stm32f401xe.o(.text)
    TIM1_UP_TIM10_IRQHandler                 0x080002bb   Thumb Code     0  startup_stm32f401xe.o(.text)
    TIM2_IRQHandler                          0x080002bb   Thumb Code     0  startup_stm32f401xe.o(.text)
    TIM3_IRQHandler                          0x080002bb   Thumb Code     0  startup_stm32f401xe.o(.text)
    TIM4_IRQHandler                          0x080002bb   Thumb Code     0  startup_stm32f401xe.o(.text)
    TIM5_IRQHandler                          0x080002bb   Thumb Code     0  startup_stm32f401xe.o(.text)
    USART1_IRQHandler                        0x080002bb   Thumb Code     0  startup_stm32f401xe.o(.text)
    USART2_IRQHandler                        0x080002bb   Thumb Code     0  startup_stm32f401xe.o(.text)
    USART6_IRQHandler                        0x080002bb   Thumb Code     0  startup_stm32f401xe.o(.text)
    WWDG_IRQHandler                          0x080002bb   Thumb Code     0  startup_stm32f401xe.o(.text)
    __user_initial_stackheap                 0x080002bd   Thumb Code     0  startup_stm32f401xe.o(.text)
    __aeabi_uldivmod                         0x080002e1   Thumb Code     0  lludivv7m.o(.text)
    _ll_udiv                                 0x080002e1   Thumb Code   238  lludivv7m.o(.text)
    __2printf                                0x080003d1   Thumb Code    20  noretval__2printf.o(.text)
    _printf_pre_padding                      0x080003e9   Thumb Code    44  _printf_pad.o(.text)
    _printf_post_padding                     0x08000415   Thumb Code    34  _printf_pad.o(.text)
    _printf_int_dec                          0x08000439   Thumb Code   104  _printf_dec.o(.text)
    _printf_int_hex                          0x080004b1   Thumb Code    84  _printf_hex_int.o(.text)
    _printf_longlong_hex                     0x080004b1   Thumb Code     0  _printf_hex_int.o(.text)
    __printf                                 0x08000509   Thumb Code   308  __printf_flags_wp.o(.text)
    srand                                    0x08000641   Thumb Code    42  rand.o(.text)
    _rand_init                               0x0800066b   Thumb Code     4  rand.o(.text)
    strlen                                   0x0800067d   Thumb Code    62  strlen.o(.text)
    memcpy                                   0x080006bb   Thumb Code     8  memcpy.o(.text)
    memset                                   0x080006c3   Thumb Code    22  memset.o(.text)
    strcmp                                   0x080006d9   Thumb Code   128  strcmpv7m.o(.text)
    __use_two_region_memory                  0x08000759   Thumb Code     2  heapauxi.o(.text)
    __rt_heap_escrow                         0x0800075b   Thumb Code     2  heapauxi.o(.text)
    __rt_heap_expand                         0x0800075d   Thumb Code     2  heapauxi.o(.text)
    __read_errno                             0x0800075f   Thumb Code    10  _rserrno.o(.text)
    __set_errno                              0x08000769   Thumb Code    12  _rserrno.o(.text)
    _printf_int_common                       0x08000775   Thumb Code   178  _printf_intcommon.o(.text)
    __lib_sel_fp_printf                      0x08000827   Thumb Code     2  _printf_fp_dec.o(.text)
    _printf_fp_dec_real                      0x080009d5   Thumb Code   620  _printf_fp_dec.o(.text)
    _printf_char_file                        0x08000c41   Thumb Code    32  _printf_char_file.o(.text)
    __aeabi_memcpy                           0x08000c65   Thumb Code     0  rt_memcpy_v6.o(.text)
    __rt_memcpy                              0x08000c65   Thumb Code   138  rt_memcpy_v6.o(.text)
    _memcpy_lastbytes                        0x08000ccb   Thumb Code     0  rt_memcpy_v6.o(.text)
    __aeabi_memclr                           0x08000cef   Thumb Code     0  rt_memclr.o(.text)
    __rt_memclr                              0x08000cef   Thumb Code    68  rt_memclr.o(.text)
    _memset                                  0x08000cf3   Thumb Code     0  rt_memclr.o(.text)
    __rt_locale                              0x08000d35   Thumb Code     8  rt_locale_intlibspace.o(.text)
    __aeabi_errno_addr                       0x08000d3d   Thumb Code     8  rt_errno_addr_intlibspace.o(.text)
    __errno$intlibspace                      0x08000d3d   Thumb Code     0  rt_errno_addr_intlibspace.o(.text)
    __rt_errno_addr$intlibspace              0x08000d3d   Thumb Code     0  rt_errno_addr_intlibspace.o(.text)
    _ll_udiv10                               0x08000d45   Thumb Code   138  lludiv10.o(.text)
    _printf_char_common                      0x08000ddb   Thumb Code    32  _printf_char_common.o(.text)
    _printf_fp_infnan                        0x08000e01   Thumb Code   112  _printf_fp_infnan.o(.text)
    _btod_etento                             0x08000e81   Thumb Code   216  bigflt0.o(.text)
    ferror                                   0x08000f5d   Thumb Code     8  ferror.o(.text)
    _initio                                  0x08000f65   Thumb Code   210  initio.o(.text)
    _terminateio                             0x08001037   Thumb Code    56  initio.o(.text)
    __aeabi_memcpy4                          0x0800109d   Thumb Code     0  rt_memcpy_w.o(.text)
    __aeabi_memcpy8                          0x0800109d   Thumb Code     0  rt_memcpy_w.o(.text)
    __rt_memcpy_w                            0x0800109d   Thumb Code   100  rt_memcpy_w.o(.text)
    _memcpy_lastbytes_aligned                0x080010e5   Thumb Code     0  rt_memcpy_w.o(.text)
    __aeabi_memclr4                          0x08001101   Thumb Code     0  rt_memclr_w.o(.text)
    __aeabi_memclr8                          0x08001101   Thumb Code     0  rt_memclr_w.o(.text)
    __rt_memclr_w                            0x08001101   Thumb Code    78  rt_memclr_w.o(.text)
    _memset_w                                0x08001105   Thumb Code     0  rt_memclr_w.o(.text)
    __user_libspace                          0x08001151   Thumb Code     8  libspace.o(.text)
    __user_perproc_libspace                  0x08001151   Thumb Code     0  libspace.o(.text)
    __user_perthread_libspace                0x08001151   Thumb Code     0  libspace.o(.text)
    __user_setup_stackheap                   0x08001159   Thumb Code    74  sys_stackheap_outer.o(.text)
    free                                     0x080011a3   Thumb Code    78  h1_free.o(.text)
    setvbuf                                  0x080011f1   Thumb Code    70  setvbuf.o(.text)
    freopen                                  0x08001239   Thumb Code   158  fopen.o(.text)
    fopen                                    0x080012d7   Thumb Code    74  fopen.o(.text)
    _fclose_internal                         0x08001325   Thumb Code    76  fclose.o(.text)
    fclose                                   0x08001325   Thumb Code     0  fclose.o(.text)
    exit                                     0x08001371   Thumb Code    12  exit.o(.text)
    __rt_SIGRTRED                            0x0800137d   Thumb Code    14  defsig_rtred_outer.o(.text)
    __rt_heap_descriptor                     0x0800138d   Thumb Code     8  rt_heap_descriptor_intlibspace.o(.text)
    __use_no_heap                            0x08001395   Thumb Code     2  hguard.o(.text)
    __heap$guard                             0x08001397   Thumb Code     2  hguard.o(.text)
    _terminate_user_alloc                    0x08001399   Thumb Code     2  init_alloc.o(.text)
    _init_user_alloc                         0x0800139b   Thumb Code     2  init_alloc.o(.text)
    __Heap_Full                              0x0800139d   Thumb Code    34  init_alloc.o(.text)
    __Heap_Broken                            0x080013bf   Thumb Code     6  init_alloc.o(.text)
    _init_alloc                              0x080013c5   Thumb Code    94  init_alloc.o(.text)
    malloc                                   0x08001423   Thumb Code    94  h1_alloc.o(.text)
    _fseek                                   0x08001481   Thumb Code   242  fseek.o(.text)
    fseek                                    0x08001481   Thumb Code     0  fseek.o(.text)
    _seterr                                  0x08001579   Thumb Code    20  stdio.o(.text)
    _writebuf                                0x0800158d   Thumb Code    84  stdio.o(.text)
    _fflush                                  0x080015e1   Thumb Code    70  stdio.o(.text)
    _deferredlazyseek                        0x08001627   Thumb Code    60  stdio.o(.text)
    __sig_exit                               0x08001669   Thumb Code    10  defsig_exit.o(.text)
    __rt_SIGRTRED_inner                      0x08001675   Thumb Code    14  defsig_rtred_inner.o(.text)
    __rt_SIGRTMEM                            0x080016a9   Thumb Code    14  defsig_rtmem_outer.o(.text)
    _sys_exit                                0x080016b9   Thumb Code     8  sys_exit.o(.text)
    __I$use$semihosting                      0x080016c5   Thumb Code     0  use_no_semi.o(.text)
    __use_no_semihosting_swi                 0x080016c5   Thumb Code     2  use_no_semi.o(.text)
    __Heap_Initialize                        0x080016c7   Thumb Code    10  h1_init.o(.text)
    __semihosting_library_function           0x080016c7   Thumb Code     0  indicate_semi.o(.text)
    __Heap_DescSize                          0x080016d1   Thumb Code     4  h1_init.o(.text)
    __Heap_ProvideMemory                     0x080016d5   Thumb Code    52  h1_extend.o(.text)
    _ftell_internal                          0x08001709   Thumb Code    66  ftell.o(.text)
    ftell                                    0x08001709   Thumb Code     0  ftell.o(.text)
    __default_signal_display                 0x0800174b   Thumb Code    50  defsig_general.o(.text)
    __rt_SIGRTMEM_inner                      0x0800177d   Thumb Code    22  defsig_rtmem_inner.o(.text)
    _ttywrch                                 0x080017cd   Thumb Code    14  sys_wrch.o(.text)
    _btod_d2e                                0x080017db   Thumb Code    62  btod.o(CL$$btod_d2e)
    _d2e_denorm_low                          0x08001819   Thumb Code    70  btod.o(CL$$btod_d2e_denorm_low)
    _d2e_norm_op1                            0x0800185f   Thumb Code    96  btod.o(CL$$btod_d2e_norm_op1)
    __btod_div_common                        0x080018bf   Thumb Code   696  btod.o(CL$$btod_div_common)
    _e2e                                     0x08001bf7   Thumb Code   198  btod.o(CL$$btod_e2e)
    _btod_ediv                               0x08001cbd   Thumb Code    40  btod.o(CL$$btod_ediv)
    _btod_emul                               0x08001ce5   Thumb Code    40  btod.o(CL$$btod_emul)
    __btod_mult_common                       0x08001d0d   Thumb Code   580  btod.o(CL$$btod_mult_common)
    Acc_Update                               0x08001f51   Thumb Code    84  sensor_service.o(i.Acc_Update)
    Add_Acc_Service                          0x08001fd9   Thumb Code   442  sensor_service.o(i.Add_Acc_Service)
    Add_Environmental_Sensor_Service         0x080021c9   Thumb Code   856  sensor_service.o(i.Add_Environmental_Sensor_Service)
    BNRG_SPI_Init                            0x0800255d   Thumb Code    56  stm32_bluenrg_ble.o(i.BNRG_SPI_Init)
    BSP_PB_GetState                          0x0800259d   Thumb Code    22  stm32f4xx_nucleo.o(i.BSP_PB_GetState)
    BSP_PB_Init                              0x080025bd   Thumb Code   134  stm32f4xx_nucleo.o(i.BSP_PB_Init)
    BlueNRG_DataPresent                      0x08002659   Thumb Code    20  stm32_bluenrg_ble.o(i.BlueNRG_DataPresent)
    BlueNRG_RST                              0x08002671   Thumb Code    38  stm32_bluenrg_ble.o(i.BlueNRG_RST)
    BlueNRG_SPI_Read_All                     0x0800269d   Thumb Code   154  stm32_bluenrg_ble.o(i.BlueNRG_SPI_Read_All)
    BlueNRG_SPI_Write                        0x08002745   Thumb Code   176  stm32_bluenrg_ble.o(i.BlueNRG_SPI_Write)
    Clear_SPI_EXTI_Flag                      0x08002809   Thumb Code     8  stm32_bluenrg_ble.o(i.Clear_SPI_EXTI_Flag)
    Clock_Time                               0x08002815   Thumb Code     8  clock.o(i.Clock_Time)
    DebugMon_Handler                         0x0800281d   Thumb Code     2  stm32xx_it.o(i.DebugMon_Handler)
    Disable_SPI_IRQ                          0x0800281f   Thumb Code    10  stm32_bluenrg_ble.o(i.Disable_SPI_IRQ)
    EXTI0_IRQHandler                         0x08002829   Thumb Code    10  stm32xx_it.o(i.EXTI0_IRQHandler)
    EXTI15_10_IRQHandler                     0x08002835   Thumb Code    18  stm32xx_it.o(i.EXTI15_10_IRQHandler)
    EXTI4_IRQHandler                         0x0800284d   Thumb Code    10  stm32xx_it.o(i.EXTI4_IRQHandler)
    Enable_SPI_IRQ                           0x08002857   Thumb Code    10  stm32_bluenrg_ble.o(i.Enable_SPI_IRQ)
    GAP_ConnectionComplete_CB                0x08002861   Thumb Code    50  sensor_service.o(i.GAP_ConnectionComplete_CB)
    GAP_DisconnectionComplete_CB             0x080028c5   Thumb Code    28  sensor_service.o(i.GAP_DisconnectionComplete_CB)
    HAL_Delay                                0x080028fd   Thumb Code    26  stm32f4xx_hal.o(i.HAL_Delay)
    HAL_GPIO_EXTI_Callback                   0x08002919   Thumb Code    26  main.o(i.HAL_GPIO_EXTI_Callback)
    HAL_GPIO_EXTI_IRQHandler                 0x08002939   Thumb Code    24  stm32f4xx_hal_gpio.o(i.HAL_GPIO_EXTI_IRQHandler)
    HAL_GPIO_Init                            0x08002955   Thumb Code   432  stm32f4xx_hal_gpio.o(i.HAL_GPIO_Init)
    HAL_GPIO_ReadPin                         0x08002b25   Thumb Code    16  stm32f4xx_hal_gpio.o(i.HAL_GPIO_ReadPin)
    HAL_GPIO_WritePin                        0x08002b35   Thumb Code    12  stm32f4xx_hal_gpio.o(i.HAL_GPIO_WritePin)
    HAL_GetTick                              0x08002b41   Thumb Code     6  stm32f4xx_hal.o(i.HAL_GetTick)
    HAL_IncTick                              0x08002b4d   Thumb Code    12  stm32f4xx_hal.o(i.HAL_IncTick)
    HAL_Init                                 0x08002b5d   Thumb Code    54  stm32f4xx_hal.o(i.HAL_Init)
    HAL_InitTick                             0x08002b99   Thumb Code    36  stm32f4xx_hal.o(i.HAL_InitTick)
    HAL_MspInit                              0x08002bbd   Thumb Code     2  stm32f4xx_hal.o(i.HAL_MspInit)
    HAL_NVIC_DisableIRQ                      0x08002bc1   Thumb Code    22  stm32f4xx_hal_cortex.o(i.HAL_NVIC_DisableIRQ)
    HAL_NVIC_EnableIRQ                       0x08002bdd   Thumb Code    26  stm32f4xx_hal_cortex.o(i.HAL_NVIC_EnableIRQ)
    HAL_NVIC_SetPriority                     0x08002bf7   Thumb Code   124  stm32f4xx_hal_cortex.o(i.HAL_NVIC_SetPriority)
    HAL_NVIC_SetPriorityGrouping             0x08002c75   Thumb Code    32  stm32f4xx_hal_cortex.o(i.HAL_NVIC_SetPriorityGrouping)
    HAL_RCC_ClockConfig                      0x08002c9d   Thumb Code   680  stm32f4xx_hal_rcc.o(i.HAL_RCC_ClockConfig)
    HAL_RCC_GetHCLKFreq                      0x08002f4d   Thumb Code    42  stm32f4xx_hal_rcc.o(i.HAL_RCC_GetHCLKFreq)
    HAL_RCC_GetSysClockFreq                  0x08002f85   Thumb Code   168  stm32f4xx_hal_rcc.o(i.HAL_RCC_GetSysClockFreq)
    HAL_RCC_OscConfig                        0x08003039   Thumb Code  1028  stm32f4xx_hal_rcc.o(i.HAL_RCC_OscConfig)
    HAL_SPI_Init                             0x0800343d   Thumb Code   136  stm32f4xx_hal_spi.o(i.HAL_SPI_Init)
    HAL_SPI_MspInit                          0x080034c5   Thumb Code   410  main.o(i.HAL_SPI_MspInit)
    HAL_SPI_TransmitReceive                  0x08003671   Thumb Code   850  stm32f4xx_hal_spi.o(i.HAL_SPI_TransmitReceive)
    HAL_SYSTICK_Config                       0x080039c3   Thumb Code    52  stm32f4xx_hal_cortex.o(i.HAL_SYSTICK_Config)
    HCI_Event_CB                             0x080039f7   Thumb Code   106  sensor_service.o(i.HCI_Event_CB)
    HCI_Init                                 0x08003a61   Thumb Code    48  hci.o(i.HCI_Init)
    HCI_Isr                                  0x08003a9d   Thumb Code   118  hci.o(i.HCI_Isr)
    HCI_Process                              0x08003b25   Thumb Code   116  hci.o(i.HCI_Process)
    HCI_Queue_Empty                          0x08003ba9   Thumb Code    10  hci.o(i.HCI_Queue_Empty)
    HCI_verify                               0x08003bb9   Thumb Code    36  hci.o(i.HCI_verify)
    Hal_Write_Serial                         0x08003bdd   Thumb Code    70  stm32_bluenrg_ble.o(i.Hal_Write_Serial)
    HardFault_Handler                        0x08003c2d   Thumb Code     4  stm32xx_it.o(i.HardFault_Handler)
    Humidity_Update                          0x08003c31   Thumb Code    42  sensor_service.o(i.Humidity_Update)
    ITM_SendChar                             0x08003c91   Thumb Code    42  retarget_io.o(i.ITM_SendChar)
    Master_Communication                     0x08003cc1   Thumb Code    16  nucleospi.o(i.Master_Communication)
    Master_Read                              0x08003cd1   Thumb Code   416  nucleospi.o(i.Master_Read)
    NMI_Handler                              0x08003e81   Thumb Code     2  stm32xx_it.o(i.NMI_Handler)
    NucleoSPI_Config                         0x08003ebd   Thumb Code   346  nucleospi.o(i.NucleoSPI_Config)
    Osal_MemCpy                              0x0800402d   Thumb Code    20  osal.o(i.Osal_MemCpy)
    Osal_MemSet                              0x08004041   Thumb Code    20  osal.o(i.Osal_MemSet)
    PendSV_Handler                           0x08004055   Thumb Code     2  stm32xx_it.o(i.PendSV_Handler)
    Press_Update                             0x08004059   Thumb Code    42  sensor_service.o(i.Press_Update)
    Read_DataLines                           0x080040b9   Thumb Code    90  nucleospi.o(i.Read_DataLines)
    Read_Request_CB                          0x08004119   Thumb Code   210  sensor_service.o(i.Read_Request_CB)
    Reset_DataLines                          0x0800420d   Thumb Code    50  nucleospi.o(i.Reset_DataLines)
    SVC_Handler                              0x08004359   Thumb Code     2  stm32xx_it.o(i.SVC_Handler)
    SysTick_Handler                          0x0800435d   Thumb Code    18  stm32xx_it.o(i.SysTick_Handler)
    SystemClock_Config                       0x08004375   Thumb Code    66  cube_hal_f4.o(i.SystemClock_Config)
    SystemInit                               0x080043b9   Thumb Code    82  system_stm32f4xx.o(i.SystemInit)
    Temp_Update                              0x0800441d   Thumb Code    42  sensor_service.o(i.Temp_Update)
    Timer_Expired                            0x0800447d   Thumb Code    28  gp_timer.o(i.Timer_Expired)
    Timer_Set                                0x08004499   Thumb Code    16  gp_timer.o(i.Timer_Set)
    User_Process                             0x080044a9   Thumb Code    72  main.o(i.User_Process)
    __ARM_fpclassify                         0x080044f9   Thumb Code    48  fpclassify.o(i.__ARM_fpclassify)
    __hardfp_pow                             0x08004531   Thumb Code  3044  pow.o(i.__hardfp_pow)
    __kernel_poly                            0x08005169   Thumb Code   248  poly.o(i.__kernel_poly)
    __mathlib_dbl_divzero                    0x08005261   Thumb Code    28  dunder.o(i.__mathlib_dbl_divzero)
    __mathlib_dbl_infnan2                    0x08005291   Thumb Code    20  dunder.o(i.__mathlib_dbl_infnan2)
    __mathlib_dbl_invalid                    0x080052a9   Thumb Code    24  dunder.o(i.__mathlib_dbl_invalid)
    __mathlib_dbl_overflow                   0x080052c9   Thumb Code    24  dunder.o(i.__mathlib_dbl_overflow)
    __mathlib_dbl_underflow                  0x080052e9   Thumb Code    24  dunder.o(i.__mathlib_dbl_underflow)
    _is_digit                                0x0800530f   Thumb Code    14  __printf_wp.o(i._is_digit)
    _sys_close                               0x0800531d   Thumb Code    38  retarget_io.o(i._sys_close)
    _sys_flen                                0x08005343   Thumb Code    36  retarget_io.o(i._sys_flen)
    _sys_istty                               0x08005367   Thumb Code    36  retarget_io.o(i._sys_istty)
    _sys_open                                0x0800538d   Thumb Code    80  retarget_io.o(i._sys_open)
    _sys_seek                                0x080053f5   Thumb Code    44  retarget_io.o(i._sys_seek)
    _sys_write                               0x08005421   Thumb Code    70  retarget_io.o(i._sys_write)
    aci_gap_init_IDB04A1                     0x08005467   Thumb Code   114  bluenrg_gap_aci.o(i.aci_gap_init_IDB04A1)
    aci_gap_init_IDB05A1                     0x080054d9   Thumb Code   136  bluenrg_gap_aci.o(i.aci_gap_init_IDB05A1)
    aci_gap_set_auth_requirement             0x08005561   Thumb Code   136  bluenrg_gap_aci.o(i.aci_gap_set_auth_requirement)
    aci_gap_set_discoverable                 0x080055e9   Thumb Code   268  bluenrg_gap_aci.o(i.aci_gap_set_discoverable)
    aci_gatt_add_char                        0x080056f5   Thumb Code   224  bluenrg_gatt_aci.o(i.aci_gatt_add_char)
    aci_gatt_add_char_desc                   0x080057d5   Thumb Code   274  bluenrg_gatt_aci.o(i.aci_gatt_add_char_desc)
    aci_gatt_add_serv                        0x080058e7   Thumb Code   160  bluenrg_gatt_aci.o(i.aci_gatt_add_serv)
    aci_gatt_allow_read                      0x08005987   Thumb Code    72  bluenrg_gatt_aci.o(i.aci_gatt_allow_read)
    aci_gatt_init                            0x080059cf   Thumb Code    60  bluenrg_gatt_aci.o(i.aci_gatt_init)
    aci_gatt_update_char_value               0x08005a0b   Thumb Code   170  bluenrg_gatt_aci.o(i.aci_gatt_update_char_value)
    aci_hal_set_tx_power_level               0x08005ab5   Thumb Code    88  bluenrg_hal_aci.o(i.aci_hal_set_tx_power_level)
    aci_hal_write_config_data                0x08005b0d   Thumb Code   124  bluenrg_hal_aci.o(i.aci_hal_write_config_data)
    fabs                                     0x08005b89   Thumb Code    24  fabs.o(i.fabs)
    fputc                                    0x08005ba1   Thumb Code    52  fput_debug.o(i.fputc)
    getBlueNRGVersion                        0x08005bd9   Thumb Code    86  bluenrg_utils_small.o(i.getBlueNRGVersion)
    hci_le_read_local_version                0x08005c2f   Thumb Code   132  hci.o(i.hci_le_read_local_version)
    hci_le_set_scan_resp_data                0x08005cb3   Thumb Code   106  hci.o(i.hci_le_set_scan_resp_data)
    hci_send_cmd                             0x08005d1d   Thumb Code    60  hci.o(i.hci_send_cmd)
    hci_send_req                             0x08005d59   Thumb Code   428  hci.o(i.hci_send_req)
    hci_write                                0x08005f11   Thumb Code    28  hci.o(i.hci_write)
    list_init_head                           0x08005f2d   Thumb Code     6  list.o(i.list_init_head)
    list_insert_head                         0x08005f33   Thumb Code    34  list.o(i.list_insert_head)
    list_insert_tail                         0x08005f55   Thumb Code    34  list.o(i.list_insert_tail)
    list_is_empty                            0x08005f77   Thumb Code    34  list.o(i.list_is_empty)
    list_remove_head                         0x08005f99   Thumb Code    42  list.o(i.list_remove_head)
    list_remove_node                         0x08005fc3   Thumb Code    32  list.o(i.list_remove_node)
    main                                     0x08005fe5   Thumb Code   398  main.o(i.main)
    setConnectable                           0x08006351   Thumb Code    74  sensor_service.o(i.setConnectable)
    set_irq_as_input                         0x080063ed   Thumb Code    48  stm32_bluenrg_ble.o(i.set_irq_as_input)
    set_irq_as_output                        0x08006425   Thumb Code    40  stm32_bluenrg_ble.o(i.set_irq_as_output)
    sqrt                                     0x08006451   Thumb Code   110  sqrt.o(i.sqrt)
    _get_lc_numeric                          0x080064e9   Thumb Code    44  lc_numeric_c.o(locale$$code)
    __aeabi_dneg                             0x08006515   Thumb Code     0  basic.o(x$fpl$basic)
    _dneg                                    0x08006515   Thumb Code     6  basic.o(x$fpl$basic)
    __aeabi_fneg                             0x0800651b   Thumb Code     0  basic.o(x$fpl$basic)
    _fneg                                    0x0800651b   Thumb Code     6  basic.o(x$fpl$basic)
    _dabs                                    0x08006521   Thumb Code     6  basic.o(x$fpl$basic)
    _fabs                                    0x08006527   Thumb Code     6  basic.o(x$fpl$basic)
    __aeabi_d2f                              0x0800652d   Thumb Code     0  d2f.o(x$fpl$d2f)
    _d2f                                     0x0800652d   Thumb Code    98  d2f.o(x$fpl$d2f)
    __aeabi_dadd                             0x08006591   Thumb Code     0  daddsub_clz.o(x$fpl$dadd)
    _dadd                                    0x08006591   Thumb Code   332  daddsub_clz.o(x$fpl$dadd)
    __fpl_dcheck_NaN1                        0x080066e1   Thumb Code    10  dcheck1.o(x$fpl$dcheck1)
    __fpl_dcmp_Inf                           0x080066f1   Thumb Code    24  dcmpi.o(x$fpl$dcmpinf)
    __aeabi_ddiv                             0x08006709   Thumb Code     0  ddiv.o(x$fpl$ddiv)
    _ddiv                                    0x08006709   Thumb Code   552  ddiv.o(x$fpl$ddiv)
    __aeabi_i2d                              0x080069b9   Thumb Code     0  dflt_clz.o(x$fpl$dflt)
    _dflt                                    0x080069b9   Thumb Code    46  dflt_clz.o(x$fpl$dflt)
    __aeabi_cdcmple                          0x080069e9   Thumb Code     0  dleqf.o(x$fpl$dleqf)
    _dcmple                                  0x080069e9   Thumb Code   120  dleqf.o(x$fpl$dleqf)
    __fpl_dcmple_InfNaN                      0x08006a4b   Thumb Code     0  dleqf.o(x$fpl$dleqf)
    __aeabi_dmul                             0x08006a61   Thumb Code     0  dmul.o(x$fpl$dmul)
    _dmul                                    0x08006a61   Thumb Code   332  dmul.o(x$fpl$dmul)
    __fpl_dnaninf                            0x08006bb5   Thumb Code   156  dnaninf.o(x$fpl$dnaninf)
    __fpl_dretinf                            0x08006c51   Thumb Code    12  dretinf.o(x$fpl$dretinf)
    __aeabi_cdrcmple                         0x08006c5d   Thumb Code     0  drleqf.o(x$fpl$drleqf)
    _drcmple                                 0x08006c5d   Thumb Code   108  drleqf.o(x$fpl$drleqf)
    __aeabi_drsub                            0x08006cc9   Thumb Code     0  daddsub_clz.o(x$fpl$drsb)
    _drsb                                    0x08006cc9   Thumb Code    22  daddsub_clz.o(x$fpl$drsb)
    _dsqrt                                   0x08006ce1   Thumb Code   404  dsqrt_umaal.o(x$fpl$dsqrt)
    __aeabi_dsub                             0x08006e79   Thumb Code     0  daddsub_clz.o(x$fpl$dsub)
    _dsub                                    0x08006e79   Thumb Code   464  daddsub_clz.o(x$fpl$dsub)
    __aeabi_f2d                              0x0800704d   Thumb Code     0  f2d.o(x$fpl$f2d)
    _f2d                                     0x0800704d   Thumb Code    86  f2d.o(x$fpl$f2d)
    __fpl_fnaninf                            0x080070a3   Thumb Code   140  fnaninf.o(x$fpl$fnaninf)
    _fp_init                                 0x0800712f   Thumb Code    10  fpinit.o(x$fpl$fpinit)
    __fplib_config_fpu_vfp                   0x08007137   Thumb Code     0  fpinit.o(x$fpl$fpinit)
    __fplib_config_pureend_doubles           0x08007137   Thumb Code     0  fpinit.o(x$fpl$fpinit)
    __fpl_fretinf                            0x08007139   Thumb Code    10  fretinf.o(x$fpl$fretinf)
    _printf_fp_dec                           0x08007143   Thumb Code     4  printf1.o(x$fpl$printf1)
    __fpl_return_NaN                         0x08007147   Thumb Code   100  retnan.o(x$fpl$retnan)
    __ARM_scalbn                             0x080071ab   Thumb Code    92  scalbn.o(x$fpl$scalbn)
    __fpl_cmpreturn                          0x08007207   Thumb Code    48  trapv.o(x$fpl$trapveneer)
    __I$use$fp                               0x08007236   Number         0  usenofp.o(x$fpl$usenofp)
    CLOCK_SECOND                             0x08007238   Data           4  clock.o(.constdata)
    GPIO_PIN                                 0x0800723c   Data           2  stm32f4xx_nucleo.o(.constdata)
    BUTTON_PIN                               0x0800723e   Data           2  stm32f4xx_nucleo.o(.constdata)
    BUTTON_IRQn                              0x08007240   Data           1  stm32f4xx_nucleo.o(.constdata)
    APBAHBPrescTable                         0x08007241   Data          16  stm32f4xx_hal_rcc.o(.constdata)
    __stdin_name                             0x08007251   Data           7  retarget_io.o(.constdata)
    __stdout_name                            0x08007258   Data           8  retarget_io.o(.constdata)
    __stderr_name                            0x08007260   Data           8  retarget_io.o(.constdata)
    __mathlib_zero                           0x08007330   Data           8  qnan.o(.constdata)
    Region$$Table$$Base                      0x080074ac   Number         0  anon$$obj.o(Region$$Table)
    Region$$Table$$Limit                     0x080074cc   Number         0  anon$$obj.o(Region$$Table)
    ms_counter                               0x20000000   Data           4  stm32xx_it.o(.data)
    button_event                             0x20000004   Data           1  stm32xx_it.o(.data)
    bnrg_expansion_board                     0x20000005   Data           1  main.o(.data)
    DISCOVERY_SPI_FLAG                       0x20000006   Data           1  main.o(.data)
    LED_STATE                                0x20000007   Data           1  main.o(.data)
    connected                                0x20000008   Data           4  sensor_service.o(.data)
    set_connectable                          0x2000000c   Data           1  sensor_service.o(.data)
    connection_handle                        0x2000000e   Data           2  sensor_service.o(.data)
    notification_enabled                     0x20000010   Data           1  sensor_service.o(.data)
    sampleServHandle                         0x20000012   Data           2  sensor_service.o(.data)
    TXCharHandle                             0x20000014   Data           2  sensor_service.o(.data)
    RXCharHandle                             0x20000016   Data           2  sensor_service.o(.data)
    accServHandle                            0x20000018   Data           2  sensor_service.o(.data)
    freeFallCharHandle                       0x2000001a   Data           2  sensor_service.o(.data)
    accCharHandle                            0x2000001c   Data           2  sensor_service.o(.data)
    envSensServHandle                        0x2000001e   Data           2  sensor_service.o(.data)
    tempCharHandle                           0x20000020   Data           2  sensor_service.o(.data)
    pressCharHandle                          0x20000022   Data           2  sensor_service.o(.data)
    humidityCharHandle                       0x20000024   Data           2  sensor_service.o(.data)
    hciReadPktPool                           0x20000028   Data           8  hci.o(.data)
    hciReadPktRxQueue                        0x20000030   Data           8  hci.o(.data)
    GPIO_PORT                                0x2000003c   Data           4  stm32f4xx_nucleo.o(.data)
    BUTTON_PORT                              0x20000040   Data           4  stm32f4xx_nucleo.o(.data)
    SpixTimeout                              0x20000044   Data           4  stm32f4xx_nucleo.o(.data)
    SystemCoreClock                          0x20000048   Data           4  system_stm32f4xx.o(.data)
    AHBPrescTable                            0x2000004c   Data          16  system_stm32f4xx.o(.data)
    __aeabi_stdin                            0x20000060   Data           4  stdio_streams.o(.data)
    __aeabi_stdout                           0x20000064   Data           4  stdio_streams.o(.data)
    __aeabi_stderr                           0x20000068   Data           4  stdio_streams.o(.data)
    axes_data                                0x2000006c   Data          12  sensor_service.o(.bss)
    SpiHandle                                0x20000334   Data          88  stm32_bluenrg_ble.o(.bss)
    _random_number_data                      0x2000038c   Data         228  rand.o(.bss)
    __stdin                                  0x20000470   Data          84  stdio_streams.o(.bss)
    __stdout                                 0x200004c4   Data          84  stdio_streams.o(.bss)
    __stderr                                 0x20000518   Data          84  stdio_streams.o(.bss)
    __libspace_start                         0x2000056c   Data          96  libspace.o(.bss)
    __temporary_stack_top$libspace           0x200005cc   Data           0  libspace.o(.bss)



==============================================================================

Memory Map of the image

  Image Entry point : 0x080002a1

  Load Region LR_1 (Base: 0x08000000, Size: 0x00007554, Max: 0xffffffff, ABSOLUTE)

    Execution Region ER_RO (Base: 0x08000000, Size: 0x000074e8, Max: 0xffffffff, ABSOLUTE)

    Base Addr    Size         Type   Attr      Idx    E Section Name        Object

    0x08000000   0x00000194   Data   RO         3724    RESET               startup_stm32f401xe.o
    0x08000194   0x00000008   Code   RO         3888  * !!!main             c_w.l(__main.o)
    0x0800019c   0x00000034   Code   RO         4362    !!!scatter          c_w.l(__scatter.o)
    0x080001d0   0x0000001a   Code   RO         4364    !!handler_copy      c_w.l(__scatter_copy.o)
    0x080001ea   0x00000002   PAD
    0x080001ec   0x0000001c   Code   RO         4366    !!handler_zi        c_w.l(__scatter_zi.o)
    0x08000208   0x00000000   Code   RO         3872    .ARM.Collect$$_printf_percent$$00000000  c_w.l(_printf_percent.o)
    0x08000208   0x00000006   Code   RO         3871    .ARM.Collect$$_printf_percent$$00000003  c_w.l(_printf_f.o)
    0x0800020e   0x00000006   Code   RO         3870    .ARM.Collect$$_printf_percent$$00000009  c_w.l(_printf_d.o)
    0x08000214   0x00000006   Code   RO         3869    .ARM.Collect$$_printf_percent$$0000000C  c_w.l(_printf_x.o)
    0x0800021a   0x00000004   Code   RO         3929    .ARM.Collect$$_printf_percent$$00000017  c_w.l(_printf_percent_end.o)
    0x0800021e   0x00000002   Code   RO         4229    .ARM.Collect$$libinit$$00000000  c_w.l(libinit.o)
    0x08000220   0x00000004   Code   RO         3940    .ARM.Collect$$libinit$$00000001  c_w.l(libinit2.o)
    0x08000224   0x00000000   Code   RO         3943    .ARM.Collect$$libinit$$00000004  c_w.l(libinit2.o)
    0x08000224   0x00000008   Code   RO         3944    .ARM.Collect$$libinit$$00000005  c_w.l(libinit2.o)
    0x0800022c   0x00000000   Code   RO         3946    .ARM.Collect$$libinit$$0000000A  c_w.l(libinit2.o)
    0x0800022c   0x00000000   Code   RO         3948    .ARM.Collect$$libinit$$0000000C  c_w.l(libinit2.o)
    0x0800022c   0x00000004   Code   RO         3949    .ARM.Collect$$libinit$$0000000D  c_w.l(libinit2.o)
    0x08000230   0x00000000   Code   RO         3950    .ARM.Collect$$libinit$$0000000E  c_w.l(libinit2.o)
    0x08000230   0x00000006   Code   RO         3951    .ARM.Collect$$libinit$$0000000F  c_w.l(libinit2.o)
    0x08000236   0x00000000   Code   RO         3953    .ARM.Collect$$libinit$$00000011  c_w.l(libinit2.o)
    0x08000236   0x00000000   Code   RO         3955    .ARM.Collect$$libinit$$00000013  c_w.l(libinit2.o)
    0x08000236   0x00000000   Code   RO         3957    .ARM.Collect$$libinit$$00000015  c_w.l(libinit2.o)
    0x08000236   0x0000000a   Code   RO         3958    .ARM.Collect$$libinit$$00000016  c_w.l(libinit2.o)
    0x08000240   0x00000000   Code   RO         3959    .ARM.Collect$$libinit$$00000017  c_w.l(libinit2.o)
    0x08000240   0x00000000   Code   RO         3961    .ARM.Collect$$libinit$$00000019  c_w.l(libinit2.o)
    0x08000240   0x00000000   Code   RO         3963    .ARM.Collect$$libinit$$0000001B  c_w.l(libinit2.o)
    0x08000240   0x00000000   Code   RO         3965    .ARM.Collect$$libinit$$0000001D  c_w.l(libinit2.o)
    0x08000240   0x00000000   Code   RO         3967    .ARM.Collect$$libinit$$0000001F  c_w.l(libinit2.o)
    0x08000240   0x00000000   Code   RO         3969    .ARM.Collect$$libinit$$00000021  c_w.l(libinit2.o)
    0x08000240   0x00000000   Code   RO         3971    .ARM.Collect$$libinit$$00000023  c_w.l(libinit2.o)
    0x08000240   0x00000004   Code   RO         3972    .ARM.Collect$$libinit$$00000024  c_w.l(libinit2.o)
    0x08000244   0x00000000   Code   RO         3973    .ARM.Collect$$libinit$$00000025  c_w.l(libinit2.o)
    0x08000244   0x00000000   Code   RO         3977    .ARM.Collect$$libinit$$0000002C  c_w.l(libinit2.o)
    0x08000244   0x00000000   Code   RO         3979    .ARM.Collect$$libinit$$0000002E  c_w.l(libinit2.o)
    0x08000244   0x00000000   Code   RO         3981    .ARM.Collect$$libinit$$00000030  c_w.l(libinit2.o)
    0x08000244   0x00000000   Code   RO         3983    .ARM.Collect$$libinit$$00000032  c_w.l(libinit2.o)
    0x08000244   0x00000002   Code   RO         3984    .ARM.Collect$$libinit$$00000033  c_w.l(libinit2.o)
    0x08000246   0x00000002   Code   RO         4343    .ARM.Collect$$libshutdown$$00000000  c_w.l(libshutdown.o)
    0x08000248   0x00000004   Code   RO         4231    .ARM.Collect$$libshutdown$$00000002  c_w.l(libshutdown2.o)
    0x0800024c   0x00000000   Code   RO         4232    .ARM.Collect$$libshutdown$$00000003  c_w.l(libshutdown2.o)
    0x0800024c   0x00000000   Code   RO         4235    .ARM.Collect$$libshutdown$$00000006  c_w.l(libshutdown2.o)
    0x0800024c   0x00000000   Code   RO         4238    .ARM.Collect$$libshutdown$$00000009  c_w.l(libshutdown2.o)
    0x0800024c   0x00000000   Code   RO         4240    .ARM.Collect$$libshutdown$$0000000B  c_w.l(libshutdown2.o)
    0x0800024c   0x00000000   Code   RO         4243    .ARM.Collect$$libshutdown$$0000000E  c_w.l(libshutdown2.o)
    0x0800024c   0x00000002   Code   RO         4244    .ARM.Collect$$libshutdown$$0000000F  c_w.l(libshutdown2.o)
    0x0800024e   0x00000000   Code   RO         3916    .ARM.Collect$$rtentry$$00000000  c_w.l(__rtentry.o)
    0x0800024e   0x00000000   Code   RO         4050    .ARM.Collect$$rtentry$$00000002  c_w.l(__rtentry2.o)
    0x0800024e   0x00000006   Code   RO         4062    .ARM.Collect$$rtentry$$00000004  c_w.l(__rtentry4.o)
    0x08000254   0x00000000   Code   RO         4052    .ARM.Collect$$rtentry$$00000009  c_w.l(__rtentry2.o)
    0x08000254   0x00000004   Code   RO         4053    .ARM.Collect$$rtentry$$0000000A  c_w.l(__rtentry2.o)
    0x08000258   0x00000000   Code   RO         4055    .ARM.Collect$$rtentry$$0000000C  c_w.l(__rtentry2.o)
    0x08000258   0x00000008   Code   RO         4056    .ARM.Collect$$rtentry$$0000000D  c_w.l(__rtentry2.o)
    0x08000260   0x00000002   Code   RO         4251    .ARM.Collect$$rtexit$$00000000  c_w.l(rtexit.o)
    0x08000262   0x00000000   Code   RO         4306    .ARM.Collect$$rtexit$$00000002  c_w.l(rtexit2.o)
    0x08000262   0x00000004   Code   RO         4307    .ARM.Collect$$rtexit$$00000003  c_w.l(rtexit2.o)
    0x08000266   0x00000006   Code   RO         4308    .ARM.Collect$$rtexit$$00000004  c_w.l(rtexit2.o)
    0x0800026c   0x00000034   Code   RO         3873    .emb_text           c_w.l(rand.o)
    0x080002a0   0x00000000   Code   RO         4312    .emb_text           c_w.l(maybetermalloc1.o)
    0x080002a0   0x00000040   Code   RO         3725  * .text               startup_stm32f401xe.o
    0x080002e0   0x000000ee   Code   RO         3816    .text               c_w.l(lludivv7m.o)
    0x080003ce   0x00000002   PAD
    0x080003d0   0x00000018   Code   RO         3820    .text               c_w.l(noretval__2printf.o)
    0x080003e8   0x0000004e   Code   RO         3824    .text               c_w.l(_printf_pad.o)
    0x08000436   0x00000002   PAD
    0x08000438   0x00000078   Code   RO         3826    .text               c_w.l(_printf_dec.o)
    0x080004b0   0x00000058   Code   RO         3831    .text               c_w.l(_printf_hex_int.o)
    0x08000508   0x00000138   Code   RO         3861    .text               c_w.l(__printf_flags_wp.o)
    0x08000640   0x0000003c   Code   RO         3874    .text               c_w.l(rand.o)
    0x0800067c   0x0000003e   Code   RO         3878    .text               c_w.l(strlen.o)
    0x080006ba   0x00000008   Code   RO         3880    .text               c_w.l(memcpy.o)
    0x080006c2   0x00000016   Code   RO         3882    .text               c_w.l(memset.o)
    0x080006d8   0x00000080   Code   RO         3884    .text               c_w.l(strcmpv7m.o)
    0x08000758   0x00000006   Code   RO         3886    .text               c_w.l(heapauxi.o)
    0x0800075e   0x00000016   Code   RO         3921    .text               c_w.l(_rserrno.o)
    0x08000774   0x000000b2   Code   RO         3923    .text               c_w.l(_printf_intcommon.o)
    0x08000826   0x0000041a   Code   RO         3925    .text               c_w.l(_printf_fp_dec.o)
    0x08000c40   0x00000024   Code   RO         3927    .text               c_w.l(_printf_char_file.o)
    0x08000c64   0x0000008a   Code   RO         3936    .text               c_w.l(rt_memcpy_v6.o)
    0x08000cee   0x00000044   Code   RO         3938    .text               c_w.l(rt_memclr.o)
    0x08000d32   0x00000002   PAD
    0x08000d34   0x00000008   Code   RO         4069    .text               c_w.l(rt_locale_intlibspace.o)
    0x08000d3c   0x00000008   Code   RO         4074    .text               c_w.l(rt_errno_addr_intlibspace.o)
    0x08000d44   0x0000008a   Code   RO         4076    .text               c_w.l(lludiv10.o)
    0x08000dce   0x00000002   PAD
    0x08000dd0   0x00000030   Code   RO         4078    .text               c_w.l(_printf_char_common.o)
    0x08000e00   0x00000080   Code   RO         4080    .text               c_w.l(_printf_fp_infnan.o)
    0x08000e80   0x000000dc   Code   RO         4082    .text               c_w.l(bigflt0.o)
    0x08000f5c   0x00000008   Code   RO         4107    .text               c_w.l(ferror.o)
    0x08000f64   0x00000138   Code   RO         4109    .text               c_w.l(initio.o)
    0x0800109c   0x00000064   Code   RO         4118    .text               c_w.l(rt_memcpy_w.o)
    0x08001100   0x0000004e   Code   RO         4120    .text               c_w.l(rt_memclr_w.o)
    0x0800114e   0x00000002   PAD
    0x08001150   0x00000008   Code   RO         4134    .text               c_w.l(libspace.o)
    0x08001158   0x0000004a   Code   RO         4139    .text               c_w.l(sys_stackheap_outer.o)
    0x080011a2   0x0000004e   Code   RO         4143    .text               c_w.l(h1_free.o)
    0x080011f0   0x00000046   Code   RO         4199    .text               c_w.l(setvbuf.o)
    0x08001236   0x00000002   PAD
    0x08001238   0x000000ec   Code   RO         4202    .text               c_w.l(fopen.o)
    0x08001324   0x0000004c   Code   RO         4204    .text               c_w.l(fclose.o)
    0x08001370   0x0000000c   Code   RO         4210    .text               c_w.l(exit.o)
    0x0800137c   0x0000000e   Code   RO         4216    .text               c_w.l(defsig_rtred_outer.o)
    0x0800138a   0x00000002   PAD
    0x0800138c   0x00000008   Code   RO         4258    .text               c_w.l(rt_heap_descriptor_intlibspace.o)
    0x08001394   0x00000004   Code   RO         4260    .text               c_w.l(hguard.o)
    0x08001398   0x0000008a   Code   RO         4264    .text               c_w.l(init_alloc.o)
    0x08001422   0x0000005e   Code   RO         4270    .text               c_w.l(h1_alloc.o)
    0x08001480   0x000000f8   Code   RO         4284    .text               c_w.l(fseek.o)
    0x08001578   0x000000f0   Code   RO         4286    .text               c_w.l(stdio.o)
    0x08001668   0x0000000a   Code   RO         4288    .text               c_w.l(defsig_exit.o)
    0x08001672   0x00000002   PAD
    0x08001674   0x00000034   Code   RO         4292    .text               c_w.l(defsig_rtred_inner.o)
    0x080016a8   0x0000000e   Code   RO         4294    .text               c_w.l(defsig_rtmem_outer.o)
    0x080016b6   0x00000002   PAD
    0x080016b8   0x0000000c   Code   RO         4300    .text               c_w.l(sys_exit.o)
    0x080016c4   0x00000002   Code   RO         4302    .text               c_w.l(use_no_semi.o)
    0x080016c6   0x00000000   Code   RO         4304    .text               c_w.l(indicate_semi.o)
    0x080016c6   0x0000000e   Code   RO         4314    .text               c_w.l(h1_init.o)
    0x080016d4   0x00000034   Code   RO         4316    .text               c_w.l(h1_extend.o)
    0x08001708   0x00000042   Code   RO         4322    .text               c_w.l(ftell.o)
    0x0800174a   0x00000032   Code   RO         4326    .text               c_w.l(defsig_general.o)
    0x0800177c   0x00000050   Code   RO         4328    .text               c_w.l(defsig_rtmem_inner.o)
    0x080017cc   0x0000000e   Code   RO         4335    .text               c_w.l(sys_wrch.o)
    0x080017da   0x0000003e   Code   RO         4085    CL$$btod_d2e        c_w.l(btod.o)
    0x08001818   0x00000046   Code   RO         4087    CL$$btod_d2e_denorm_low  c_w.l(btod.o)
    0x0800185e   0x00000060   Code   RO         4086    CL$$btod_d2e_norm_op1  c_w.l(btod.o)
    0x080018be   0x00000338   Code   RO         4095    CL$$btod_div_common  c_w.l(btod.o)
    0x08001bf6   0x000000c6   Code   RO         4092    CL$$btod_e2e        c_w.l(btod.o)
    0x08001cbc   0x00000028   Code   RO         4089    CL$$btod_ediv       c_w.l(btod.o)
    0x08001ce4   0x00000028   Code   RO         4088    CL$$btod_emul       c_w.l(btod.o)
    0x08001d0c   0x00000244   Code   RO         4094    CL$$btod_mult_common  c_w.l(btod.o)
    0x08001f50   0x00000088   Code   RO          413    i.Acc_Update        sensor_service.o
    0x08001fd8   0x000001f0   Code   RO          414    i.Add_Acc_Service   sensor_service.o
    0x080021c8   0x00000394   Code   RO          415    i.Add_Environmental_Sensor_Service  sensor_service.o
    0x0800255c   0x00000040   Code   RO         1928    i.BNRG_SPI_Init     stm32_bluenrg_ble.o
    0x0800259c   0x00000020   Code   RO         1712    i.BSP_PB_GetState   stm32f4xx_nucleo.o
    0x080025bc   0x0000009c   Code   RO         1713    i.BSP_PB_Init       stm32f4xx_nucleo.o
    0x08002658   0x00000018   Code   RO         1929    i.BlueNRG_DataPresent  stm32_bluenrg_ble.o
    0x08002670   0x0000002c   Code   RO         1931    i.BlueNRG_RST       stm32_bluenrg_ble.o
    0x0800269c   0x000000a8   Code   RO         1932    i.BlueNRG_SPI_Read_All  stm32_bluenrg_ble.o
    0x08002744   0x000000c4   Code   RO         1933    i.BlueNRG_SPI_Write  stm32_bluenrg_ble.o
    0x08002808   0x0000000c   Code   RO         1934    i.Clear_SPI_EXTI_Flag  stm32_bluenrg_ble.o
    0x08002814   0x00000008   Code   RO          148    i.Clock_Time        clock.o
    0x0800281c   0x00000002   Code   RO          227    i.DebugMon_Handler  stm32xx_it.o
    0x0800281e   0x0000000a   Code   RO         1936    i.Disable_SPI_IRQ   stm32_bluenrg_ble.o
    0x08002828   0x0000000a   Code   RO          228    i.EXTI0_IRQHandler  stm32xx_it.o
    0x08002832   0x00000002   PAD
    0x08002834   0x00000018   Code   RO          229    i.EXTI15_10_IRQHandler  stm32xx_it.o
    0x0800284c   0x0000000a   Code   RO          230    i.EXTI4_IRQHandler  stm32xx_it.o
    0x08002856   0x0000000a   Code   RO         1937    i.Enable_SPI_IRQ    stm32_bluenrg_ble.o
    0x08002860   0x00000064   Code   RO          417    i.GAP_ConnectionComplete_CB  sensor_service.o
    0x080028c4   0x00000038   Code   RO          418    i.GAP_DisconnectionComplete_CB  sensor_service.o
    0x080028fc   0x0000001a   Code   RO         2053    i.HAL_Delay         stm32f4xx_hal.o
    0x08002916   0x00000002   PAD
    0x08002918   0x00000020   Code   RO          310    i.HAL_GPIO_EXTI_Callback  main.o
    0x08002938   0x0000001c   Code   RO         3010    i.HAL_GPIO_EXTI_IRQHandler  stm32f4xx_hal_gpio.o
    0x08002954   0x000001d0   Code   RO         3011    i.HAL_GPIO_Init     stm32f4xx_hal_gpio.o
    0x08002b24   0x00000010   Code   RO         3013    i.HAL_GPIO_ReadPin  stm32f4xx_hal_gpio.o
    0x08002b34   0x0000000c   Code   RO         3015    i.HAL_GPIO_WritePin  stm32f4xx_hal_gpio.o
    0x08002b40   0x0000000c   Code   RO         2059    i.HAL_GetTick       stm32f4xx_hal.o
    0x08002b4c   0x00000010   Code   RO         2060    i.HAL_IncTick       stm32f4xx_hal.o
    0x08002b5c   0x0000003c   Code   RO         2061    i.HAL_Init          stm32f4xx_hal.o
    0x08002b98   0x00000024   Code   RO         2062    i.HAL_InitTick      stm32f4xx_hal.o
    0x08002bbc   0x00000002   Code   RO         2064    i.HAL_MspInit       stm32f4xx_hal.o
    0x08002bbe   0x00000002   PAD
    0x08002bc0   0x0000001c   Code   RO         2481    i.HAL_NVIC_DisableIRQ  stm32f4xx_hal_cortex.o
    0x08002bdc   0x0000001a   Code   RO         2482    i.HAL_NVIC_EnableIRQ  stm32f4xx_hal_cortex.o
    0x08002bf6   0x0000007c   Code   RO         2488    i.HAL_NVIC_SetPriority  stm32f4xx_hal_cortex.o
    0x08002c72   0x00000002   PAD
    0x08002c74   0x00000028   Code   RO         2489    i.HAL_NVIC_SetPriorityGrouping  stm32f4xx_hal_cortex.o
    0x08002c9c   0x000002b0   Code   RO         3285    i.HAL_RCC_ClockConfig  stm32f4xx_hal_rcc.o
    0x08002f4c   0x00000038   Code   RO         3290    i.HAL_RCC_GetHCLKFreq  stm32f4xx_hal_rcc.o
    0x08002f84   0x000000b4   Code   RO         3294    i.HAL_RCC_GetSysClockFreq  stm32f4xx_hal_rcc.o
    0x08003038   0x00000404   Code   RO         3297    i.HAL_RCC_OscConfig  stm32f4xx_hal_rcc.o
    0x0800343c   0x00000088   Code   RO         3441    i.HAL_SPI_Init      stm32f4xx_hal_spi.o
    0x080034c4   0x000001ac   Code   RO          311    i.HAL_SPI_MspInit   main.o
    0x08003670   0x00000352   Code   RO         3450    i.HAL_SPI_TransmitReceive  stm32f4xx_hal_spi.o
    0x080039c2   0x00000034   Code   RO         2493    i.HAL_SYSTICK_Config  stm32f4xx_hal_cortex.o
    0x080039f6   0x0000006a   Code   RO          419    i.HCI_Event_CB      sensor_service.o
    0x08003a60   0x0000003c   Code   RO          621    i.HCI_Init          hci.o
    0x08003a9c   0x00000088   Code   RO          622    i.HCI_Isr           hci.o
    0x08003b24   0x00000084   Code   RO          623    i.HCI_Process       hci.o
    0x08003ba8   0x00000010   Code   RO          624    i.HCI_Queue_Empty   hci.o
    0x08003bb8   0x00000024   Code   RO          625    i.HCI_verify        hci.o
    0x08003bdc   0x00000050   Code   RO         1938    i.Hal_Write_Serial  stm32_bluenrg_ble.o
    0x08003c2c   0x00000004   Code   RO          231    i.HardFault_Handler  stm32xx_it.o
    0x08003c30   0x00000060   Code   RO          420    i.Humidity_Update   sensor_service.o
    0x08003c90   0x00000030   Code   RO         3730    i.ITM_SendChar      retarget_io.o
    0x08003cc0   0x00000010   Code   RO          515    i.Master_Communication  nucleospi.o
    0x08003cd0   0x000001b0   Code   RO          516    i.Master_Read       nucleospi.o
    0x08003e80   0x00000002   Code   RO          232    i.NMI_Handler       stm32xx_it.o
    0x08003e82   0x00000002   PAD
    0x08003e84   0x00000010   Code   RO         2495    i.NVIC_GetPriorityGrouping  stm32f4xx_hal_cortex.o
    0x08003e94   0x00000028   Code   RO         2496    i.NVIC_SetPriority  stm32f4xx_hal_cortex.o
    0x08003ebc   0x00000170   Code   RO          519    i.NucleoSPI_Config  nucleospi.o
    0x0800402c   0x00000014   Code   RO         1682    i.Osal_MemCpy       osal.o
    0x08004040   0x00000014   Code   RO         1683    i.Osal_MemSet       osal.o
    0x08004054   0x00000002   Code   RO          233    i.PendSV_Handler    stm32xx_it.o
    0x08004056   0x00000002   PAD
    0x08004058   0x00000060   Code   RO          421    i.Press_Update      sensor_service.o
    0x080040b8   0x00000060   Code   RO          520    i.Read_DataLines    nucleospi.o
    0x08004118   0x000000f4   Code   RO          422    i.Read_Request_CB   sensor_service.o
    0x0800420c   0x00000038   Code   RO          521    i.Reset_DataLines   nucleospi.o
    0x08004244   0x00000114   Code   RO         3472    i.SPI_WaitOnFlagUntilTimeout  stm32f4xx_hal_spi.o
    0x08004358   0x00000002   Code   RO          234    i.SVC_Handler       stm32xx_it.o
    0x0800435a   0x00000002   PAD
    0x0800435c   0x00000018   Code   RO          235    i.SysTick_Handler   stm32xx_it.o
    0x08004374   0x00000042   Code   RO          199    i.SystemClock_Config  cube_hal_f4.o
    0x080043b6   0x00000002   PAD
    0x080043b8   0x00000064   Code   RO         1889    i.SystemInit        system_stm32f4xx.o
    0x0800441c   0x00000060   Code   RO          423    i.Temp_Update       sensor_service.o
    0x0800447c   0x0000001c   Code   RO         1539    i.Timer_Expired     gp_timer.o
    0x08004498   0x00000010   Code   RO         1543    i.Timer_Set         gp_timer.o
    0x080044a8   0x00000050   Code   RO          312    i.User_Process      main.o
    0x080044f8   0x00000030   Code   RO         4032    i.__ARM_fpclassify  m_wm.l(fpclassify.o)
    0x08004528   0x00000006   Code   RO         1578    i.__get_PRIMASK     list.o
    0x0800452e   0x00000002   PAD
    0x08004530   0x00000c38   Code   RO         3902    i.__hardfp_pow      m_wm.l(pow.o)
    0x08005168   0x000000f8   Code   RO         4034    i.__kernel_poly     m_wm.l(poly.o)
    0x08005260   0x00000030   Code   RO         4012    i.__mathlib_dbl_divzero  m_wm.l(dunder.o)
    0x08005290   0x00000014   Code   RO         4014    i.__mathlib_dbl_infnan2  m_wm.l(dunder.o)
    0x080052a4   0x00000004   PAD
    0x080052a8   0x00000020   Code   RO         4015    i.__mathlib_dbl_invalid  m_wm.l(dunder.o)
    0x080052c8   0x00000020   Code   RO         4016    i.__mathlib_dbl_overflow  m_wm.l(dunder.o)
    0x080052e8   0x00000020   Code   RO         4018    i.__mathlib_dbl_underflow  m_wm.l(dunder.o)
    0x08005308   0x00000006   Code   RO         1579    i.__set_PRIMASK     list.o
    0x0800530e   0x0000000e   Code   RO         3859    i._is_digit         c_w.l(__printf_wp.o)
    0x0800531c   0x00000026   Code   RO         3731    i._sys_close        retarget_io.o
    0x08005342   0x00000024   Code   RO         3732    i._sys_flen         retarget_io.o
    0x08005366   0x00000024   Code   RO         3733    i._sys_istty        retarget_io.o
    0x0800538a   0x00000002   PAD
    0x0800538c   0x00000068   Code   RO         3734    i._sys_open         retarget_io.o
    0x080053f4   0x0000002c   Code   RO         3736    i._sys_seek         retarget_io.o
    0x08005420   0x00000046   Code   RO         3737    i._sys_write        retarget_io.o
    0x08005466   0x00000072   Code   RO          914    i.aci_gap_init_IDB04A1  bluenrg_gap_aci.o
    0x080054d8   0x00000088   Code   RO          915    i.aci_gap_init_IDB05A1  bluenrg_gap_aci.o
    0x08005560   0x00000088   Code   RO          921    i.aci_gap_set_auth_requirement  bluenrg_gap_aci.o
    0x080055e8   0x0000010c   Code   RO          926    i.aci_gap_set_discoverable  bluenrg_gap_aci.o
    0x080056f4   0x000000e0   Code   RO         1169    i.aci_gatt_add_char  bluenrg_gatt_aci.o
    0x080057d4   0x00000112   Code   RO         1170    i.aci_gatt_add_char_desc  bluenrg_gatt_aci.o
    0x080058e6   0x000000a0   Code   RO         1171    i.aci_gatt_add_serv  bluenrg_gatt_aci.o
    0x08005986   0x00000048   Code   RO         1172    i.aci_gatt_allow_read  bluenrg_gatt_aci.o
    0x080059ce   0x0000003c   Code   RO         1185    i.aci_gatt_init     bluenrg_gatt_aci.o
    0x08005a0a   0x000000aa   Code   RO         1198    i.aci_gatt_update_char_value  bluenrg_gatt_aci.o
    0x08005ab4   0x00000058   Code   RO         1428    i.aci_hal_set_tx_power_level  bluenrg_hal_aci.o
    0x08005b0c   0x0000007c   Code   RO         1431    i.aci_hal_write_config_data  bluenrg_hal_aci.o
    0x08005b88   0x00000018   Code   RO         4028    i.fabs              m_wm.l(fabs.o)
    0x08005ba0   0x00000038   Code   RO          589    i.fputc             fput_debug.o
    0x08005bd8   0x00000056   Code   RO         1490    i.getBlueNRGVersion  bluenrg_utils_small.o
    0x08005c2e   0x00000084   Code   RO          638    i.hci_le_read_local_version  hci.o
    0x08005cb2   0x0000006a   Code   RO          649    i.hci_le_set_scan_resp_data  hci.o
    0x08005d1c   0x0000003c   Code   RO          656    i.hci_send_cmd      hci.o
    0x08005d58   0x000001b8   Code   RO          657    i.hci_send_req      hci.o
    0x08005f10   0x0000001c   Code   RO          659    i.hci_write         hci.o
    0x08005f2c   0x00000006   Code   RO         1583    i.list_init_head    list.o
    0x08005f32   0x00000022   Code   RO         1584    i.list_insert_head  list.o
    0x08005f54   0x00000022   Code   RO         1587    i.list_insert_tail  list.o
    0x08005f76   0x00000022   Code   RO         1588    i.list_is_empty     list.o
    0x08005f98   0x0000002a   Code   RO         1589    i.list_remove_head  list.o
    0x08005fc2   0x00000020   Code   RO         1590    i.list_remove_node  list.o
    0x08005fe2   0x00000002   PAD
    0x08005fe4   0x00000348   Code   RO          313    i.main              main.o
    0x0800632c   0x00000024   Code   RO          660    i.move_list         hci.o
    0x08006350   0x0000009c   Code   RO          424    i.setConnectable    sensor_service.o
    0x080063ec   0x00000038   Code   RO         1940    i.set_irq_as_input  stm32_bluenrg_ble.o
    0x08006424   0x0000002c   Code   RO         1941    i.set_irq_as_output  stm32_bluenrg_ble.o
    0x08006450   0x0000006e   Code   RO         4039    i.sqrt              m_wm.l(sqrt.o)
    0x080064be   0x0000000c   Code   RO         3738    i.stdout_putchar    retarget_io.o
    0x080064ca   0x0000001c   Code   RO         1942    i.us150Delay        stm32_bluenrg_ble.o
    0x080064e6   0x00000002   PAD
    0x080064e8   0x0000002c   Code   RO         4116    locale$$code        c_w.l(lc_numeric_c.o)
    0x08006514   0x00000018   Code   RO         3985    x$fpl$basic         fz_wm.l(basic.o)
    0x0800652c   0x00000062   Code   RO         3890    x$fpl$d2f           fz_wm.l(d2f.o)
    0x0800658e   0x00000002   PAD
    0x08006590   0x00000150   Code   RO         3987    x$fpl$dadd          fz_wm.l(daddsub_clz.o)
    0x080066e0   0x00000010   Code   RO         4124    x$fpl$dcheck1       fz_wm.l(dcheck1.o)
    0x080066f0   0x00000018   Code   RO         4245    x$fpl$dcmpinf       fz_wm.l(dcmpi.o)
    0x08006708   0x000002b0   Code   RO         3994    x$fpl$ddiv          fz_wm.l(ddiv.o)
    0x080069b8   0x0000002e   Code   RO         3893    x$fpl$dflt          fz_wm.l(dflt_clz.o)
    0x080069e6   0x00000002   PAD
    0x080069e8   0x00000078   Code   RO         4126    x$fpl$dleqf         fz_wm.l(dleqf.o)
    0x08006a60   0x00000154   Code   RO         3997    x$fpl$dmul          fz_wm.l(dmul.o)
    0x08006bb4   0x0000009c   Code   RO         3999    x$fpl$dnaninf       fz_wm.l(dnaninf.o)
    0x08006c50   0x0000000c   Code   RO         4001    x$fpl$dretinf       fz_wm.l(dretinf.o)
    0x08006c5c   0x0000006c   Code   RO         4003    x$fpl$drleqf        fz_wm.l(drleqf.o)
    0x08006cc8   0x00000016   Code   RO         3988    x$fpl$drsb          fz_wm.l(daddsub_clz.o)
    0x08006cde   0x00000002   PAD
    0x08006ce0   0x00000198   Code   RO         4128    x$fpl$dsqrt         fz_wm.l(dsqrt_umaal.o)
    0x08006e78   0x000001d4   Code   RO         3989    x$fpl$dsub          fz_wm.l(daddsub_clz.o)
    0x0800704c   0x00000056   Code   RO         3898    x$fpl$f2d           fz_wm.l(f2d.o)
    0x080070a2   0x0000008c   Code   RO         4005    x$fpl$fnaninf       fz_wm.l(fnaninf.o)
    0x0800712e   0x0000000a   Code   RO         4130    x$fpl$fpinit        fz_wm.l(fpinit.o)
    0x08007138   0x0000000a   Code   RO         4007    x$fpl$fretinf       fz_wm.l(fretinf.o)
    0x08007142   0x00000004   Code   RO         3900    x$fpl$printf1       fz_wm.l(printf1.o)
    0x08007146   0x00000064   Code   RO         4247    x$fpl$retnan        fz_wm.l(retnan.o)
    0x080071aa   0x0000005c   Code   RO         4009    x$fpl$scalbn        fz_wm.l(scalbn.o)
    0x08007206   0x00000030   Code   RO         4298    x$fpl$trapveneer    fz_wm.l(trapv.o)
    0x08007236   0x00000000   Code   RO         4011    x$fpl$usenofp       fz_wm.l(usenofp.o)
    0x08007236   0x00000002   PAD
    0x08007238   0x00000004   Data   RO          150    .constdata          clock.o
    0x0800723c   0x00000005   Data   RO         1731    .constdata          stm32f4xx_nucleo.o
    0x08007241   0x00000010   Data   RO         3298    .constdata          stm32f4xx_hal_rcc.o
    0x08007251   0x00000017   Data   RO         3739    .constdata          retarget_io.o
    0x08007268   0x00000028   Data   RO         3832    .constdata          c_w.l(_printf_hex_int.o)
    0x08007290   0x00000011   Data   RO         3862    .constdata          c_w.l(__printf_flags_wp.o)
    0x080072a1   0x00000007   PAD
    0x080072a8   0x00000088   Data   RO         3905    .constdata          m_wm.l(pow.o)
    0x08007330   0x00000008   Data   RO         4036    .constdata          m_wm.l(qnan.o)
    0x08007338   0x00000094   Data   RO         4083    .constdata          c_w.l(bigflt0.o)
    0x080073cc   0x000000de   Data   RO          426    .conststring        sensor_service.o
    0x080074aa   0x00000002   PAD
    0x080074ac   0x00000020   Data   RO         4360    Region$$Table       anon$$obj.o
    0x080074cc   0x0000001c   Data   RO         4115    locale$$data        c_w.l(lc_numeric_c.o)


    Execution Region ER_RW (Base: 0x20000000, Size: 0x0000006c, Max: 0xffffffff, ABSOLUTE)

    Base Addr    Size         Type   Attr      Idx    E Section Name        Object

    0x20000000   0x00000005   Data   RW          236    .data               stm32xx_it.o
    0x20000005   0x00000003   Data   RW          314    .data               main.o
    0x20000008   0x0000001e   Data   RW          427    .data               sensor_service.o
    0x20000026   0x00000002   PAD
    0x20000028   0x00000013   Data   RW          662    .data               hci.o
    0x2000003b   0x00000001   PAD
    0x2000003c   0x0000000c   Data   RW         1732    .data               stm32f4xx_nucleo.o
    0x20000048   0x00000014   Data   RW         1890    .data               system_stm32f4xx.o
    0x2000005c   0x00000004   Data   RW         2067    .data               stm32f4xx_hal.o
    0x20000060   0x00000004   Data   RW         3933    .data               c_w.l(stdio_streams.o)
    0x20000064   0x00000004   Data   RW         3934    .data               c_w.l(stdio_streams.o)
    0x20000068   0x00000004   Data   RW         3935    .data               c_w.l(stdio_streams.o)


    Execution Region ER_ZI (Base: 0x2000006c, Size: 0x00000b64, Max: 0xffffffff, ABSOLUTE)

    Base Addr    Size         Type   Attr      Idx    E Section Name        Object

    0x2000006c   0x0000000c   Zero   RW          425    .bss                sensor_service.o
    0x20000078   0x000002bc   Zero   RW          661    .bss                hci.o
    0x20000334   0x00000058   Zero   RW         1943    .bss                stm32_bluenrg_ble.o
    0x2000038c   0x000000e4   Zero   RW         3875    .bss                c_w.l(rand.o)
    0x20000470   0x00000054   Zero   RW         3930    .bss                c_w.l(stdio_streams.o)
    0x200004c4   0x00000054   Zero   RW         3931    .bss                c_w.l(stdio_streams.o)
    0x20000518   0x00000054   Zero   RW         3932    .bss                c_w.l(stdio_streams.o)
    0x2000056c   0x00000060   Zero   RW         4135    .bss                c_w.l(libspace.o)
    0x200005cc   0x00000004   PAD
    0x200005d0   0x00000200   Zero   RW         3723    HEAP                startup_stm32f401xe.o
    0x200007d0   0x00000400   Zero   RW         3722    STACK               startup_stm32f401xe.o


==============================================================================

Image component sizes


      Code (inc. data)   RO Data    RW Data    ZI Data      Debug   Object Name

       654          0          0          0          0       5388   bluenrg_gap_aci.o
       960          0          0          0          0       7376   bluenrg_gatt_aci.o
       212          0          0          0          0       2601   bluenrg_hal_aci.o
         0          0          0          0          0     220436   bluenrg_interface.o
        86          0          0          0          0       1636   bluenrg_utils_small.o
         8          0          4          0          0       1964   clock.o
        66          0          0          0          0        609   cube_hal_f4.o
        56          4          0          0          0      28499   fput_debug.o
        44          0          0          0          0       1784   gp_timer.o
      1182         64          0         19        700      33571   hci.o
       194          0          0          0          0       6753   list.o
      1380        474          0          3          0      42970   main.o
       968         50          0          0          0       3859   nucleospi.o
        40          0          0          0          0       1364   osal.o
       388         30         23          0          0       6786   retarget_io.o
      2498        522        222         30         12      10917   sensor_service.o
        64         26        404          0       1536        808   startup_stm32f401xe.o
       736         78          0          0         88       8807   stm32_bluenrg_ble.o
       152         16          0          4          0       4696   stm32f4xx_hal.o
       326         28          0          0          0      30997   stm32f4xx_hal_cortex.o
       520         36          0          0          0       3702   stm32f4xx_hal_gpio.o
      1952         50         16          0          0       4849   stm32f4xx_hal_rcc.o
      1262          0          0          0          0       3593   stm32f4xx_hal_spi.o
       188         32          5         12          0       6396   stm32f4xx_nucleo.o
        80         12          0          5          0       4889   stm32xx_it.o
       100         18          0         20          0       1193   system_stm32f4xx.o

    ----------------------------------------------------------------------
     14140       1440        708         96       2336     446443   Object Totals
         0          0         32          0          0          0   (incl. Generated)
        24          0          2          3          0          0   (incl. Padding)

    ----------------------------------------------------------------------

      Code (inc. data)   RO Data    RW Data    ZI Data      Debug   Library Member Name

         8          0          0          0          0         68   __main.o
       312          4         17          0          0         92   __printf_flags_wp.o
        14          0          0          0          0         68   __printf_wp.o
         0          0          0          0          0          0   __rtentry.o
        12          0          0          0          0          0   __rtentry2.o
         6          0          0          0          0          0   __rtentry4.o
        52          8          0          0          0          0   __scatter.o
        26          0          0          0          0          0   __scatter_copy.o
        28          0          0          0          0          0   __scatter_zi.o
        48          6          0          0          0         96   _printf_char_common.o
        36          4          0          0          0         80   _printf_char_file.o
         6          0          0          0          0          0   _printf_d.o
       120         16          0          0          0         92   _printf_dec.o
         6          0          0          0          0          0   _printf_f.o
      1050          0          0          0          0        216   _printf_fp_dec.o
       128         16          0          0          0         84   _printf_fp_infnan.o
        88          4         40          0          0         88   _printf_hex_int.o
       178          0          0          0          0         88   _printf_intcommon.o
        78          0          0          0          0        108   _printf_pad.o
         0          0          0          0          0          0   _printf_percent.o
         4          0          0          0          0          0   _printf_percent_end.o
         6          0          0          0          0          0   _printf_x.o
        22          0          0          0          0        100   _rserrno.o
       220          4        148          0          0         96   bigflt0.o
      1910        128          0          0          0        672   btod.o
        10          0          0          0          0         68   defsig_exit.o
        50          0          0          0          0         88   defsig_general.o
        80         58          0          0          0         76   defsig_rtmem_inner.o
        14          0          0          0          0         80   defsig_rtmem_outer.o
        52         38          0          0          0         76   defsig_rtred_inner.o
        14          0          0          0          0         80   defsig_rtred_outer.o
        12          0          0          0          0         72   exit.o
        76          0          0          0          0         88   fclose.o
         8          0          0          0          0         68   ferror.o
       236          4          0          0          0        128   fopen.o
       248          6          0          0          0         84   fseek.o
        66          0          0          0          0         76   ftell.o
        94          0          0          0          0         80   h1_alloc.o
        52          0          0          0          0         68   h1_extend.o
        78          0          0          0          0         80   h1_free.o
        14          0          0          0          0         84   h1_init.o
         6          0          0          0          0        152   heapauxi.o
         4          0          0          0          0        136   hguard.o
         0          0          0          0          0          0   indicate_semi.o
       138          0          0          0          0        168   init_alloc.o
       312         46          0          0          0        112   initio.o
        44         10         28          0          0         76   lc_numeric_c.o
         2          0          0          0          0          0   libinit.o
        38          0          0          0          0          0   libinit2.o
         2          0          0          0          0          0   libshutdown.o
         6          0          0          0          0          0   libshutdown2.o
         8          4          0          0         96         68   libspace.o
       138          0          0          0          0         80   lludiv10.o
       238          0          0          0          0        100   lludivv7m.o
         0          0          0          0          0          0   maybetermalloc1.o
         8          0          0          0          0         76   memcpy.o
        22          0          0          0          0         76   memset.o
        24          4          0          0          0         84   noretval__2printf.o
       112         18          0          0        228        160   rand.o
         8          4          0          0          0         68   rt_errno_addr_intlibspace.o
         8          4          0          0          0         68   rt_heap_descriptor_intlibspace.o
         8          4          0          0          0         68   rt_locale_intlibspace.o
        68          0          0          0          0         68   rt_memclr.o
        78          0          0          0          0         80   rt_memclr_w.o
       138          0          0          0          0         68   rt_memcpy_v6.o
       100          0          0          0          0         80   rt_memcpy_w.o
         2          0          0          0          0          0   rtexit.o
        10          0          0          0          0          0   rtexit2.o
        70          0          0          0          0         80   setvbuf.o
       240          6          0          0          0        156   stdio.o
         0          0          0         12        252          0   stdio_streams.o
       128          0          0          0          0         68   strcmpv7m.o
        62          0          0          0          0         76   strlen.o
        12          4          0          0          0         68   sys_exit.o
        74          0          0          0          0         80   sys_stackheap_outer.o
        14          0          0          0          0         76   sys_wrch.o
         2          0          0          0          0         68   use_no_semi.o
        24          0          0          0          0        164   basic.o
        98          4          0          0          0        140   d2f.o
       826         16          0          0          0        492   daddsub_clz.o
        16          4          0          0          0        116   dcheck1.o
        24          0          0          0          0        116   dcmpi.o
       688        140          0          0          0        256   ddiv.o
        46          0          0          0          0        116   dflt_clz.o
       120          4          0          0          0        140   dleqf.o
       340         12          0          0          0        152   dmul.o
       156          4          0          0          0        140   dnaninf.o
        12          0          0          0          0        116   dretinf.o
       108          0          0          0          0        128   drleqf.o
       408         56          0          0          0        168   dsqrt_umaal.o
        86          4          0          0          0        132   f2d.o
       140          4          0          0          0        132   fnaninf.o
        10          0          0          0          0        116   fpinit.o
        10          0          0          0          0        116   fretinf.o
         4          0          0          0          0        116   printf1.o
       100          0          0          0          0        116   retnan.o
        92          0          0          0          0        116   scalbn.o
        48          0          0          0          0        116   trapv.o
         0          0          0          0          0          0   usenofp.o
       164         44          0          0          0        620   dunder.o
        24          0          0          0          0        124   fabs.o
        48          0          0          0          0        124   fpclassify.o
       248          0          0          0          0        152   poly.o
      3128        302        136          0          0        356   pow.o
         0          0          8          0          0          0   qnan.o
       110          0          0          0          0        148   sqrt.o

    ----------------------------------------------------------------------
     14696        994        384         12        580      10432   Library Totals
        32          0          7          0          4          0   (incl. Padding)

    ----------------------------------------------------------------------

      Code (inc. data)   RO Data    RW Data    ZI Data      Debug   Library Name

      7586        400        233         12        576       5704   c_w.l
      3356        248          0          0          0       3204   fz_wm.l
      3722        346        144          0          0       1524   m_wm.l

    ----------------------------------------------------------------------
     14696        994        384         12        580      10432   Library Totals

    ----------------------------------------------------------------------

==============================================================================


      Code (inc. data)   RO Data    RW Data    ZI Data      Debug   

     28836       2434       1092        108       2916     439499   Grand Totals
     28836       2434       1092        108       2916     439499   ELF Image Totals
     28836       2434       1092        108          0          0   ROM Totals

==============================================================================

    Total RO  Size (Code + RO Data)                29928 (  29.23kB)
    Total RW  Size (RW Data + ZI Data)              3024 (   2.95kB)
    Total ROM Size (Code + RO Data + RW Data)      30036 (  29.33kB)

==============================================================================

