Component: ARM Compiler 5.05 update 2 (build 169) Tool: armlink [4d0f33]

==============================================================================

Section Cross References

    main.o(.text) refers to stm32f4xx_hal_rcc.o(.text) for HAL_RCC_OscConfig
    main.o(.text) refers to memcpya.o(.text) for __aeabi_memcpy4
    main.o(.text) refers to stm32f4xx_hal_tim.o(.text) for HAL_TIM_Base_MspInit
    main.o(.text) refers to stm32f4xx_hal_cortex.o(.text) for HAL_NVIC_EnableIRQ
    main.o(.text) refers to stm32f4xx_hal_gpio.o(.text) for HAL_GPIO_EXTI_IRQHandler
    main.o(.text) refers to lis3dsh.o(.text) for LIS3DSH_ReadACC
    main.o(.text) refers to rt_cmsis.o(i.osSignalSet) for osSignalSet
    main.o(.text) refers to rt_cmsis.o(i.osKernelInitialize) for osKernelInitialize
    main.o(.text) refers to stm32f4xx_hal.o(.text) for HAL_Init
    main.o(.text) refers to printf1.o(i.__0printf$1) for __2printf
    main.o(.text) refers to thread_tempsensor.o(.text) for ADC_config
    main.o(.text) refers to thread_accelerometer.o(.text) for Accelerometer_config
    main.o(.text) refers to thread_userinterface.o(.text) for UserInterface_config
    main.o(.text) refers to rt_cmsis.o(i.osKernelStart) for osKernelStart
    main.o(.text) refers to rt_time.o(.data) for os_time
    main.o(.text) refers to main.o(.bss) for handle_tim3
    main.o(.text) refers to thread_accelerometer.o(.bss) for accelerometer_out
    main.o(.text) refers to thread_accelerometer.o(.data) for tid_Thread_Accelerometer
    main.o(.text) refers to main.o(.data) for timingDelay
    main.o(.text) refers to thread_tempsensor.o(.data) for tid_Thread_TempSensor
    thread_tempsensor.o(.text) refers to rt_cmsis.o(i.osThreadCreate) for osThreadCreate
    thread_tempsensor.o(.text) refers to printf1.o(i.__0printf$1) for __2printf
    thread_tempsensor.o(.text) refers to stm32f4xx_hal_adc.o(.text) for HAL_ADC_GetValue
    thread_tempsensor.o(.text) refers to kalmanfilter_asm.o(fn) for Kalmanfilter_asm
    thread_tempsensor.o(.text) refers to rt_cmsis.o(i.osMutexWait) for osMutexWait
    thread_tempsensor.o(.text) refers to rt_cmsis.o(i.osMutexRelease) for osMutexRelease
    thread_tempsensor.o(.text) refers to rt_cmsis.o(i.osSignalWait) for osSignalWait
    thread_tempsensor.o(.text) refers to rt_cmsis.o(i.osMutexCreate) for osMutexCreate
    thread_tempsensor.o(.text) refers to thread_tempsensor.o(.constdata) for os_thread_def_Thread_TempSensor
    thread_tempsensor.o(.text) refers to thread_tempsensor.o(.data) for tid_Thread_TempSensor
    thread_tempsensor.o(.text) refers to thread_tempsensor.o(.bss) for ADC1_Handle
    thread_tempsensor.o(.text) refers to main.o(.data) for temperatureMutex
    thread_tempsensor.o(.constdata) refers to thread_tempsensor.o(.text) for Thread_TempSensor
    thread_accelerometer.o(.text) refers to rt_cmsis.o(i.osThreadCreate) for osThreadCreate
    thread_accelerometer.o(.text) refers to printf1.o(i.__0printf$1) for __2printf
    thread_accelerometer.o(.text) refers to f2d.o(.text) for __aeabi_f2d
    thread_accelerometer.o(.text) refers to sqrt.o(i.__hardfp_sqrt) for __hardfp_sqrt
    thread_accelerometer.o(.text) refers to ddiv.o(.text) for __aeabi_ddiv
    thread_accelerometer.o(.text) refers to atan.o(i.__hardfp_atan) for __hardfp_atan
    thread_accelerometer.o(.text) refers to dmul.o(.text) for __aeabi_dmul
    thread_accelerometer.o(.text) refers to dadd.o(.text) for __aeabi_drsub
    thread_accelerometer.o(.text) refers to d2f.o(.text) for __aeabi_d2f
    thread_accelerometer.o(.text) refers to kalmanfilter_asm.o(fn) for Kalmanfilter_asm
    thread_accelerometer.o(.text) refers to rt_cmsis.o(i.osMutexWait) for osMutexWait
    thread_accelerometer.o(.text) refers to rt_cmsis.o(i.osMutexRelease) for osMutexRelease
    thread_accelerometer.o(.text) refers to rt_cmsis.o(i.osSignalWait) for osSignalWait
    thread_accelerometer.o(.text) refers to thread_accelerometer.o(.constdata) for os_thread_def_Thread_Accelerometer
    thread_accelerometer.o(.text) refers to thread_accelerometer.o(.data) for tid_Thread_Accelerometer
    thread_accelerometer.o(.text) refers to thread_accelerometer.o(.bss) for accel
    thread_accelerometer.o(.text) refers to main.o(.data) for tiltAnglesMutex
    thread_accelerometer.o(.text) refers to acos.o(i.__hardfp_acos) for __hardfp_acos
    thread_accelerometer.o(.text) refers to lis3dsh.o(.text) for LIS3DSH_Init
    thread_accelerometer.o(.text) refers to stm32f4xx_hal_gpio.o(.text) for HAL_GPIO_Init
    thread_accelerometer.o(.text) refers to stm32f4xx_hal_cortex.o(.text) for HAL_NVIC_EnableIRQ
    thread_accelerometer.o(.text) refers to rt_cmsis.o(i.osMutexCreate) for osMutexCreate
    thread_accelerometer.o(.constdata) refers to thread_accelerometer.o(.text) for Thread_Accelerometer
    thread_userinterface.o(.text) refers to rt_cmsis.o(i.osThreadCreate) for osThreadCreate
    thread_userinterface.o(.text) refers to printf1.o(i.__0printf$1) for __2printf
[...]
    _printf_l                                0x00000000   Number         0  stubs.o ABSOLUTE
    _printf_lc                               0x00000000   Number         0  stubs.o ABSOLUTE
    _printf_ll                               0x00000000   Number         0  stubs.o ABSOLUTE
    _printf_lld                              0x00000000   Number         0  stubs.o ABSOLUTE
    _printf_lli                              0x00000000   Number         0  stubs.o ABSOLUTE
    _printf_llo                              0x00000000   Number         0  stubs.o ABSOLUTE
    _printf_llu                              0x00000000   Number         0  stubs.o ABSOLUTE
    _printf_llx                              0x00000000   Number         0  stubs.o ABSOLUTE
    _printf_longlong_dec                     0x00000000   Number         0  stubs.o ABSOLUTE
    _printf_longlong_hex                     0x00000000   Number         0  stubs.o ABSOLUTE
    _printf_longlong_oct                     0x00000000   Number         0  stubs.o ABSOLUTE
    _printf_ls                               0x00000000   Number         0  stubs.o ABSOLUTE
    _printf_mbtowc                           0x00000000   Number         0  stubs.o ABSOLUTE
    _printf_n                                0x00000000   Number         0  stubs.o ABSOLUTE
    _printf_o                                0x00000000   Number         0  stubs.o ABSOLUTE
    _printf_p                                0x00000000   Number         0  stubs.o ABSOLUTE
    _printf_percent                          0x00000000   Number         0  stubs.o ABSOLUTE
    _printf_pre_padding                      0x00000000   Number         0  stubs.o ABSOLUTE
    _printf_return_value                     0x00000000   Number         0  stubs.o ABSOLUTE
    _printf_s                                0x00000000   Number         0  stubs.o ABSOLUTE
    _printf_sizespec                         0x00000000   Number         0  stubs.o ABSOLUTE
    _printf_str                              0x00000000   Number         0  stubs.o ABSOLUTE
    _printf_truncate_signed                  0x00000000   Number         0  stubs.o ABSOLUTE
    _printf_truncate_unsigned                0x00000000   Number         0  stubs.o ABSOLUTE
    _printf_u                                0x00000000   Number         0  stubs.o ABSOLUTE
    _printf_wc                               0x00000000   Number         0  stubs.o ABSOLUTE
    _printf_wctomb                           0x00000000   Number         0  stubs.o ABSOLUTE
    _printf_widthprec                        0x00000000   Number         0  stubs.o ABSOLUTE
    _printf_x                                0x00000000   Number         0  stubs.o ABSOLUTE
    __cpp_initialize__aeabi_                  - Undefined Weak Reference
    __cxa_finalize                            - Undefined Weak Reference
    __decompress                              - Undefined Weak Reference
    _clock_init                               - Undefined Weak Reference
    _microlib_exit                            - Undefined Weak Reference
    __Vectors_Size                           0x00000188   Number         0  startup_stm32f407xx.o ABSOLUTE
    __RL_RTX_VER                             0x00000480   Number         0  rt_system.o ABSOLUTE
    __Vectors                                0x08000000   Data           4  startup_stm32f407xx.o(RESET)
    __Vectors_End                            0x08000188   Data           0  startup_stm32f407xx.o(RESET)
    __main                                   0x08000189   Thumb Code     0  entry.o(.ARM.Collect$$$$00000000)
    _main_stk                                0x08000189   Thumb Code     0  entry2.o(.ARM.Collect$$$$00000001)
    _main_scatterload                        0x0800018d   Thumb Code     0  entry5.o(.ARM.Collect$$$$00000004)
    __main_after_scatterload                 0x08000191   Thumb Code     0  entry5.o(.ARM.Collect$$$$00000004)
    __rt_final_cpp                           0x08000191   Thumb Code     0  entry10a.o(.ARM.Collect$$$$0000000D)
    __rt_final_exit                          0x08000191   Thumb Code     0  entry11a.o(.ARM.Collect$$$$0000000F)
    _main_clock                              0x08000191   Thumb Code     0  entry7b.o(.ARM.Collect$$$$00000008)
    _main_cpp_init                           0x08000191   Thumb Code     0  entry8b.o(.ARM.Collect$$$$0000000A)
    _main_init                               0x08000191   Thumb Code    18  rtx_conf_cm.o(.ARM.Collect$$$$000000FF)
    rt_set_PSP                               0x080001ad   Thumb Code     6  hal_cm4.o(.emb_text)
    rt_get_PSP                               0x080001b3   Thumb Code     6  hal_cm4.o(.emb_text)
    os_set_env                               0x080001b9   Thumb Code    24  hal_cm4.o(.emb_text)
    _alloc_box                               0x080001d5   Thumb Code    28  hal_cm4.o(.emb_text)
    _free_box                                0x080001f5   Thumb Code    28  hal_cm4.o(.emb_text)
    SVC_Handler                              0x08000215   Thumb Code   168  hal_cm4.o(.emb_text)
    PendSV_Handler                           0x080002cd   Thumb Code    96  hal_cm4.o(.emb_text)
    SysTick_Handler                          0x08000331   Thumb Code     8  hal_cm4.o(.emb_text)
    OS_Tick_Handler                          0x08000339   Thumb Code    12  hal_cm4.o(.emb_text)
    HAL_GetTick                              0x08000345   Thumb Code     6  main.o(.text)
    SystemClock_Config                       0x0800034b   Thumb Code   142  main.o(.text)
    init_TIM3                                0x080003d9   Thumb Code   124  main.o(.text)
    EXTI0_IRQHandler                         0x08000455   Thumb Code    10  main.o(.text)
    TIM3_IRQHandler                          0x0800045f   Thumb Code    10  main.o(.text)
    HAL_GPIO_EXTI_Callback                   0x08000469   Thumb Code    32  main.o(.text)
    HAL_TIM_PeriodElapsedCallback            0x08000489   Thumb Code    62  main.o(.text)
    main                                     0x080004c7   Thumb Code    66  main.o(.text)
    start_Thread_TempSensor                  0x08000545   Thumb Code    36  thread_tempsensor.o(.text)
    updateTemp                               0x08000569   Thumb Code    92  thread_tempsensor.o(.text)
    Thread_TempSensor                        0x080005c5   Thumb Code    24  thread_tempsensor.o(.text)
    ADC_config                               0x080005dd   Thumb Code   182  thread_tempsensor.o(.text)
    start_Thread_Accelerometer               0x08000711   Thumb Code    36  thread_accelerometer.o(.text)
    calc_pitch_angle                         0x08000735   Thumb Code   180  thread_accelerometer.o(.text)
    calc_roll_angle                          0x080007e9   Thumb Code   180  thread_accelerometer.o(.text)
    update_accel_values                      0x0800089d   Thumb Code   448  thread_accelerometer.o(.text)
    accelerometer_mode                       0x08000a5d   Thumb Code   114  thread_accelerometer.o(.text)
    Thread_Accelerometer                     0x08000acf   Thumb Code    24  thread_accelerometer.o(.text)
    config_accelerometer_kalman              0x08000ae7   Thumb Code   340  thread_accelerometer.o(.text)
    calc_yaw_angle                           0x08000c3b   Thumb Code   128  thread_accelerometer.o(.text)
    Accelerometer_config                     0x08000cbb   Thumb Code   164  thread_accelerometer.o(.text)
    start_Thread_UserInterface               0x08000d8d   Thumb Code    36  thread_userinterface.o(.text)
    Delay                                    0x08000db1   Thumb Code    16  thread_userinterface.o(.text)
    lightNum                                 0x08000dc1   Thumb Code   874  thread_userinterface.o(.text)
    selectDigit                              0x0800112b   Thumb Code   256  thread_userinterface.o(.text)
    resetPins                                0x0800122b   Thumb Code   132  thread_userinterface.o(.text)
    drawAngle                                0x080012af   Thumb Code   488  thread_userinterface.o(.text)
    drawTemperature                          0x08001497   Thumb Code   490  thread_userinterface.o(.text)
    init_columns                             0x08001681   Thumb Code    52  thread_userinterface.o(.text)
    getColumn                                0x080016b5   Thumb Code    58  thread_userinterface.o(.text)
    init_rows                                0x080016ef   Thumb Code    52  thread_userinterface.o(.text)
    getRow                                   0x08001723   Thumb Code    74  thread_userinterface.o(.text)
    getKey                                   0x0800176d   Thumb Code   114  thread_userinterface.o(.text)
    handleKeyPress                           0x080017df   Thumb Code    88  thread_userinterface.o(.text)
    Thread_UserInterface                     0x08001837   Thumb Code   232  thread_userinterface.o(.text)
    UserInterface_config                     0x0800191f   Thumb Code   146  thread_userinterface.o(.text)
    fputc                                    0x08001a0d   Thumb Code    52  fput_debug.o(.text)
    SPI_ReceiveData                          0x08001a45   Thumb Code    10  lis3dsh.o(.text)
    LIS3DSH_TIMEOUT_UserCallback             0x08001a4f   Thumb Code     4  lis3dsh.o(.text)
    SPI_SendData                             0x08001a53   Thumb Code     6  lis3dsh.o(.text)
    LIS3DSH_Write                            0x08001ac5   Thumb Code    62  lis3dsh.o(.text)
    LIS3DSH_Init                             0x08001b03   Thumb Code   170  lis3dsh.o(.text)
    LIS3DSH_Read                             0x08001bad   Thumb Code    70  lis3dsh.o(.text)
    LIS3DSH_DataReadyInterruptConfig         0x08001bf3   Thumb Code    42  lis3dsh.o(.text)
    LIS3DSH_LowpowerCmd                      0x08001c1d   Thumb Code    40  lis3dsh.o(.text)
    LIS3DSH_DataRateCmd                      0x08001c45   Thumb Code    44  lis3dsh.o(.text)
    LIS3DSH_FullScaleCmd                     0x08001c71   Thumb Code    44  lis3dsh.o(.text)
    LIS3DSH_ReadACC                          0x08001c9d   Thumb Code   628  lis3dsh.o(.text)
    HAL_SPI_MspInit                          0x08001f11   Thumb Code   218  lis3dsh.o(.text)
    os_idle_demon                            0x08002005   Thumb Code     4  rtx_conf_cm.o(.text)
    os_error                                 0x08002009   Thumb Code    34  rtx_conf_cm.o(.text)
    HAL_MspInit                              0x0800202d   Thumb Code    10  stm32f4xx_hal.o(.text)
    HAL_InitTick                             0x08002037   Thumb Code    36  stm32f4xx_hal.o(.text)
    HAL_Init                                 0x0800205b   Thumb Code    54  stm32f4xx_hal.o(.text)
    HAL_MspDeInit                            0x08002091   Thumb Code    10  stm32f4xx_hal.o(.text)
    HAL_DeInit                               0x0800209b   Thumb Code    64  stm32f4xx_hal.o(.text)
    HAL_IncTick                              0x080020db   Thumb Code    12  stm32f4xx_hal.o(.text)
    HAL_Delay                                0x080020ed   Thumb Code    26  stm32f4xx_hal.o(.text)
    HAL_SuspendTick                          0x08002107   Thumb Code    18  stm32f4xx_hal.o(.text)
    HAL_ResumeTick                           0x08002119   Thumb Code    18  stm32f4xx_hal.o(.text)
    HAL_GetHalVersion                        0x0800212b   Thumb Code     4  stm32f4xx_hal.o(.text)
    HAL_GetREVID                             0x0800212f   Thumb Code     8  stm32f4xx_hal.o(.text)
    HAL_GetDEVID                             0x08002137   Thumb Code    10  stm32f4xx_hal.o(.text)
    HAL_DBGMCU_EnableDBGSleepMode            0x08002141   Thumb Code    14  stm32f4xx_hal.o(.text)
    HAL_DBGMCU_DisableDBGSleepMode           0x0800214f   Thumb Code    14  stm32f4xx_hal.o(.text)
    HAL_DBGMCU_EnableDBGStopMode             0x0800215d   Thumb Code    14  stm32f4xx_hal.o(.text)
    HAL_DBGMCU_DisableDBGStopMode            0x0800216b   Thumb Code    14  stm32f4xx_hal.o(.text)
    HAL_DBGMCU_EnableDBGStandbyMode          0x08002179   Thumb Code    14  stm32f4xx_hal.o(.text)
    HAL_DBGMCU_DisableDBGStandbyMode         0x08002187   Thumb Code    14  stm32f4xx_hal.o(.text)
    HAL_EnableCompensationCell               0x08002195   Thumb Code    22  stm32f4xx_hal.o(.text)
    HAL_DisableCompensationCell              0x080021ab   Thumb Code    24  stm32f4xx_hal.o(.text)
    HAL_ADC_MspInit                          0x08002347   Thumb Code     2  stm32f4xx_hal_adc.o(.text)
    HAL_ADC_Init                             0x08002349   Thumb Code    74  stm32f4xx_hal_adc.o(.text)
    HAL_ADC_MspDeInit                        0x08002393   Thumb Code     2  stm32f4xx_hal_adc.o(.text)
    HAL_ADC_DeInit                           0x08002395   Thumb Code    34  stm32f4xx_hal_adc.o(.text)
    HAL_ADC_Start                            0x080023b7   Thumb Code   182  stm32f4xx_hal_adc.o(.text)
    HAL_ADC_Stop                             0x0800246d   Thumb Code    24  stm32f4xx_hal_adc.o(.text)
    HAL_ADC_PollForConversion                0x08002485   Thumb Code   130  stm32f4xx_hal_adc.o(.text)
    HAL_ADC_PollForEvent                     0x08002507   Thumb Code   104  stm32f4xx_hal_adc.o(.text)
    HAL_ADC_Start_IT                         0x0800256f   Thumb Code   232  stm32f4xx_hal_adc.o(.text)
    HAL_ADC_Stop_IT                          0x08002657   Thumb Code    48  stm32f4xx_hal_adc.o(.text)
    HAL_ADC_ErrorCallback                    0x08002687   Thumb Code     2  stm32f4xx_hal_adc.o(.text)
    HAL_ADC_LevelOutOfWindowCallback         0x08002689   Thumb Code     2  stm32f4xx_hal_adc.o(.text)
    HAL_ADC_ConvCpltCallback                 0x0800268b   Thumb Code     2  stm32f4xx_hal_adc.o(.text)
    HAL_ADC_IRQHandler                       0x0800268d   Thumb Code   348  stm32f4xx_hal_adc.o(.text)
    HAL_ADC_ConvHalfCpltCallback             0x08002805   Thumb Code     2  stm32f4xx_hal_adc.o(.text)
    HAL_ADC_Start_DMA                        0x08002839   Thumb Code   186  stm32f4xx_hal_adc.o(.text)
    HAL_ADC_Stop_DMA                         0x080028f3   Thumb Code    56  stm32f4xx_hal_adc.o(.text)
    HAL_ADC_GetValue                         0x0800292b   Thumb Code     8  stm32f4xx_hal_adc.o(.text)
    HAL_ADC_ConfigChannel                    0x08002933   Thumb Code   416  stm32f4xx_hal_adc.o(.text)
    HAL_ADC_AnalogWDGConfig                  0x08002ad3   Thumb Code   132  stm32f4xx_hal_adc.o(.text)
    HAL_ADC_GetState                         0x08002b57   Thumb Code     8  stm32f4xx_hal_adc.o(.text)
    HAL_ADC_GetError                         0x08002b5f   Thumb Code     6  stm32f4xx_hal_adc.o(.text)
    HAL_ADCEx_InjectedStart                  0x08002b79   Thumb Code   230  stm32f4xx_hal_adc_ex.o(.text)
    HAL_ADCEx_InjectedStart_IT               0x08002c5f   Thumb Code   258  stm32f4xx_hal_adc_ex.o(.text)
    HAL_ADCEx_InjectedStop                   0x08002d61   Thumb Code    24  stm32f4xx_hal_adc_ex.o(.text)
    HAL_ADCEx_InjectedPollForConversion      0x08002d79   Thumb Code    90  stm32f4xx_hal_adc_ex.o(.text)
    HAL_ADCEx_InjectedStop_IT                0x08002dd3   Thumb Code    48  stm32f4xx_hal_adc_ex.o(.text)
    HAL_ADCEx_InjectedGetValue               0x08002e03   Thumb Code    70  stm32f4xx_hal_adc_ex.o(.text)
    HAL_ADCEx_MultiModeStart_DMA             0x08002e97   Thumb Code   206  stm32f4xx_hal_adc_ex.o(.text)
    HAL_ADCEx_MultiModeStop_DMA              0x08002f65   Thumb Code   116  stm32f4xx_hal_adc_ex.o(.text)
    HAL_ADCEx_MultiModeGetValue              0x08002fd9   Thumb Code     8  stm32f4xx_hal_adc_ex.o(.text)
    HAL_ADCEx_InjectedConvCpltCallback       0x08002fe1   Thumb Code     2  stm32f4xx_hal_adc_ex.o(.text)
    HAL_ADCEx_InjectedConfigChannel          0x08002fe3   Thumb Code   552  stm32f4xx_hal_adc_ex.o(.text)
    HAL_ADCEx_MultiModeConfigChannel         0x0800320b   Thumb Code   130  stm32f4xx_hal_adc_ex.o(.text)
    HAL_NVIC_SetPriorityGrouping             0x080032b9   Thumb Code    36  stm32f4xx_hal_cortex.o(.text)
    HAL_NVIC_SetPriority                     0x080032dd   Thumb Code   124  stm32f4xx_hal_cortex.o(.text)
    HAL_NVIC_EnableIRQ                       0x08003359   Thumb Code    26  stm32f4xx_hal_cortex.o(.text)
    HAL_NVIC_DisableIRQ                      0x08003373   Thumb Code    22  stm32f4xx_hal_cortex.o(.text)
    HAL_NVIC_SystemReset                     0x08003389   Thumb Code    64  stm32f4xx_hal_cortex.o(.text)
    HAL_SYSTICK_Config                       0x080033c9   Thumb Code    52  stm32f4xx_hal_cortex.o(.text)
    HAL_MPU_ConfigRegion                     0x080033fd   Thumb Code    90  stm32f4xx_hal_cortex.o(.text)
    HAL_NVIC_GetPriorityGrouping             0x08003457   Thumb Code     8  stm32f4xx_hal_cortex.o(.text)
    HAL_NVIC_GetPriority                     0x0800345f   Thumb Code   138  stm32f4xx_hal_cortex.o(.text)
    HAL_NVIC_SetPendingIRQ                   0x080034e9   Thumb Code    24  stm32f4xx_hal_cortex.o(.text)
    HAL_NVIC_GetPendingIRQ                   0x08003501   Thumb Code    38  stm32f4xx_hal_cortex.o(.text)
    HAL_NVIC_ClearPendingIRQ                 0x08003527   Thumb Code    22  stm32f4xx_hal_cortex.o(.text)
    HAL_NVIC_GetActive                       0x0800353d   Thumb Code    38  stm32f4xx_hal_cortex.o(.text)
    HAL_SYSTICK_CLKSourceConfig              0x08003563   Thumb Code    40  stm32f4xx_hal_cortex.o(.text)
    HAL_SYSTICK_Callback                     0x0800358b   Thumb Code    10  stm32f4xx_hal_cortex.o(.text)
    HAL_SYSTICK_IRQHandler                   0x08003595   Thumb Code     8  stm32f4xx_hal_cortex.o(.text)
    HAL_DMA_Init                             0x080035eb   Thumb Code   128  stm32f4xx_hal_dma.o(.text)
    HAL_DMA_DeInit                           0x0800366b   Thumb Code   100  stm32f4xx_hal_dma.o(.text)
    HAL_DMA_Start                            0x080036fb   Thumb Code    82  stm32f4xx_hal_dma.o(.text)
    HAL_DMA_Start_IT                         0x0800374d   Thumb Code   106  stm32f4xx_hal_dma.o(.text)
    HAL_DMA_Abort                            0x080037b7   Thumb Code    94  stm32f4xx_hal_dma.o(.text)
    HAL_DMA_PollForTransfer                  0x08003815   Thumb Code   412  stm32f4xx_hal_dma.o(.text)
    HAL_DMA_IRQHandler                       0x080039b1   Thumb Code   530  stm32f4xx_hal_dma.o(.text)
    HAL_DMA_GetState                         0x08003bc3   Thumb Code     8  stm32f4xx_hal_dma.o(.text)
    HAL_DMA_GetError                         0x08003bcb   Thumb Code     6  stm32f4xx_hal_dma.o(.text)
    HAL_GPIO_Init                            0x08003bd5   Thumb Code   476  stm32f4xx_hal_gpio.o(.text)
    HAL_GPIO_DeInit                          0x08003db1   Thumb Code   326  stm32f4xx_hal_gpio.o(.text)
    HAL_GPIO_ReadPin                         0x08003ef7   Thumb Code    16  stm32f4xx_hal_gpio.o(.text)
    HAL_GPIO_WritePin                        0x08003f07   Thumb Code    12  stm32f4xx_hal_gpio.o(.text)
    HAL_GPIO_TogglePin                       0x08003f13   Thumb Code     8  stm32f4xx_hal_gpio.o(.text)
    HAL_GPIO_LockPin                         0x08003f1b   Thumb Code    46  stm32f4xx_hal_gpio.o(.text)
    HAL_GPIO_EXTI_IRQHandler                 0x08003f53   Thumb Code    28  stm32f4xx_hal_gpio.o(.text)
    HAL_RCC_OscConfig                        0x08003fa3   Thumb Code  1032  stm32f4xx_hal_rcc.o(.text)
    HAL_RCC_ClockConfig                      0x080043ab   Thumb Code   680  stm32f4xx_hal_rcc.o(.text)
    HAL_RCC_MCOConfig                        0x08004653   Thumb Code   178  stm32f4xx_hal_rcc.o(.text)
    HAL_RCC_EnableCSS                        0x08004705   Thumb Code     8  stm32f4xx_hal_rcc.o(.text)
    HAL_RCC_DisableCSS                       0x0800470d   Thumb Code     8  stm32f4xx_hal_rcc.o(.text)
    HAL_RCC_GetSysClockFreq                  0x08004715   Thumb Code   198  stm32f4xx_hal_rcc.o(.text)
    HAL_RCC_GetHCLKFreq                      0x080047db   Thumb Code    42  stm32f4xx_hal_rcc.o(.text)
    HAL_RCC_GetPCLK1Freq                     0x08004805   Thumb Code    36  stm32f4xx_hal_rcc.o(.text)
    HAL_RCC_GetPCLK2Freq                     0x08004829   Thumb Code    36  stm32f4xx_hal_rcc.o(.text)
    HAL_RCC_GetOscConfig                     0x0800484d   Thumb Code   296  stm32f4xx_hal_rcc.o(.text)
    HAL_RCC_GetClockConfig                   0x08004975   Thumb Code    58  stm32f4xx_hal_rcc.o(.text)
    HAL_RCC_CSSCallback                      0x080049af   Thumb Code    10  stm32f4xx_hal_rcc.o(.text)
    HAL_RCC_NMI_IRQHandler                   0x080049b9   Thumb Code    30  stm32f4xx_hal_rcc.o(.text)
    HAL_SPI_Init                             0x080049ef   Thumb Code   136  stm32f4xx_hal_spi.o(.text)
    HAL_SPI_MspDeInit                        0x08004a77   Thumb Code     2  stm32f4xx_hal_spi.o(.text)
    HAL_SPI_DeInit                           0x08004a79   Thumb Code    48  stm32f4xx_hal_spi.o(.text)
    HAL_SPI_Transmit                         0x08004bbd   Thumb Code   450  stm32f4xx_hal_spi.o(.text)
    HAL_SPI_TransmitReceive                  0x08004d7f   Thumb Code   850  stm32f4xx_hal_spi.o(.text)
    HAL_SPI_Receive                          0x080050d1   Thumb Code   572  stm32f4xx_hal_spi.o(.text)
    HAL_SPI_ErrorCallback                    0x0800530d   Thumb Code     2  stm32f4xx_hal_spi.o(.text)
    HAL_SPI_TxCpltCallback                   0x0800530f   Thumb Code     2  stm32f4xx_hal_spi.o(.text)
    HAL_SPI_TxRxCpltCallback                 0x08005311   Thumb Code     2  stm32f4xx_hal_spi.o(.text)
    HAL_SPI_Transmit_IT                      0x08005401   Thumb Code   198  stm32f4xx_hal_spi.o(.text)
    HAL_SPI_RxCpltCallback                   0x080054c7   Thumb Code     2  stm32f4xx_hal_spi.o(.text)
    HAL_SPI_TransmitReceive_IT               0x080055ef   Thumb Code   192  stm32f4xx_hal_spi.o(.text)
    HAL_SPI_Receive_IT                       0x08005701   Thumb Code   222  stm32f4xx_hal_spi.o(.text)
    HAL_SPI_TxHalfCpltCallback               0x0800588f   Thumb Code     2  stm32f4xx_hal_spi.o(.text)
    HAL_SPI_Transmit_DMA                     0x0800589f   Thumb Code   218  stm32f4xx_hal_spi.o(.text)
    HAL_SPI_RxHalfCpltCallback               0x08005af1   Thumb Code     2  stm32f4xx_hal_spi.o(.text)
    HAL_SPI_TxRxHalfCpltCallback             0x08005b39   Thumb Code     2  stm32f4xx_hal_spi.o(.text)
    HAL_SPI_TransmitReceive_DMA              0x08005b49   Thumb Code   324  stm32f4xx_hal_spi.o(.text)
    HAL_SPI_Receive_DMA                      0x08005c8d   Thumb Code   288  stm32f4xx_hal_spi.o(.text)
    HAL_SPI_DMAPause                         0x08005dad   Thumb Code    62  stm32f4xx_hal_spi.o(.text)
    HAL_SPI_DMAResume                        0x08005deb   Thumb Code    62  stm32f4xx_hal_spi.o(.text)
    HAL_SPI_DMAStop                          0x08005e29   Thumb Code    58  stm32f4xx_hal_spi.o(.text)
    HAL_SPI_IRQHandler                       0x08005e63   Thumb Code   262  stm32f4xx_hal_spi.o(.text)
    HAL_SPI_GetState                         0x08005f69   Thumb Code     8  stm32f4xx_hal_spi.o(.text)
    HAL_SPI_GetError                         0x08005f71   Thumb Code     6  stm32f4xx_hal_spi.o(.text)
    TIM_Base_SetConfig                       0x08005f85   Thumb Code   184  stm32f4xx_hal_tim.o(.text)
    HAL_TIM_Base_MspInit                     0x0800603d   Thumb Code     2  stm32f4xx_hal_tim.o(.text)
    HAL_TIM_Base_Init                        0x0800603f   Thumb Code    52  stm32f4xx_hal_tim.o(.text)
    HAL_TIM_Base_MspDeInit                   0x08006073   Thumb Code     2  stm32f4xx_hal_tim.o(.text)
    HAL_TIM_Base_DeInit                      0x08006075   Thumb Code    70  stm32f4xx_hal_tim.o(.text)
    HAL_TIM_Base_Start                       0x080060bb   Thumb Code    30  stm32f4xx_hal_tim.o(.text)
    HAL_TIM_Base_Stop                        0x080060d9   Thumb Code    56  stm32f4xx_hal_tim.o(.text)
    HAL_TIM_Base_Start_IT                    0x08006111   Thumb Code    30  stm32f4xx_hal_tim.o(.text)
    HAL_TIM_Base_Stop_IT                     0x0800612f   Thumb Code    56  stm32f4xx_hal_tim.o(.text)
    HAL_TIM_ErrorCallback                    0x08006167   Thumb Code     2  stm32f4xx_hal_tim.o(.text)
    TIM_DMAError                             0x08006169   Thumb Code    20  stm32f4xx_hal_tim.o(.text)
    HAL_TIM_Base_Start_DMA                   0x08006193   Thumb Code    98  stm32f4xx_hal_tim.o(.text)
    HAL_TIM_Base_Stop_DMA                    0x080061f5   Thumb Code    62  stm32f4xx_hal_tim.o(.text)
    HAL_TIM_OC_MspInit                       0x08006233   Thumb Code     2  stm32f4xx_hal_tim.o(.text)
    HAL_TIM_OC_Init                          0x08006235   Thumb Code    52  stm32f4xx_hal_tim.o(.text)
    HAL_TIM_OC_MspDeInit                     0x08006269   Thumb Code     2  stm32f4xx_hal_tim.o(.text)
    HAL_TIM_OC_DeInit                        0x0800626b   Thumb Code    70  stm32f4xx_hal_tim.o(.text)
    TIM_CCxChannelCmd                        0x080062b1   Thumb Code    28  stm32f4xx_hal_tim.o(.text)
    HAL_TIM_OC_Start                         0x080062cd   Thumb Code    68  stm32f4xx_hal_tim.o(.text)
    HAL_TIM_OC_Stop                          0x08006311   Thumb Code   170  stm32f4xx_hal_tim.o(.text)
    HAL_TIM_OC_Start_IT                      0x080063bb   Thumb Code   144  stm32f4xx_hal_tim.o(.text)
    HAL_TIM_OC_Stop_IT                       0x0800644b   Thumb Code   196  stm32f4xx_hal_tim.o(.text)
    HAL_TIM_PWM_PulseFinishedCallback        0x0800650f   Thumb Code     2  stm32f4xx_hal_tim.o(.text)
    TIM_DMADelayPulseCplt                    0x08006511   Thumb Code    70  stm32f4xx_hal_tim.o(.text)
    HAL_TIM_OC_Start_DMA                     0x08006557   Thumb Code   312  stm32f4xx_hal_tim.o(.text)
    HAL_TIM_OC_Stop_DMA                      0x0800668f   Thumb Code   202  stm32f4xx_hal_tim.o(.text)
    HAL_TIM_PWM_MspInit                      0x08006759   Thumb Code     2  stm32f4xx_hal_tim.o(.text)
    HAL_TIM_PWM_Init                         0x0800675b   Thumb Code    52  stm32f4xx_hal_tim.o(.text)
    HAL_TIM_PWM_MspDeInit                    0x0800678f   Thumb Code     2  stm32f4xx_hal_tim.o(.text)
    HAL_TIM_PWM_DeInit                       0x08006791   Thumb Code    70  stm32f4xx_hal_tim.o(.text)
    HAL_TIM_PWM_Start                        0x080067d7   Thumb Code    78  stm32f4xx_hal_tim.o(.text)
    HAL_TIM_PWM_Stop                         0x08006825   Thumb Code   126  stm32f4xx_hal_tim.o(.text)
    HAL_TIM_PWM_Start_IT                     0x080068a3   Thumb Code   144  stm32f4xx_hal_tim.o(.text)
    HAL_TIM_PWM_Stop_IT                      0x08006933   Thumb Code   196  stm32f4xx_hal_tim.o(.text)
    HAL_TIM_PWM_Start_DMA                    0x080069f7   Thumb Code   312  stm32f4xx_hal_tim.o(.text)
    HAL_TIM_PWM_Stop_DMA                     0x08006b2f   Thumb Code   202  stm32f4xx_hal_tim.o(.text)
    HAL_TIM_IC_MspInit                       0x08006bf9   Thumb Code     2  stm32f4xx_hal_tim.o(.text)
    HAL_TIM_IC_Init                          0x08006bfb   Thumb Code    62  stm32f4xx_hal_tim.o(.text)
    HAL_TIM_IC_MspDeInit                     0x08006c39   Thumb Code     2  stm32f4xx_hal_tim.o(.text)
    HAL_TIM_IC_DeInit                        0x08006c3b   Thumb Code    70  stm32f4xx_hal_tim.o(.text)
    HAL_TIM_IC_Start                         0x08006c81   Thumb Code    32  stm32f4xx_hal_tim.o(.text)
    HAL_TIM_IC_Stop                          0x08006ca1   Thumb Code    58  stm32f4xx_hal_tim.o(.text)
    HAL_TIM_IC_Start_IT                      0x08006cdb   Thumb Code   108  stm32f4xx_hal_tim.o(.text)
    HAL_TIM_IC_Stop_IT                       0x08006d47   Thumb Code   134  stm32f4xx_hal_tim.o(.text)
    HAL_TIM_IC_CaptureCallback               0x08006dcd   Thumb Code     2  stm32f4xx_hal_tim.o(.text)
    TIM_DMACaptureCplt                       0x08006dcf   Thumb Code    70  stm32f4xx_hal_tim.o(.text)
    HAL_TIM_IC_Start_DMA                     0x08006e15   Thumb Code   276  stm32f4xx_hal_tim.o(.text)
    HAL_TIM_IC_Stop_DMA                      0x08006f29   Thumb Code   140  stm32f4xx_hal_tim.o(.text)
    HAL_TIM_OnePulse_MspInit                 0x08006fb5   Thumb Code     2  stm32f4xx_hal_tim.o(.text)
    HAL_TIM_OnePulse_Init                    0x08006fb7   Thumb Code    76  stm32f4xx_hal_tim.o(.text)
    HAL_TIM_OnePulse_MspDeInit               0x08007003   Thumb Code     2  stm32f4xx_hal_tim.o(.text)
    HAL_TIM_OnePulse_DeInit                  0x08007005   Thumb Code    70  stm32f4xx_hal_tim.o(.text)
    HAL_TIM_OnePulse_Start                   0x0800704b   Thumb Code    66  stm32f4xx_hal_tim.o(.text)
    HAL_TIM_OnePulse_Stop                    0x0800708d   Thumb Code   130  stm32f4xx_hal_tim.o(.text)
    HAL_TIM_OnePulse_Start_IT                0x0800710f   Thumb Code    90  stm32f4xx_hal_tim.o(.text)
    HAL_TIM_OnePulse_Stop_IT                 0x08007169   Thumb Code   154  stm32f4xx_hal_tim.o(.text)
    HAL_TIM_Encoder_MspInit                  0x08007203   Thumb Code     2  stm32f4xx_hal_tim.o(.text)
    HAL_TIM_Encoder_Init                     0x08007205   Thumb Code   180  stm32f4xx_hal_tim.o(.text)
    HAL_TIM_Encoder_MspDeInit                0x080072b9   Thumb Code     2  stm32f4xx_hal_tim.o(.text)
    HAL_TIM_Encoder_DeInit                   0x080072bb   Thumb Code    70  stm32f4xx_hal_tim.o(.text)
    HAL_TIM_Encoder_Start                    0x08007301   Thumb Code    78  stm32f4xx_hal_tim.o(.text)
    HAL_TIM_Encoder_Stop                     0x0800734f   Thumb Code   104  stm32f4xx_hal_tim.o(.text)
    HAL_TIM_Encoder_Start_IT                 0x080073b7   Thumb Code   126  stm32f4xx_hal_tim.o(.text)
    HAL_TIM_Encoder_Stop_IT                  0x08007435   Thumb Code   160  stm32f4xx_hal_tim.o(.text)
    HAL_TIM_Encoder_Start_DMA                0x080074d5   Thumb Code   328  stm32f4xx_hal_tim.o(.text)
    HAL_TIM_Encoder_Stop_DMA                 0x0800761d   Thumb Code   152  stm32f4xx_hal_tim.o(.text)
    HAL_TIM_TriggerCallback                  0x080076b5   Thumb Code     2  stm32f4xx_hal_tim.o(.text)
    HAL_TIM_OC_DelayElapsedCallback          0x080076b7   Thumb Code     2  stm32f4xx_hal_tim.o(.text)
    HAL_TIM_IRQHandler                       0x080076b9   Thumb Code   406  stm32f4xx_hal_tim.o(.text)
    TIM_OC2_SetConfig                        0x08007921   Thumb Code   112  stm32f4xx_hal_tim.o(.text)
    HAL_TIM_OC_ConfigChannel                 0x080079f7   Thumb Code   116  stm32f4xx_hal_tim.o(.text)
    TIM_TI1_SetConfig                        0x08007b25   Thumb Code   122  stm32f4xx_hal_tim.o(.text)
    HAL_TIM_IC_ConfigChannel                 0x08007b9f   Thumb Code   224  stm32f4xx_hal_tim.o(.text)
    HAL_TIM_PWM_ConfigChannel                0x08007c7f   Thumb Code   294  stm32f4xx_hal_tim.o(.text)
    HAL_TIM_OnePulse_ConfigChannel           0x08007da5   Thumb Code   286  stm32f4xx_hal_tim.o(.text)
    HAL_TIM_DMABurst_WriteStart              0x08007ed7   Thumb Code   366  stm32f4xx_hal_tim.o(.text)
    HAL_TIM_DMABurst_WriteStop               0x08008045   Thumb Code   128  stm32f4xx_hal_tim.o(.text)
    HAL_TIM_DMABurst_ReadStart               0x080080c5   Thumb Code   366  stm32f4xx_hal_tim.o(.text)
    HAL_TIM_DMABurst_ReadStop                0x08008233   Thumb Code   128  stm32f4xx_hal_tim.o(.text)
    HAL_TIM_GenerateEvent                    0x080082b3   Thumb Code    54  stm32f4xx_hal_tim.o(.text)
    HAL_TIM_ConfigOCrefClear                 0x08008301   Thumb Code   252  stm32f4xx_hal_tim.o(.text)
    HAL_TIM_ConfigClockSource                0x08008467   Thumb Code   306  stm32f4xx_hal_tim.o(.text)
    HAL_TIM_ConfigTI1Input                   0x08008599   Thumb Code    24  stm32f4xx_hal_tim.o(.text)
    HAL_TIM_SlaveConfigSynchronization       0x08008655   Thumb Code    86  stm32f4xx_hal_tim.o(.text)
    HAL_TIM_SlaveConfigSynchronization_IT    0x080086ab   Thumb Code    86  stm32f4xx_hal_tim.o(.text)
    HAL_TIM_ReadCapturedValue                0x08008701   Thumb Code    84  stm32f4xx_hal_tim.o(.text)
    HAL_TIM_Base_GetState                    0x08008755   Thumb Code     8  stm32f4xx_hal_tim.o(.text)
    HAL_TIM_OC_GetState                      0x0800875d   Thumb Code     8  stm32f4xx_hal_tim.o(.text)
    HAL_TIM_PWM_GetState                     0x08008765   Thumb Code     8  stm32f4xx_hal_tim.o(.text)
    HAL_TIM_IC_GetState                      0x0800876d   Thumb Code     8  stm32f4xx_hal_tim.o(.text)
    HAL_TIM_OnePulse_GetState                0x08008775   Thumb Code     8  stm32f4xx_hal_tim.o(.text)
    HAL_TIM_Encoder_GetState                 0x0800877d   Thumb Code     8  stm32f4xx_hal_tim.o(.text)
    HAL_TIMEx_HallSensor_MspInit             0x08008785   Thumb Code     2  stm32f4xx_hal_tim_ex.o(.text)
    HAL_TIMEx_HallSensor_Init                0x08008787   Thumb Code   196  stm32f4xx_hal_tim_ex.o(.text)
    HAL_TIMEx_HallSensor_MspDeInit           0x0800884b   Thumb Code     2  stm32f4xx_hal_tim_ex.o(.text)
    HAL_TIMEx_HallSensor_DeInit              0x0800884d   Thumb Code    70  stm32f4xx_hal_tim_ex.o(.text)
    HAL_TIMEx_HallSensor_Start               0x08008893   Thumb Code    30  stm32f4xx_hal_tim_ex.o(.text)
    HAL_TIMEx_HallSensor_Stop                0x080088b1   Thumb Code    56  stm32f4xx_hal_tim_ex.o(.text)
    HAL_TIMEx_HallSensor_Start_IT            0x080088e9   Thumb Code    42  stm32f4xx_hal_tim_ex.o(.text)
    HAL_TIMEx_HallSensor_Stop_IT             0x08008913   Thumb Code    68  stm32f4xx_hal_tim_ex.o(.text)
    HAL_TIMEx_HallSensor_Start_DMA           0x08008957   Thumb Code   106  stm32f4xx_hal_tim_ex.o(.text)
    HAL_TIMEx_HallSensor_Stop_DMA            0x080089c1   Thumb Code    68  stm32f4xx_hal_tim_ex.o(.text)
    HAL_TIMEx_OCN_Start                      0x08008a21   Thumb Code    44  stm32f4xx_hal_tim_ex.o(.text)
    HAL_TIMEx_OCN_Stop                       0x08008a4d   Thumb Code    96  stm32f4xx_hal_tim_ex.o(.text)
    HAL_TIMEx_OCN_Start_IT                   0x08008aad   Thumb Code   132  stm32f4xx_hal_tim_ex.o(.text)
    HAL_TIMEx_OCN_Stop_IT                    0x08008b31   Thumb Code   196  stm32f4xx_hal_tim_ex.o(.text)
    HAL_TIMEx_OCN_Start_DMA                  0x08008bf5   Thumb Code   272  stm32f4xx_hal_tim_ex.o(.text)
    HAL_TIMEx_OCN_Stop_DMA                   0x08008d05   Thumb Code   192  stm32f4xx_hal_tim_ex.o(.text)
    HAL_TIMEx_PWMN_Start                     0x08008dc5   Thumb Code    44  stm32f4xx_hal_tim_ex.o(.text)
    HAL_TIMEx_PWMN_Stop                      0x08008df1   Thumb Code    96  stm32f4xx_hal_tim_ex.o(.text)
    HAL_TIMEx_PWMN_Start_IT                  0x08008e51   Thumb Code   132  stm32f4xx_hal_tim_ex.o(.text)
    HAL_TIMEx_PWMN_Stop_IT                   0x08008ed5   Thumb Code   196  stm32f4xx_hal_tim_ex.o(.text)
    HAL_TIMEx_PWMN_Start_DMA                 0x08008f99   Thumb Code   272  stm32f4xx_hal_tim_ex.o(.text)
    HAL_TIMEx_PWMN_Stop_DMA                  0x080090a9   Thumb Code   178  stm32f4xx_hal_tim_ex.o(.text)
    HAL_TIMEx_OnePulseN_Start                0x0800915b   Thumb Code    32  stm32f4xx_hal_tim_ex.o(.text)
    HAL_TIMEx_OnePulseN_Stop                 0x0800917b   Thumb Code    96  stm32f4xx_hal_tim_ex.o(.text)
    HAL_TIMEx_OnePulseN_Start_IT             0x080091db   Thumb Code    56  stm32f4xx_hal_tim_ex.o(.text)
    HAL_TIMEx_OnePulseN_Stop_IT              0x08009213   Thumb Code   120  stm32f4xx_hal_tim_ex.o(.text)
    HAL_TIMEx_ConfigCommutationEvent         0x0800928b   Thumb Code   110  stm32f4xx_hal_tim_ex.o(.text)
    HAL_TIMEx_ConfigCommutationEvent_IT      0x080092f9   Thumb Code   122  stm32f4xx_hal_tim_ex.o(.text)
    HAL_TIMEx_CommutationCallback            0x08009373   Thumb Code     2  stm32f4xx_hal_tim_ex.o(.text)
    TIMEx_DMACommutationCplt                 0x08009375   Thumb Code    20  stm32f4xx_hal_tim_ex.o(.text)
    HAL_TIMEx_ConfigCommutationEvent_DMA     0x08009389   Thumb Code   146  stm32f4xx_hal_tim_ex.o(.text)
    HAL_TIMEx_MasterConfigSynchronization    0x0800941b   Thumb Code    98  stm32f4xx_hal_tim_ex.o(.text)
    HAL_TIMEx_ConfigBreakDeadTime            0x0800947d   Thumb Code    80  stm32f4xx_hal_tim_ex.o(.text)
    HAL_TIMEx_RemapConfig                    0x080094cd   Thumb Code    48  stm32f4xx_hal_tim_ex.o(.text)
    HAL_TIMEx_BreakCallback                  0x080094fd   Thumb Code     2  stm32f4xx_hal_tim_ex.o(.text)
    HAL_TIMEx_HallSensor_GetState            0x080094ff   Thumb Code     8  stm32f4xx_hal_tim_ex.o(.text)
    Reset_Handler                            0x0800950d   Thumb Code     8  startup_stm32f407xx.o(.text)
    NMI_Handler                              0x08009515   Thumb Code     2  startup_stm32f407xx.o(.text)
    HardFault_Handler                        0x08009517   Thumb Code     2  startup_stm32f407xx.o(.text)
    MemManage_Handler                        0x08009519   Thumb Code     2  startup_stm32f407xx.o(.text)
    BusFault_Handler                         0x0800951b   Thumb Code     2  startup_stm32f407xx.o(.text)
    UsageFault_Handler                       0x0800951d   Thumb Code     2  startup_stm32f407xx.o(.text)
    DebugMon_Handler                         0x08009521   Thumb Code     2  startup_stm32f407xx.o(.text)
    ADC_IRQHandler                           0x08009527   Thumb Code     0  startup_stm32f407xx.o(.text)
    CAN1_RX0_IRQHandler                      0x08009527   Thumb Code     0  startup_stm32f407xx.o(.text)
    CAN1_RX1_IRQHandler                      0x08009527   Thumb Code     0  startup_stm32f407xx.o(.text)
    CAN1_SCE_IRQHandler                      0x08009527   Thumb Code     0  startup_stm32f407xx.o(.text)
    CAN1_TX_IRQHandler                       0x08009527   Thumb Code     0  startup_stm32f407xx.o(.text)
    CAN2_RX0_IRQHandler                      0x08009527   Thumb Code     0  startup_stm32f407xx.o(.text)
    CAN2_RX1_IRQHandler                      0x08009527   Thumb Code     0  startup_stm32f407xx.o(.text)
    CAN2_SCE_IRQHandler                      0x08009527   Thumb Code     0  startup_stm32f407xx.o(.text)
    CAN2_TX_IRQHandler                       0x08009527   Thumb Code     0  startup_stm32f407xx.o(.text)
    DCMI_IRQHandler                          0x08009527   Thumb Code     0  startup_stm32f407xx.o(.text)
    DMA1_Stream0_IRQHandler                  0x08009527   Thumb Code     0  startup_stm32f407xx.o(.text)
    DMA1_Stream1_IRQHandler                  0x08009527   Thumb Code     0  startup_stm32f407xx.o(.text)
    DMA1_Stream2_IRQHandler                  0x08009527   Thumb Code     0  startup_stm32f407xx.o(.text)
    DMA1_Stream3_IRQHandler                  0x08009527   Thumb Code     0  startup_stm32f407xx.o(.text)
    DMA1_Stream4_IRQHandler                  0x08009527   Thumb Code     0  startup_stm32f407xx.o(.text)
    DMA1_Stream5_IRQHandler                  0x08009527   Thumb Code     0  startup_stm32f407xx.o(.text)
    DMA1_Stream6_IRQHandler                  0x08009527   Thumb Code     0  startup_stm32f407xx.o(.text)
    DMA1_Stream7_IRQHandler                  0x08009527   Thumb Code     0  startup_stm32f407xx.o(.text)
    DMA2_Stream0_IRQHandler                  0x08009527   Thumb Code     0  startup_stm32f407xx.o(.text)
    DMA2_Stream1_IRQHandler                  0x08009527   Thumb Code     0  startup_stm32f407xx.o(.text)
    DMA2_Stream2_IRQHandler                  0x08009527   Thumb Code     0  startup_stm32f407xx.o(.text)
    DMA2_Stream3_IRQHandler                  0x08009527   Thumb Code     0  startup_stm32f407xx.o(.text)
    DMA2_Stream4_IRQHandler                  0x08009527   Thumb Code     0  startup_stm32f407xx.o(.text)
    DMA2_Stream5_IRQHandler                  0x08009527   Thumb Code     0  startup_stm32f407xx.o(.text)
    DMA2_Stream6_IRQHandler                  0x08009527   Thumb Code     0  startup_stm32f407xx.o(.text)
    DMA2_Stream7_IRQHandler                  0x08009527   Thumb Code     0  startup_stm32f407xx.o(.text)
    ETH_IRQHandler                           0x08009527   Thumb Code     0  startup_stm32f407xx.o(.text)
    ETH_WKUP_IRQHandler                      0x08009527   Thumb Code     0  startup_stm32f407xx.o(.text)
    EXTI15_10_IRQHandler                     0x08009527   Thumb Code     0  startup_stm32f407xx.o(.text)
    EXTI1_IRQHandler                         0x08009527   Thumb Code     0  startup_stm32f407xx.o(.text)
    EXTI2_IRQHandler                         0x08009527   Thumb Code     0  startup_stm32f407xx.o(.text)
    EXTI3_IRQHandler                         0x08009527   Thumb Code     0  startup_stm32f407xx.o(.text)
    EXTI4_IRQHandler                         0x08009527   Thumb Code     0  startup_stm32f407xx.o(.text)
    EXTI9_5_IRQHandler                       0x08009527   Thumb Code     0  startup_stm32f407xx.o(.text)
    FLASH_IRQHandler                         0x08009527   Thumb Code     0  startup_stm32f407xx.o(.text)
    FMC_IRQHandler                           0x08009527   Thumb Code     0  startup_stm32f407xx.o(.text)
    FPU_IRQHandler                           0x08009527   Thumb Code     0  startup_stm32f407xx.o(.text)
    HASH_RNG_IRQHandler                      0x08009527   Thumb Code     0  startup_stm32f407xx.o(.text)
    I2C1_ER_IRQHandler                       0x08009527   Thumb Code     0  startup_stm32f407xx.o(.text)
    I2C1_EV_IRQHandler                       0x08009527   Thumb Code     0  startup_stm32f407xx.o(.text)
    I2C2_ER_IRQHandler                       0x08009527   Thumb Code     0  startup_stm32f407xx.o(.text)
    I2C2_EV_IRQHandler                       0x08009527   Thumb Code     0  startup_stm32f407xx.o(.text)
    I2C3_ER_IRQHandler                       0x08009527   Thumb Code     0  startup_stm32f407xx.o(.text)
    I2C3_EV_IRQHandler                       0x08009527   Thumb Code     0  startup_stm32f407xx.o(.text)
    OTG_FS_IRQHandler                        0x08009527   Thumb Code     0  startup_stm32f407xx.o(.text)
    OTG_FS_WKUP_IRQHandler                   0x08009527   Thumb Code     0  startup_stm32f407xx.o(.text)
    OTG_HS_EP1_IN_IRQHandler                 0x08009527   Thumb Code     0  startup_stm32f407xx.o(.text)
    OTG_HS_EP1_OUT_IRQHandler                0x08009527   Thumb Code     0  startup_stm32f407xx.o(.text)
    OTG_HS_IRQHandler                        0x08009527   Thumb Code     0  startup_stm32f407xx.o(.text)
    OTG_HS_WKUP_IRQHandler                   0x08009527   Thumb Code     0  startup_stm32f407xx.o(.text)
    PVD_IRQHandler                           0x08009527   Thumb Code     0  startup_stm32f407xx.o(.text)
    RCC_IRQHandler                           0x08009527   Thumb Code     0  startup_stm32f407xx.o(.text)
    RTC_Alarm_IRQHandler                     0x08009527   Thumb Code     0  startup_stm32f407xx.o(.text)
    RTC_WKUP_IRQHandler                      0x08009527   Thumb Code     0  startup_stm32f407xx.o(.text)
    SDIO_IRQHandler                          0x08009527   Thumb Code     0  startup_stm32f407xx.o(.text)
    SPI1_IRQHandler                          0x08009527   Thumb Code     0  startup_stm32f407xx.o(.text)
    SPI2_IRQHandler                          0x08009527   Thumb Code     0  startup_stm32f407xx.o(.text)
    SPI3_IRQHandler                          0x08009527   Thumb Code     0  startup_stm32f407xx.o(.text)
    TAMP_STAMP_IRQHandler                    0x08009527   Thumb Code     0  startup_stm32f407xx.o(.text)
    TIM1_BRK_TIM9_IRQHandler                 0x08009527   Thumb Code     0  startup_stm32f407xx.o(.text)
    TIM1_CC_IRQHandler                       0x08009527   Thumb Code     0  startup_stm32f407xx.o(.text)
    TIM1_TRG_COM_TIM11_IRQHandler            0x08009527   Thumb Code     0  startup_stm32f407xx.o(.text)
    TIM1_UP_TIM10_IRQHandler                 0x08009527   Thumb Code     0  startup_stm32f407xx.o(.text)
    TIM2_IRQHandler                          0x08009527   Thumb Code     0  startup_stm32f407xx.o(.text)
    TIM4_IRQHandler                          0x08009527   Thumb Code     0  startup_stm32f407xx.o(.text)
    TIM5_IRQHandler                          0x08009527   Thumb Code     0  startup_stm32f407xx.o(.text)
    TIM6_DAC_IRQHandler                      0x08009527   Thumb Code     0  startup_stm32f407xx.o(.text)
    TIM7_IRQHandler                          0x08009527   Thumb Code     0  startup_stm32f407xx.o(.text)
    TIM8_BRK_TIM12_IRQHandler                0x08009527   Thumb Code     0  startup_stm32f407xx.o(.text)
    TIM8_CC_IRQHandler                       0x08009527   Thumb Code     0  startup_stm32f407xx.o(.text)
    TIM8_TRG_COM_TIM14_IRQHandler            0x08009527   Thumb Code     0  startup_stm32f407xx.o(.text)
    TIM8_UP_TIM13_IRQHandler                 0x08009527   Thumb Code     0  startup_stm32f407xx.o(.text)
    UART4_IRQHandler                         0x08009527   Thumb Code     0  startup_stm32f407xx.o(.text)
    UART5_IRQHandler                         0x08009527   Thumb Code     0  startup_stm32f407xx.o(.text)
    USART1_IRQHandler                        0x08009527   Thumb Code     0  startup_stm32f407xx.o(.text)
    USART2_IRQHandler                        0x08009527   Thumb Code     0  startup_stm32f407xx.o(.text)
    USART3_IRQHandler                        0x08009527   Thumb Code     0  startup_stm32f407xx.o(.text)
    USART6_IRQHandler                        0x08009527   Thumb Code     0  startup_stm32f407xx.o(.text)
    WWDG_IRQHandler                          0x08009527   Thumb Code     0  startup_stm32f407xx.o(.text)
    SystemInit                               0x08009531   Thumb Code    82  system_stm32f4xx.o(.text)
    SystemCoreClockUpdate                    0x08009583   Thumb Code   174  system_stm32f4xx.o(.text)
    __aeabi_memcpy                           0x08009651   Thumb Code    36  memcpya.o(.text)
    __aeabi_memcpy4                          0x08009651   Thumb Code     0  memcpya.o(.text)
    __aeabi_memcpy8                          0x08009651   Thumb Code     0  memcpya.o(.text)
    __aeabi_dadd                             0x08009675   Thumb Code   322  dadd.o(.text)
    __aeabi_dsub                             0x080097b7   Thumb Code     6  dadd.o(.text)
    __aeabi_drsub                            0x080097bd   Thumb Code     6  dadd.o(.text)
    __aeabi_dmul                             0x080097c3   Thumb Code   228  dmul.o(.text)
    __aeabi_ddiv                             0x080098a7   Thumb Code   222  ddiv.o(.text)
    __aeabi_f2d                              0x08009985   Thumb Code    38  f2d.o(.text)
    __aeabi_cdrcmple                         0x080099ad   Thumb Code    48  cdrcmple.o(.text)
    __aeabi_d2f                              0x080099dd   Thumb Code    56  d2f.o(.text)
    __aeabi_uidiv                            0x08009a15   Thumb Code     0  uidiv.o(.text)
    __aeabi_uidivmod                         0x08009a15   Thumb Code    44  uidiv.o(.text)
    __aeabi_llsl                             0x08009a41   Thumb Code    30  llshl.o(.text)
    _ll_shift_l                              0x08009a41   Thumb Code     0  llshl.o(.text)
    __aeabi_llsr                             0x08009a5f   Thumb Code    32  llushr.o(.text)
    _ll_ushift_r                             0x08009a5f   Thumb Code     0  llushr.o(.text)
    __aeabi_lasr                             0x08009a7f   Thumb Code    36  llsshr.o(.text)
    _ll_sshift_r                             0x08009a7f   Thumb Code     0  llsshr.o(.text)
    __I$use$fp                               0x08009aa3   Thumb Code     0  iusefp.o(.text)
    _float_round                             0x08009aa3   Thumb Code    18  fepilogue.o(.text)
    _float_epilogue                          0x08009ab5   Thumb Code    92  fepilogue.o(.text)
    _double_round                            0x08009b11   Thumb Code    30  depilogue.o(.text)
    _double_epilogue                         0x08009b2f   Thumb Code   156  depilogue.o(.text)
    _dsqrt                                   0x08009bcb   Thumb Code   162  dsqrt.o(.text)
    __scatterload                            0x08009c6d   Thumb Code    28  init.o(.text)
    __scatterload_rt2                        0x08009c6d   Thumb Code     0  init.o(.text)
    SVC_Count                                0x08009c90   Data           4  svc_table.o(SVC_TABLE)
    Kalmanfilter_asm                         0x08009c95   Thumb Code     0  kalmanfilter_asm.o(fn)
    SVC_Table                                0x08009c94   Data           0  svc_table.o(SVC_TABLE)
    __0printf$1                              0x08009d1d   Thumb Code    22  printf1.o(i.__0printf$1)
    __1printf$1                              0x08009d1d   Thumb Code     0  printf1.o(i.__0printf$1)
    __2printf                                0x08009d1d   Thumb Code     0  printf1.o(i.__0printf$1)
    __ARM_fpclassify                         0x08009d3d   Thumb Code    48  fpclassify.o(i.__ARM_fpclassify)
    __hardfp_acos                            0x08009d71   Thumb Code   738  acos.o(i.__hardfp_acos)
    __hardfp_atan                            0x0800a0c9   Thumb Code   622  atan.o(i.__hardfp_atan)
    __hardfp_sqrt                            0x0800a3a1   Thumb Code   122  sqrt.o(i.__hardfp_sqrt)
    __kernel_poly                            0x0800a41b   Thumb Code   248  poly.o(i.__kernel_poly)
    __mathlib_dbl_infnan                     0x0800a513   Thumb Code    20  dunder.o(i.__mathlib_dbl_infnan)
    __mathlib_dbl_invalid                    0x0800a529   Thumb Code    24  dunder.o(i.__mathlib_dbl_invalid)
    __mathlib_dbl_underflow                  0x0800a549   Thumb Code    24  dunder.o(i.__mathlib_dbl_underflow)
    __scatterload_copy                       0x0800a569   Thumb Code    14  handlers.o(i.__scatterload_copy)
    __scatterload_null                       0x0800a577   Thumb Code     2  handlers.o(i.__scatterload_null)
    __scatterload_zeroinit                   0x0800a579   Thumb Code    14  handlers.o(i.__scatterload_zeroinit)
    __set_errno                              0x0800a589   Thumb Code     6  errno.o(i.__set_errno)
    _init_box                                0x0800a595   Thumb Code    70  rt_membox.o(i._init_box)
    dbg_init                                 0x0800a731   Thumb Code    34  hal_cm.o(i.dbg_init)
    dbg_task_notify                          0x0800a761   Thumb Code    32  hal_cm.o(i.dbg_task_notify)
    dbg_task_switch                          0x0800a781   Thumb Code    16  hal_cm.o(i.dbg_task_switch)
    fabs                                     0x0800a791   Thumb Code    24  fabs.o(i.fabs)
    isrMessageGet                            0x0800a7a9   Thumb Code    42  rt_cmsis.o(i.isrMessageGet)
    isrMessagePut                            0x0800a7d3   Thumb Code    44  rt_cmsis.o(i.isrMessagePut)
    isrSignalSet                             0x0800a7ff   Thumb Code    36  rt_cmsis.o(i.isrSignalSet)
    isr_evt_set                              0x0800a825   Thumb Code    34  rt_event.o(i.isr_evt_set)
    isr_mbx_receive                          0x0800a84d   Thumb Code    82  rt_mailbox.o(i.isr_mbx_receive)
    isr_mbx_send                             0x0800a89f   Thumb Code    14  rt_mailbox.o(i.isr_mbx_send)
    osDelay                                  0x0800a8ad   Thumb Code    18  rt_cmsis.o(i.osDelay)
    osKernelInitialize                       0x0800a8c5   Thumb Code    30  rt_cmsis.o(i.osKernelInitialize)
    osKernelStart                            0x0800a8e9   Thumb Code    98  rt_cmsis.o(i.osKernelStart)
    osMessageGet                             0x0800a955   Thumb Code    18  rt_cmsis.o(i.osMessageGet)
    osMutexCreate                            0x0800a96d   Thumb Code    38  rt_cmsis.o(i.osMutexCreate)
    osMutexRelease                           0x0800a99d   Thumb Code    18  rt_cmsis.o(i.osMutexRelease)
    osMutexWait                              0x0800a9b5   Thumb Code    18  rt_cmsis.o(i.osMutexWait)
    osSignalSet                              0x0800a9cd   Thumb Code    18  rt_cmsis.o(i.osSignalSet)
    osSignalWait                             0x0800a9e5   Thumb Code    18  rt_cmsis.o(i.osSignalWait)
    osThreadCreate                           0x0800a9fd   Thumb Code    38  rt_cmsis.o(i.osThreadCreate)
    osThreadExit                             0x0800aa2d   Thumb Code    14  rt_cmsis.o(i.osThreadExit)
    osTimerCall                              0x0800aa45   Thumb Code     8  rt_cmsis.o(i.osTimerCall)
    osTimerThread                            0x0800aa51   Thumb Code    38  rt_cmsis.o(i.osTimerThread)
    os_tick_init                             0x0800aa7d   Thumb Code    32  rt_system.o(i.os_tick_init)
    os_tick_irqack                           0x0800aaa5   Thumb Code     2  rt_system.o(i.os_tick_irqack)
    rt_alloc_box                             0x0800aaa7   Thumb Code    26  rt_membox.o(i.rt_alloc_box)
    rt_alloc_mem                             0x0800aac1   Thumb Code    62  rt_memory.o(i.rt_alloc_mem)
    rt_block                                 0x0800ab01   Thumb Code    48  rt_task.o(i.rt_block)
    rt_chk_robin                             0x0800ab39   Thumb Code    60  rt_robin.o(i.rt_chk_robin)
    rt_dec_dly                               0x0800ab81   Thumb Code   102  rt_list.o(i.rt_dec_dly)
    rt_dispatch                              0x0800abf1   Thumb Code    60  rt_task.o(i.rt_dispatch)
    rt_dly_wait                              0x0800ac35   Thumb Code     6  rt_time.o(i.rt_dly_wait)
    rt_evt_psh                               0x0800ac3d   Thumb Code    76  rt_event.o(i.rt_evt_psh)
    rt_evt_set                               0x0800ac8d   Thumb Code    88  rt_event.o(i.rt_evt_set)
    rt_evt_wait                              0x0800ace9   Thumb Code    56  rt_event.o(i.rt_evt_wait)
    rt_free_box                              0x0800ad25   Thumb Code    44  rt_membox.o(i.rt_free_box)
    rt_free_mem                              0x0800ad51   Thumb Code    40  rt_memory.o(i.rt_free_mem)
    rt_get_first                             0x0800ad79   Thumb Code    40  rt_list.o(i.rt_get_first)
    rt_init_mem                              0x0800adf1   Thumb Code    26  rt_memory.o(i.rt_init_mem)
    rt_init_robin                            0x0800ae0d   Thumb Code    14  rt_robin.o(i.rt_init_robin)
    rt_init_stack                            0x0800ae25   Thumb Code   118  hal_cm.o(i.rt_init_stack)
    rt_mbx_check                             0x0800aea5   Thumb Code     8  rt_mailbox.o(i.rt_mbx_check)
    rt_mbx_init                              0x0800aead   Thumb Code    26  rt_mailbox.o(i.rt_mbx_init)
    rt_mbx_psh                               0x0800aec9   Thumb Code   236  rt_mailbox.o(i.rt_mbx_psh)
    rt_mbx_wait                              0x0800afb9   Thumb Code   174  rt_mailbox.o(i.rt_mbx_wait)
    rt_mut_init                              0x0800b0b1   Thumb Code    16  rt_mutex.o(i.rt_mut_init)
    rt_mut_release                           0x0800b0c1   Thumb Code   208  rt_mutex.o(i.rt_mut_release)
    rt_mut_wait                              0x0800b199   Thumb Code   100  rt_mutex.o(i.rt_mut_wait)
    rt_pop_req                               0x0800b201   Thumb Code   112  rt_system.o(i.rt_pop_req)
    rt_psh_req                               0x0800b27d   Thumb Code    22  rt_system.o(i.rt_psh_req)
    rt_psq_enq                               0x0800b29d   Thumb Code    88  rt_list.o(i.rt_psq_enq)
    rt_put_dly                               0x0800b2f9   Thumb Code    68  rt_list.o(i.rt_put_dly)
    rt_put_prio                              0x0800b341   Thumb Code    54  rt_list.o(i.rt_put_prio)
    rt_put_rdy_first                         0x0800b379   Thumb Code    14  rt_list.o(i.rt_put_rdy_first)
    rt_resort_prio                           0x0800b38d   Thumb Code    46  rt_list.o(i.rt_resort_prio)
    rt_ret_val                               0x0800b3d1   Thumb Code    12  hal_cm.o(i.rt_ret_val)
    rt_ret_val2                              0x0800b3dd   Thumb Code    16  hal_cm.o(i.rt_ret_val2)
    rt_rmv_dly                               0x0800b3ed   Thumb Code    40  rt_list.o(i.rt_rmv_dly)
    rt_rmv_list                              0x0800b415   Thumb Code    44  rt_list.o(i.rt_rmv_list)
    rt_sem_psh                               0x0800b445   Thumb Code    48  rt_semaphore.o(i.rt_sem_psh)
    rt_stk_check                             0x0800b479   Thumb Code    28  rt_system.o(i.rt_stk_check)
    rt_switch_req                            0x0800b49d   Thumb Code    30  rt_task.o(i.rt_switch_req)
    rt_sys_init                              0x0800b4c5   Thumb Code   138  rt_task.o(i.rt_sys_init)
    rt_sys_start                             0x0800b591   Thumb Code   110  rt_task.o(i.rt_sys_start)
    rt_systick                               0x0800b609   Thumb Code    50  rt_system.o(i.rt_systick)
    rt_tsk_create                            0x0800b691   Thumb Code   118  rt_task.o(i.rt_tsk_create)
    rt_tsk_delete                            0x0800b719   Thumb Code   352  rt_task.o(i.rt_tsk_delete)
    rt_tsk_prio                              0x0800b895   Thumb Code   108  rt_task.o(i.rt_tsk_prio)
    rt_tsk_self                              0x0800b911   Thumb Code    12  rt_task.o(i.rt_tsk_self)
    sqrt                                     0x0800b921   Thumb Code   110  sqrt.o(i.sqrt)
    svcDelay                                 0x0800b98f   Thumb Code    18  rt_cmsis.o(i.svcDelay)
    svcKernelInitialize                      0x0800b9a1   Thumb Code    80  rt_cmsis.o(i.svcKernelInitialize)
    svcKernelStart                           0x0800ba11   Thumb Code    62  rt_cmsis.o(i.svcKernelStart)
    svcMessageCreate                         0x0800ba59   Thumb Code    36  rt_cmsis.o(i.svcMessageCreate)
    svcMessageGet                            0x0800ba7d   Thumb Code    58  rt_cmsis.o(i.svcMessageGet)
    svcMutexCreate                           0x0800bab7   Thumb Code    28  rt_cmsis.o(i.svcMutexCreate)
    svcMutexRelease                          0x0800bad3   Thumb Code    34  rt_cmsis.o(i.svcMutexRelease)
    svcMutexWait                             0x0800baf5   Thumb Code    54  rt_cmsis.o(i.svcMutexWait)
    svcSignalSet                             0x0800bb2b   Thumb Code    36  rt_cmsis.o(i.svcSignalSet)
    svcSignalWait                            0x0800bb51   Thumb Code    80  rt_cmsis.o(i.svcSignalWait)
    svcThreadCreate                          0x0800bba5   Thumb Code   100  rt_cmsis.o(i.svcThreadCreate)
    svcThreadGetId                           0x0800bc15   Thumb Code    22  rt_cmsis.o(i.svcThreadGetId)
    svcThreadTerminate                       0x0800bc31   Thumb Code    50  rt_cmsis.o(i.svcThreadTerminate)
    svcTimerCall                             0x0800bc69   Thumb Code    24  rt_cmsis.o(i.svcTimerCall)
    sysTimerTick                             0x0800bc81   Thumb Code    84  rt_cmsis.o(i.sysTimerTick)
    os_thread_def_Thread_TempSensor          0x0800bcdc   Data          16  thread_tempsensor.o(.constdata)
    os_thread_def_Thread_Accelerometer       0x0800bcec   Data          16  thread_accelerometer.o(.constdata)
    maxTemp                                  0x0800bcfc   Data           4  thread_userinterface.o(.constdata)
    col_pinmap                               0x0800bd00   Data           6  thread_userinterface.o(.constdata)
    row_pinmap                               0x0800bd06   Data           8  thread_userinterface.o(.constdata)
    keypad_map                               0x0800bd0e   Data          12  thread_userinterface.o(.constdata)
    os_thread_def_Thread_UserInterface       0x0800bd1c   Data          16  thread_userinterface.o(.constdata)
    os_maxtaskrun                            0x0800bd2c   Data           2  rtx_conf_cm.o(.constdata)
    os_stackinfo                             0x0800bd30   Data           4  rtx_conf_cm.o(.constdata)
    os_rrobin                                0x0800bd34   Data           4  rtx_conf_cm.o(.constdata)
    os_tickfreq                              0x0800bd38   Data           4  rtx_conf_cm.o(.constdata)
    os_tickus_i                              0x0800bd3c   Data           2  rtx_conf_cm.o(.constdata)
    os_tickus_f                              0x0800bd3e   Data           2  rtx_conf_cm.o(.constdata)
    os_trv                                   0x0800bd40   Data           4  rtx_conf_cm.o(.constdata)
    os_flags                                 0x0800bd44   Data           1  rtx_conf_cm.o(.constdata)
    CMSIS_RTOS_API_Version                   0x0800bd48   Data           4  rtx_conf_cm.o(.constdata)
    CMSIS_RTOS_RTX_Version                   0x0800bd4c   Data           4  rtx_conf_cm.o(.constdata)
    os_clockrate                             0x0800bd50   Data           4  rtx_conf_cm.o(.constdata)
    os_timernum                              0x0800bd54   Data           4  rtx_conf_cm.o(.constdata)
    mp_tcb_size                              0x0800bd58   Data           2  rtx_conf_cm.o(.constdata)
    mp_stk_size                              0x0800bd5c   Data           4  rtx_conf_cm.o(.constdata)
    os_stack_sz                              0x0800bd60   Data           4  rtx_conf_cm.o(.constdata)
    os_fifo_size                             0x0800bd64   Data           1  rtx_conf_cm.o(.constdata)
    os_thread_def_osTimerThread              0x0800bd68   Data          16  rtx_conf_cm.o(.constdata)
    os_messageQ_def_osTimerMessageQ          0x0800bd78   Data           8  rtx_conf_cm.o(.constdata)
    mp_tmr_size                              0x0800bd80   Data           2  rtx_conf_cm.o(.constdata)
    APBAHBPrescTable                         0x0800bd8a   Data          16  stm32f4xx_hal_rcc.o(.constdata)
    AHBPrescTable                            0x0800bd9a   Data          16  system_stm32f4xx.o(.constdata)
    Region$$Table$$Base                      0x0800be98   Number         0  anon$$obj.o(Region$$Table)
    Region$$Table$$Limit                     0x0800beb8   Number         0  anon$$obj.o(Region$$Table)
    temperatureMutex                         0x20000000   Data           4  main.o(.data)
    tiltAnglesMutex                          0x20000004   Data           4  main.o(.data)
    tim3_ticks                               0x20000008   Data           1  main.o(.data)
    timingDelay                              0x2000000c   Data           4  main.o(.data)
    temperatureValue                         0x20000010   Data           4  thread_tempsensor.o(.data)
    tid_Thread_TempSensor                    0x20000014   Data           4  thread_tempsensor.o(.data)
    temperatureMutexPtr                      0x20000018   Data           4  thread_tempsensor.o(.data)
    tid_Thread_Accelerometer                 0x2000001c   Data           4  thread_accelerometer.o(.data)
    accel_x                                  0x20000020   Data           4  thread_accelerometer.o(.data)
    accel_y                                  0x20000024   Data           4  thread_accelerometer.o(.data)
    accel_z                                  0x20000028   Data           4  thread_accelerometer.o(.data)
    rollValue                                0x2000002c   Data           4  thread_accelerometer.o(.data)
    pitchValue                               0x20000030   Data           4  thread_accelerometer.o(.data)
    tiltAnglesMutexPtr                       0x20000034   Data           4  thread_accelerometer.o(.data)
    tid_Thread_UserInterface                 0x20000038   Data           4  thread_userinterface.o(.data)
    key_state                                0x2000003c   Data           1  thread_userinterface.o(.data)
    tilt_state                               0x2000003d   Data           1  thread_userinterface.o(.data)
    LIS3DSHTimeout                           0x20000040   Data           4  lis3dsh.o(.data)
    osThreadId_osTimerThread                 0x20000044   Data           4  rtx_conf_cm.o(.data)
    osMessageQId_osTimerMessageQ             0x20000048   Data           4  rtx_conf_cm.o(.data)
    os_tmr                                   0x2000004c   Data           4  rtx_conf_cm.o(.data)
    m_tmr                                    0x20000050   Data           4  rtx_conf_cm.o(.data)
    os_thread_def_main                       0x20000054   Data          16  rtx_conf_cm.o(.data)
    SystemCoreClock                          0x20000068   Data           4  system_stm32f4xx.o(.data)
    os_initialized                           0x2000006c   Data           1  rt_cmsis.o(.data)
    os_running                               0x2000006d   Data           1  rt_cmsis.o(.data)
    os_timer_head                            0x20000070   Data           4  rt_cmsis.o(.data)
    os_time                                  0x20000074   Data           4  rt_time.o(.data)
    os_tsk                                   0x20000078   Data           8  rt_task.o(.data)
    os_tick_irqn                             0x20000084   Data           4  rt_system.o(.data)
    dbg_msg                                  0x20000088   Data           1  hal_cm.o(.data)
    os_robin                                 0x2000008c   Data           8  rt_robin.o(.data)
    __stdout                                 0x20000094   Data           4  stdout.o(.data)
    handle_tim3                              0x2000009c   Data          60  main.o(.bss)
    ADC1_Handle                              0x200000d8   Data          68  thread_tempsensor.o(.bss)
    kalman_temperature                       0x2000011c   Data          20  thread_tempsensor.o(.bss)
    accelerometer_out                        0x20000130   Data          12  thread_accelerometer.o(.bss)
    accel                                    0x2000013c   Data          12  thread_accelerometer.o(.bss)
    kalmanX                                  0x20000148   Data          20  thread_accelerometer.o(.bss)
    kalmanY                                  0x2000015c   Data          20  thread_accelerometer.o(.bss)
    kalmanZ                                  0x20000170   Data          20  thread_accelerometer.o(.bss)
    GPIO_row                                 0x20000184   Data          20  thread_userinterface.o(.bss)
    GPIO_col                                 0x20000198   Data          20  thread_userinterface.o(.bss)
    SpiHandle                                0x200001ac   Data          88  lis3dsh.o(.bss)
    mp_tcb                                   0x20000208   Data         376  rtx_conf_cm.o(.bss)
    mp_stk                                   0x20000380   Data        4816  rtx_conf_cm.o(.bss)
    os_stack_mem                             0x20001650   Data        1256  rtx_conf_cm.o(.bss)
    os_fifo                                  0x20001b38   Data         132  rtx_conf_cm.o(.bss)
    os_active_TCB                            0x20001bbc   Data          28  rtx_conf_cm.o(.bss)
    os_messageQ_q_osTimerMessageQ            0x20001bd8   Data          32  rtx_conf_cm.o(.bss)
    os_idle_TCB                              0x20001bf8   Data          52  rt_task.o(.bss)
    os_rdy                                   0x20001c2c   Data          24  rt_list.o(.bss)
    os_dly                                   0x20001c44   Data          24  rt_list.o(.bss)
    __initial_sp                             0x20002060   Data           0  startup_stm32f407xx.o(STACK)



==============================================================================

Memory Map of the image

  Image Entry point : 0x08000189

  Load Region LR_IROM1 (Base: 0x08000000, Size: 0x0000bf54, Max: 0x00100000, ABSOLUTE)

    Execution Region ER_IROM1 (Base: 0x08000000, Size: 0x0000beb8, Max: 0x00100000, ABSOLUTE)

    Base Addr    Size         Type   Attr      Idx    E Section Name        Object

    0x08000000   0x00000188   Data   RO          770    RESET               startup_stm32f407xx.o
    0x08000188   0x00000000   Code   RO         2065  * .ARM.Collect$$$$00000000  mc_w.l(entry.o)
    0x08000188   0x00000004   Code   RO         2371    .ARM.Collect$$$$00000001  mc_w.l(entry2.o)
    0x0800018c   0x00000004   Code   RO         2374    .ARM.Collect$$$$00000004  mc_w.l(entry5.o)
    0x08000190   0x00000000   Code   RO         2376    .ARM.Collect$$$$00000008  mc_w.l(entry7b.o)
    0x08000190   0x00000000   Code   RO         2378    .ARM.Collect$$$$0000000A  mc_w.l(entry8b.o)
    0x08000190   0x00000000   Code   RO         2379    .ARM.Collect$$$$0000000D  mc_w.l(entry10a.o)
    0x08000190   0x00000000   Code   RO         2381    .ARM.Collect$$$$0000000F  mc_w.l(entry11a.o)
    0x08000190   0x00000018   Code   RO          342    .ARM.Collect$$$$000000FF  rtx_conf_cm.o
    0x080001a8   0x00000004   Code   RO         2372    .ARM.Collect$$$$00002712  mc_w.l(entry2.o)
    0x080001ac   0x00000198   Code   RO         2012    .emb_text           RTX_CM4.lib(hal_cm4.o)
    0x08000344   0x00000200   Code   RO            4    .text               main.o
    0x08000544   0x000001cc   Code   RO          172    .text               thread_tempsensor.o
    0x08000710   0x0000067c   Code   RO          205    .text               thread_accelerometer.o
    0x08000d8c   0x00000c80   Code   RO          238    .text               thread_userinterface.o
    0x08001a0c   0x00000038   Code   RO          286    .text               fput_debug.o
    0x08001a44   0x000005c0   Code   RO          317    .text               lis3dsh.o
    0x08002004   0x00000026   Code   RO          343    .text               rtx_conf_cm.o
    0x0800202a   0x00000002   PAD
    0x0800202c   0x000001b0   Code   RO          377    .text               stm32f4xx_hal.o
    0x080021dc   0x0000099c   Code   RO          403    .text               stm32f4xx_hal_adc.o
    0x08002b78   0x00000720   Code   RO          427    .text               stm32f4xx_hal_adc_ex.o
    0x08003298   0x00000324   Code   RO          451    .text               stm32f4xx_hal_cortex.o
    0x080035bc   0x00000618   Code   RO          479    .text               stm32f4xx_hal_dma.o
    0x08003bd4   0x000003cc   Code   RO          528    .text               stm32f4xx_hal_gpio.o
    0x08003fa0   0x00000a4c   Code   RO          600    .text               stm32f4xx_hal_rcc.o
    0x080049ec   0x00001598   Code   RO          651    .text               stm32f4xx_hal_spi.o
    0x08005f84   0x00002800   Code   RO          675    .text               stm32f4xx_hal_tim.o
    0x08008784   0x00000d88   Code   RO          699    .text               stm32f4xx_hal_tim_ex.o
    0x0800950c   0x00000024   Code   RO          771    .text               startup_stm32f407xx.o
    0x08009530   0x00000120   Code   RO          778    .text               system_stm32f4xx.o
    0x08009650   0x00000024   Code   RO         2070    .text               mc_w.l(memcpya.o)
    0x08009674   0x0000014e   Code   RO         2335    .text               mf_w.l(dadd.o)
    0x080097c2   0x000000e4   Code   RO         2337    .text               mf_w.l(dmul.o)
    0x080098a6   0x000000de   Code   RO         2339    .text               mf_w.l(ddiv.o)
    0x08009984   0x00000026   Code   RO         2341    .text               mf_w.l(f2d.o)
    0x080099aa   0x00000002   PAD
    0x080099ac   0x00000030   Code   RO         2343    .text               mf_w.l(cdrcmple.o)
    0x080099dc   0x00000038   Code   RO         2345    .text               mf_w.l(d2f.o)
    0x08009a14   0x0000002c   Code   RO         2384    .text               mc_w.l(uidiv.o)
    0x08009a40   0x0000001e   Code   RO         2386    .text               mc_w.l(llshl.o)
    0x08009a5e   0x00000020   Code   RO         2388    .text               mc_w.l(llushr.o)
    0x08009a7e   0x00000024   Code   RO         2390    .text               mc_w.l(llsshr.o)
    0x08009aa2   0x00000000   Code   RO         2399    .text               mc_w.l(iusefp.o)
    0x08009aa2   0x0000006e   Code   RO         2400    .text               mf_w.l(fepilogue.o)
    0x08009b10   0x000000ba   Code   RO         2402    .text               mf_w.l(depilogue.o)
    0x08009bca   0x000000a2   Code   RO         2406    .text               mf_w.l(dsqrt.o)
    0x08009c6c   0x00000024   Code   RO         2412    .text               mc_w.l(init.o)
    0x08009c90   0x00000004   Code   RO         2022    SVC_TABLE           RTX_CM4.lib(svc_table.o)
    0x08009c94   0x00000086   Code   RO          311    fn                  kalmanfilter_asm.o
    0x08009d1a   0x00000002   PAD
    0x08009d1c   0x00000020   Code   RO         2119    i.__0printf$1       mc_w.l(printf1.o)
    0x08009d3c   0x00000030   Code   RO         2367    i.__ARM_fpclassify  m_wm.l(fpclassify.o)
    0x08009d6c   0x00000004   PAD
    0x08009d70   0x00000358   Code   RO         2025    i.__hardfp_acos     m_wm.l(acos.o)
    0x0800a0c8   0x000002d8   Code   RO         2039    i.__hardfp_atan     m_wm.l(atan.o)
    0x0800a3a0   0x0000007a   Code   RO         2053    i.__hardfp_sqrt     m_wm.l(sqrt.o)
    0x0800a41a   0x000000f8   Code   RO         2369    i.__kernel_poly     m_wm.l(poly.o)
    0x0800a512   0x00000014   Code   RO         2348    i.__mathlib_dbl_infnan  m_wm.l(dunder.o)
    0x0800a526   0x00000002   PAD
    0x0800a528   0x00000020   Code   RO         2350    i.__mathlib_dbl_invalid  m_wm.l(dunder.o)
    0x0800a548   0x00000020   Code   RO         2353    i.__mathlib_dbl_underflow  m_wm.l(dunder.o)
    0x0800a568   0x0000000e   Code   RO         2416    i.__scatterload_copy  mc_w.l(handlers.o)
    0x0800a576   0x00000002   Code   RO         2417    i.__scatterload_null  mc_w.l(handlers.o)
    0x0800a578   0x0000000e   Code   RO         2418    i.__scatterload_zeroinit  mc_w.l(handlers.o)
    0x0800a586   0x00000002   PAD
    0x0800a588   0x0000000c   Code   RO         2394    i.__set_errno       mc_w.l(errno.o)
    0x0800a594   0x00000046   Code   RO         1885    i._init_box         RTX_CM4.lib(rt_membox.o)
    0x0800a5da   0x00000002   PAD
    0x0800a5dc   0x00000154   Code   RO         2126    i._printf_core      mc_w.l(printf1.o)
    0x0800a730   0x00000030   Code   RO         1938    i.dbg_init          RTX_CM4.lib(hal_cm.o)
    0x0800a760   0x00000020   Code   RO         1939    i.dbg_task_notify   RTX_CM4.lib(hal_cm.o)
    0x0800a780   0x00000010   Code   RO         1940    i.dbg_task_switch   RTX_CM4.lib(hal_cm.o)
    0x0800a790   0x00000018   Code   RO         2363    i.fabs              m_wm.l(fabs.o)
    0x0800a7a8   0x0000002a   Code   RO          809    i.isrMessageGet     RTX_CM4.lib(rt_cmsis.o)
    0x0800a7d2   0x0000002c   Code   RO          810    i.isrMessagePut     RTX_CM4.lib(rt_cmsis.o)
    0x0800a7fe   0x00000024   Code   RO          812    i.isrSignalSet      RTX_CM4.lib(rt_cmsis.o)
    0x0800a822   0x00000002   PAD
    0x0800a824   0x00000028   Code   RO         1642    i.isr_evt_set       RTX_CM4.lib(rt_event.o)
    0x0800a84c   0x00000052   Code   RO         1764    i.isr_mbx_receive   RTX_CM4.lib(rt_mailbox.o)
    0x0800a89e   0x0000000e   Code   RO         1765    i.isr_mbx_send      RTX_CM4.lib(rt_mailbox.o)
    0x0800a8ac   0x00000018   Code   RO          813    i.osDelay           RTX_CM4.lib(rt_cmsis.o)
    0x0800a8c4   0x00000024   Code   RO          814    i.osKernelInitialize  RTX_CM4.lib(rt_cmsis.o)
    0x0800a8e8   0x0000006c   Code   RO          816    i.osKernelStart     RTX_CM4.lib(rt_cmsis.o)
    0x0800a954   0x00000018   Code   RO          825    i.osMessageGet      RTX_CM4.lib(rt_cmsis.o)
    0x0800a96c   0x00000030   Code   RO          827    i.osMutexCreate     RTX_CM4.lib(rt_cmsis.o)
    0x0800a99c   0x00000018   Code   RO          829    i.osMutexRelease    RTX_CM4.lib(rt_cmsis.o)
    0x0800a9b4   0x00000018   Code   RO          830    i.osMutexWait       RTX_CM4.lib(rt_cmsis.o)
    0x0800a9cc   0x00000018   Code   RO          840    i.osSignalSet       RTX_CM4.lib(rt_cmsis.o)
    0x0800a9e4   0x00000018   Code   RO          841    i.osSignalWait      RTX_CM4.lib(rt_cmsis.o)
    0x0800a9fc   0x00000030   Code   RO          842    i.osThreadCreate    RTX_CM4.lib(rt_cmsis.o)
    0x0800aa2c   0x00000018   Code   RO          843    i.osThreadExit      RTX_CM4.lib(rt_cmsis.o)
    0x0800aa44   0x0000000c   Code   RO          849    i.osTimerCall       RTX_CM4.lib(rt_cmsis.o)
    0x0800aa50   0x0000002c   Code   RO          854    i.osTimerThread     RTX_CM4.lib(rt_cmsis.o)
    0x0800aa7c   0x00000028   Code   RO         1552    i.os_tick_init      RTX_CM4.lib(rt_system.o)
    0x0800aaa4   0x00000002   Code   RO         1553    i.os_tick_irqack    RTX_CM4.lib(rt_system.o)
    0x0800aaa6   0x0000001a   Code   RO         1886    i.rt_alloc_box      RTX_CM4.lib(rt_membox.o)
    0x0800aac0   0x0000003e   Code   RO         1914    i.rt_alloc_mem      RTX_CM4.lib(rt_memory.o)
    0x0800aafe   0x00000002   PAD
    0x0800ab00   0x00000038   Code   RO         1467    i.rt_block          RTX_CM4.lib(rt_task.o)
    0x0800ab38   0x00000048   Code   RO         1991    i.rt_chk_robin      RTX_CM4.lib(rt_robin.o)
    0x0800ab80   0x00000070   Code   RO         1688    i.rt_dec_dly        RTX_CM4.lib(rt_list.o)
    0x0800abf0   0x00000044   Code   RO         1468    i.rt_dispatch       RTX_CM4.lib(rt_task.o)
    0x0800ac34   0x00000006   Code   RO         1434    i.rt_dly_wait       RTX_CM4.lib(rt_time.o)
    0x0800ac3a   0x00000002   PAD
    0x0800ac3c   0x00000050   Code   RO         1645    i.rt_evt_psh        RTX_CM4.lib(rt_event.o)
    0x0800ac8c   0x0000005c   Code   RO         1646    i.rt_evt_set        RTX_CM4.lib(rt_event.o)
    0x0800ace8   0x0000003c   Code   RO         1647    i.rt_evt_wait       RTX_CM4.lib(rt_event.o)
    0x0800ad24   0x0000002c   Code   RO         1887    i.rt_free_box       RTX_CM4.lib(rt_membox.o)
    0x0800ad50   0x00000028   Code   RO         1915    i.rt_free_mem       RTX_CM4.lib(rt_memory.o)
    0x0800ad78   0x00000028   Code   RO         1689    i.rt_get_first      RTX_CM4.lib(rt_list.o)
    0x0800ada0   0x00000008   Code   RO          859    i.rt_id2obj         RTX_CM4.lib(rt_cmsis.o)
    0x0800ada8   0x00000048   Code   RO         1469    i.rt_init_context   RTX_CM4.lib(rt_task.o)
    0x0800adf0   0x0000001a   Code   RO         1916    i.rt_init_mem       RTX_CM4.lib(rt_memory.o)
    0x0800ae0a   0x00000002   PAD
    0x0800ae0c   0x00000018   Code   RO         1992    i.rt_init_robin     RTX_CM4.lib(rt_robin.o)
    0x0800ae24   0x00000080   Code   RO         1941    i.rt_init_stack     RTX_CM4.lib(hal_cm.o)
    0x0800aea4   0x00000008   Code   RO         1766    i.rt_mbx_check      RTX_CM4.lib(rt_mailbox.o)
    0x0800aeac   0x0000001a   Code   RO         1767    i.rt_mbx_init       RTX_CM4.lib(rt_mailbox.o)
    0x0800aec6   0x00000002   PAD
    0x0800aec8   0x000000f0   Code   RO         1768    i.rt_mbx_psh        RTX_CM4.lib(rt_mailbox.o)
    0x0800afb8   0x000000b4   Code   RO         1770    i.rt_mbx_wait       RTX_CM4.lib(rt_mailbox.o)
    0x0800b06c   0x00000044   Code   RO          860    i.rt_ms2tick        RTX_CM4.lib(rt_cmsis.o)
    0x0800b0b0   0x00000010   Code   RO         1855    i.rt_mut_init       RTX_CM4.lib(rt_mutex.o)
    0x0800b0c0   0x000000d8   Code   RO         1856    i.rt_mut_release    RTX_CM4.lib(rt_mutex.o)
    0x0800b198   0x00000068   Code   RO         1857    i.rt_mut_wait       RTX_CM4.lib(rt_mutex.o)
    0x0800b200   0x0000007c   Code   RO         1556    i.rt_pop_req        RTX_CM4.lib(rt_system.o)
    0x0800b27c   0x00000020   Code   RO         1557    i.rt_psh_req        RTX_CM4.lib(rt_system.o)
    0x0800b29c   0x0000005c   Code   RO         1691    i.rt_psq_enq        RTX_CM4.lib(rt_list.o)
    0x0800b2f8   0x00000048   Code   RO         1692    i.rt_put_dly        RTX_CM4.lib(rt_list.o)
    0x0800b340   0x00000036   Code   RO         1693    i.rt_put_prio       RTX_CM4.lib(rt_list.o)
    0x0800b376   0x00000002   PAD
    0x0800b378   0x00000014   Code   RO         1694    i.rt_put_rdy_first  RTX_CM4.lib(rt_list.o)
    0x0800b38c   0x00000034   Code   RO         1695    i.rt_resort_prio    RTX_CM4.lib(rt_list.o)
    0x0800b3c0   0x00000010   Code   RO         1942    i.rt_ret_regs       RTX_CM4.lib(hal_cm.o)
    0x0800b3d0   0x0000000c   Code   RO         1943    i.rt_ret_val        RTX_CM4.lib(hal_cm.o)
    0x0800b3dc   0x00000010   Code   RO         1944    i.rt_ret_val2       RTX_CM4.lib(hal_cm.o)
    0x0800b3ec   0x00000028   Code   RO         1696    i.rt_rmv_dly        RTX_CM4.lib(rt_list.o)
    0x0800b414   0x00000030   Code   RO         1697    i.rt_rmv_list       RTX_CM4.lib(rt_list.o)
    0x0800b444   0x00000034   Code   RO         1815    i.rt_sem_psh        RTX_CM4.lib(rt_semaphore.o)
    0x0800b478   0x00000024   Code   RO         1559    i.rt_stk_check      RTX_CM4.lib(rt_system.o)
    0x0800b49c   0x00000028   Code   RO         1470    i.rt_switch_req     RTX_CM4.lib(rt_task.o)
    0x0800b4c4   0x000000cc   Code   RO         1471    i.rt_sys_init       RTX_CM4.lib(rt_task.o)
    0x0800b590   0x00000078   Code   RO         1472    i.rt_sys_start      RTX_CM4.lib(rt_task.o)
    0x0800b608   0x00000040   Code   RO         1561    i.rt_systick        RTX_CM4.lib(rt_system.o)
    0x0800b648   0x00000012   Code   RO          861    i.rt_tid2ptcb       RTX_CM4.lib(rt_cmsis.o)
    0x0800b65a   0x00000002   PAD
    0x0800b65c   0x00000034   Code   RO          862    i.rt_timer_insert   RTX_CM4.lib(rt_cmsis.o)
    0x0800b690   0x00000088   Code   RO         1473    i.rt_tsk_create     RTX_CM4.lib(rt_task.o)
    0x0800b718   0x0000017c   Code   RO         1474    i.rt_tsk_delete     RTX_CM4.lib(rt_task.o)
    0x0800b894   0x0000007c   Code   RO         1476    i.rt_tsk_prio       RTX_CM4.lib(rt_task.o)
    0x0800b910   0x00000010   Code   RO         1477    i.rt_tsk_self       RTX_CM4.lib(rt_task.o)
    0x0800b920   0x0000006e   Code   RO         2055    i.sqrt              m_wm.l(sqrt.o)
    0x0800b98e   0x00000012   Code   RO          864    i.svcDelay          RTX_CM4.lib(rt_cmsis.o)
    0x0800b9a0   0x00000070   Code   RO          865    i.svcKernelInitialize  RTX_CM4.lib(rt_cmsis.o)
    0x0800ba10   0x00000048   Code   RO          867    i.svcKernelStart    RTX_CM4.lib(rt_cmsis.o)
    0x0800ba58   0x00000024   Code   RO          870    i.svcMessageCreate  RTX_CM4.lib(rt_cmsis.o)
    0x0800ba7c   0x0000003a   Code   RO          871    i.svcMessageGet     RTX_CM4.lib(rt_cmsis.o)
    0x0800bab6   0x0000001c   Code   RO          873    i.svcMutexCreate    RTX_CM4.lib(rt_cmsis.o)
    0x0800bad2   0x00000022   Code   RO          875    i.svcMutexRelease   RTX_CM4.lib(rt_cmsis.o)
    0x0800baf4   0x00000036   Code   RO          876    i.svcMutexWait      RTX_CM4.lib(rt_cmsis.o)
    0x0800bb2a   0x00000024   Code   RO          883    i.svcSignalSet      RTX_CM4.lib(rt_cmsis.o)
    0x0800bb4e   0x00000002   PAD
    0x0800bb50   0x00000054   Code   RO          884    i.svcSignalWait     RTX_CM4.lib(rt_cmsis.o)
    0x0800bba4   0x00000070   Code   RO          885    i.svcThreadCreate   RTX_CM4.lib(rt_cmsis.o)
    0x0800bc14   0x0000001c   Code   RO          886    i.svcThreadGetId    RTX_CM4.lib(rt_cmsis.o)
    0x0800bc30   0x00000038   Code   RO          889    i.svcThreadTerminate  RTX_CM4.lib(rt_cmsis.o)
    0x0800bc68   0x00000018   Code   RO          891    i.svcTimerCall      RTX_CM4.lib(rt_cmsis.o)
    0x0800bc80   0x0000005c   Code   RO          900    i.sysTimerTick      RTX_CM4.lib(rt_cmsis.o)
    0x0800bcdc   0x00000010   Data   RO          174    .constdata          thread_tempsensor.o
    0x0800bcec   0x00000010   Data   RO          207    .constdata          thread_accelerometer.o
    0x0800bcfc   0x00000030   Data   RO          240    .constdata          thread_userinterface.o
    0x0800bd2c   0x00000056   Data   RO          345    .constdata          rtx_conf_cm.o
    0x0800bd82   0x00000008   Data   RO          480    .constdata          stm32f4xx_hal_dma.o
    0x0800bd8a   0x00000010   Data   RO          601    .constdata          stm32f4xx_hal_rcc.o
    0x0800bd9a   0x00000010   Data   RO          779    .constdata          system_stm32f4xx.o
    0x0800bdaa   0x00000006   PAD
    0x0800bdb0   0x00000050   Data   RO         2028    .constdata          m_wm.l(acos.o)
    0x0800be00   0x00000098   Data   RO         2042    .constdata          m_wm.l(atan.o)
    0x0800be98   0x00000020   Data   RO         2414    Region$$Table       anon$$obj.o


    Execution Region RW_IRAM1 (Base: 0x20000000, Size: 0x00002060, Max: 0x00020000, ABSOLUTE)

    Base Addr    Size         Type   Attr      Idx    E Section Name        Object

    0x20000000   0x00000010   Data   RW            6    .data               main.o
    0x20000010   0x0000000c   Data   RW          175    .data               thread_tempsensor.o
    0x2000001c   0x0000001c   Data   RW          208    .data               thread_accelerometer.o
    0x20000038   0x00000006   Data   RW          241    .data               thread_userinterface.o
    0x2000003e   0x00000002   PAD
    0x20000040   0x00000004   Data   RW          319    .data               lis3dsh.o
    0x20000044   0x00000020   Data   RW          346    .data               rtx_conf_cm.o
    0x20000064   0x00000004   Data   RW          378    .data               stm32f4xx_hal.o
    0x20000068   0x00000004   Data   RW          780    .data               system_stm32f4xx.o
    0x2000006c   0x00000008   Data   RW          903    .data               RTX_CM4.lib(rt_cmsis.o)
    0x20000074   0x00000004   Data   RW         1438    .data               RTX_CM4.lib(rt_time.o)
    0x20000078   0x00000008   Data   RW         1479    .data               RTX_CM4.lib(rt_task.o)
    0x20000080   0x00000008   Data   RW         1564    .data               RTX_CM4.lib(rt_system.o)
    0x20000088   0x00000001   Data   RW         1945    .data               RTX_CM4.lib(hal_cm.o)
    0x20000089   0x00000003   PAD
    0x2000008c   0x00000008   Data   RW         1993    .data               RTX_CM4.lib(rt_robin.o)
    0x20000094   0x00000004   Data   RW         2383    .data               mc_w.l(stdout.o)
    0x20000098   0x00000004   Data   RW         2395    .data               mc_w.l(errno.o)
    0x2000009c   0x0000003c   Zero   RW            5    .bss                main.o
    0x200000d8   0x00000058   Zero   RW          173    .bss                thread_tempsensor.o
    0x20000130   0x00000054   Zero   RW          206    .bss                thread_accelerometer.o
    0x20000184   0x00000028   Zero   RW          239    .bss                thread_userinterface.o
    0x200001ac   0x00000058   Zero   RW          318    .bss                lis3dsh.o
    0x20000204   0x00000004   PAD
    0x20000208   0x000019f0   Zero   RW          344    .bss                rtx_conf_cm.o
    0x20001bf8   0x00000034   Zero   RW         1478    .bss                RTX_CM4.lib(rt_task.o)
    0x20001c2c   0x00000030   Zero   RW         1698    .bss                RTX_CM4.lib(rt_list.o)
    0x20001c5c   0x00000004   PAD
    0x20001c60   0x00000400   Zero   RW          768    STACK               startup_stm32f407xx.o


==============================================================================

Image component sizes


      Code (inc. data)   RO Data    RW Data    ZI Data      Debug   Object Name

        56          4          0          0          0      27323   fput_debug.o
       134          0          0          0          0        292   kalmanfilter_asm.o
      1472        120          0          4         88       4925   lis3dsh.o
       512         60          0         16         60     406376   main.o
        62          6         86         32       6640       7378   rtx_conf_cm.o
        36          8        392          0       1024        856   startup_stm32f407xx.o
       432         26          0          4          0       4990   stm32f4xx_hal.o
      2460         70          0          0          0       7575   stm32f4xx_hal_adc.o
      1824         40          0          0          0       5694   stm32f4xx_hal_adc_ex.o
       804         20          0          0          0      32311   stm32f4xx_hal_cortex.o
      1560         16          8          0          0       5016   stm32f4xx_hal_dma.o
       972         50          0          0          0       3835   stm32f4xx_hal_gpio.o
      2636         66         16          0          0       5742   stm32f4xx_hal_rcc.o
      5528         54          0          0          0      13284   stm32f4xx_hal_spi.o
     10240        152          0          0          0      31026   stm32f4xx_hal_tim.o
      3464         26          0          0          0      11826   stm32f4xx_hal_tim_ex.o
       288         32         16          4          0       1627   system_stm32f4xx.o
      1660        256         16         28         84       4652   thread_accelerometer.o
       460        126         16         12         88       3024   thread_tempsensor.o
      3200        194         48          6         40       5762   thread_userinterface.o

    ----------------------------------------------------------------------
     37804       1326        636        108       8028     583514   Object Totals
         0          0         32          0          0          0   (incl. Generated)
         4          0          6          2          4          0   (incl. Padding)

    ----------------------------------------------------------------------

      Code (inc. data)   RO Data    RW Data    ZI Data      Debug   Library Member Name

       268         24          0          1          0       4452   hal_cm.o
       408         34          0          0          0        816   hal_cm4.o
      1576        184          0          8          0      42586   rt_cmsis.o
       272         18          0          0          0       2810   rt_event.o
       530         34          0          0         48       8597   rt_list.o
       550         10          0          0          0       4185   rt_mailbox.o
       140          0          0          0          0       2045   rt_membox.o
       128          0          0          0          0       2419   rt_memory.o
       336         12          0          0          0       2201   rt_mutex.o
        96         22          0          8          0       1230   rt_robin.o
        52          4          0          0          0        613   rt_semaphore.o
       298         52          0          8          0       6439   rt_system.o
      1216        174          0          8         52      10025   rt_task.o
         6          0          0          4          0        684   rt_time.o
         4          4          0          0          0        200   svc_table.o
       856        118         80          0          0        288   acos.o
       728        106        152          0          0        228   atan.o
        84         16          0          0          0        372   dunder.o
        24          0          0          0          0        124   fabs.o
        48          0          0          0          0        124   fpclassify.o
       248          0          0          0          0        152   poly.o
       232          0          0          0          0        296   sqrt.o
         0          0          0          0          0          0   entry.o
         0          0          0          0          0          0   entry10a.o
         0          0          0          0          0          0   entry11a.o
         8          4          0          0          0          0   entry2.o
         4          0          0          0          0          0   entry5.o
         0          0          0          0          0          0   entry7b.o
         0          0          0          0          0          0   entry8b.o
        12          6          0          4          0         68   errno.o
        30          0          0          0          0          0   handlers.o
        36          8          0          0          0         68   init.o
         0          0          0          0          0          0   iusefp.o
        30          0          0          0          0         68   llshl.o
        36          0          0          0          0         68   llsshr.o
        32          0          0          0          0         68   llushr.o
        36          0          0          0          0         68   memcpya.o
       372         14          0          0          0        184   printf1.o
         0          0          0          4          0          0   stdout.o
        44          0          0          0          0         80   uidiv.o
        48          0          0          0          0         68   cdrcmple.o
        56          0          0          0          0         88   d2f.o
       334          0          0          0          0        148   dadd.o
       222          0          0          0          0        100   ddiv.o
       186          0          0          0          0        176   depilogue.o
       228          0          0          0          0         96   dmul.o
       162          0          0          0          0        100   dsqrt.o
        38          0          0          0          0         68   f2d.o
       110          0          0          0          0        168   fepilogue.o

    ----------------------------------------------------------------------
     10152        844        232         48        104      92570   Library Totals
        28          0          0          3          4          0   (incl. Padding)

    ----------------------------------------------------------------------

      Code (inc. data)   RO Data    RW Data    ZI Data      Debug   Library Name

      5880        572          0         37        100      89302   RTX_CM4.lib
      2220        240        232          0          0       1584   m_wm.l
       640         32          0          8          0        672   mc_w.l
      1384          0          0          0          0       1012   mf_w.l

    ----------------------------------------------------------------------
     10152        844        232         48        104      92570   Library Totals

    ----------------------------------------------------------------------

==============================================================================


      Code (inc. data)   RO Data    RW Data    ZI Data      Debug   

     47956       2170        868        156       8132     661208   Grand Totals
     47956       2170        868        156       8132     661208   ELF Image Totals
     47956       2170        868        156          0          0   ROM Totals

==============================================================================

    Total RO  Size (Code + RO Data)                48824 (  47.68kB)
    Total RW  Size (RW Data + ZI Data)              8288 (   8.09kB)
    Total ROM Size (Code + RO Data + RW Data)      48980 (  47.83kB)

==============================================================================

